Archive member included because of file (symbol)

.\CortexM0\ARM_GCC_493\Debug\TransferByte.a(cyfitter_cfg.o)
                              .\CortexM0\ARM_GCC_493\Debug\Cm0Start.o (cyfitter_cfg)
.\CortexM0\ARM_GCC_493\Debug\TransferByte.a(BLE_1.o)
                              .\CortexM0\ARM_GCC_493\Debug\main.o (CyBle_Start)
.\CortexM0\ARM_GCC_493\Debug\TransferByte.a(BLE_1_gatt.o)
                              .\CortexM0\ARM_GCC_493\Debug\TransferByte.a(BLE_1.o) (cyBle_state)
.\CortexM0\ARM_GCC_493\Debug\TransferByte.a(BLE_1_eventHandler.o)
                              .\CortexM0\ARM_GCC_493\Debug\TransferByte.a(BLE_1.o) (cyBle_connHandle)
.\CortexM0\ARM_GCC_493\Debug\TransferByte.a(BLE_1_custom.o)
                              .\CortexM0\ARM_GCC_493\Debug\TransferByte.a(BLE_1.o) (CyBle_CustomInit)
.\CortexM0\ARM_GCC_493\Debug\TransferByte.a(CyBootAsmGnu.o)
                              .\CortexM0\ARM_GCC_493\Debug\TransferByte.a(cyfitter_cfg.o) (CyDelayCycles)
.\CortexM0\ARM_GCC_493\Debug\TransferByte.a(CyLib.o)
                              .\CortexM0\ARM_GCC_493\Debug\TransferByte.a(cyfitter_cfg.o) (CySysClkWriteImoFreq)
.\CortexM0\ARM_GCC_493\Debug\TransferByte.a(CyLFClk.o)
                              .\CortexM0\ARM_GCC_493\Debug\TransferByte.a(cyfitter_cfg.o) (CySysClkWcoStart)
C:\Program Files (x86)\Cypress\PSoC Creator\3.3\PSoC Creator\psoc\content\cycomponentlibrary\CyComponentLibrary.cylib\BLE_v2_30\Library\gccCyBLEStack_BLE_SOC_PERIPHERAL.a(CyBle.o)
                              .\CortexM0\ARM_GCC_493\Debug\main.o (CyBle_ProcessEvents)
C:\Program Files (x86)\Cypress\PSoC Creator\3.3\PSoC Creator\psoc\content\cycomponentlibrary\CyComponentLibrary.cylib\BLE_v2_30\Library\gccCyBLEStack_BLE_SOC_PERIPHERAL.a(CyBleStackMgrIP_Interface.o)
                              C:\Program Files (x86)\Cypress\PSoC Creator\3.3\PSoC Creator\psoc\content\cycomponentlibrary\CyComponentLibrary.cylib\BLE_v2_30\Library\gccCyBLEStack_BLE_SOC_PERIPHERAL.a(CyBle.o) (CyBleStackMgr_Init)
C:\Program Files (x86)\Cypress\PSoC Creator\3.3\PSoC Creator\psoc\content\cycomponentlibrary\CyComponentLibrary.cylib\BLE_v2_30\Library\gccCyBLEStack_BLE_SOC_PERIPHERAL.a(BT_os.o)
                              C:\Program Files (x86)\Cypress\PSoC Creator\3.3\PSoC Creator\psoc\content\cycomponentlibrary\CyComponentLibrary.cylib\BLE_v2_30\Library\gccCyBLEStack_BLE_SOC_PERIPHERAL.a(CyBleStackMgrIP_Interface.o) (cyBleStackMemoryConfig)
C:\Program Files (x86)\Cypress\PSoC Creator\3.3\PSoC Creator\psoc\content\cycomponentlibrary\CyComponentLibrary.cylib\BLE_v2_30\Library\gccCyBLEStack_BLE_SOC_PERIPHERAL.a(CyBleStackMgr_StackTaskHandler.o)
                              C:\Program Files (x86)\Cypress\PSoC Creator\3.3\PSoC Creator\psoc\content\cycomponentlibrary\CyComponentLibrary.cylib\BLE_v2_30\Library\gccCyBLEStack_BLE_SOC_PERIPHERAL.a(CyBleStackMgrIP_Interface.o) (CyBle_CreateBleStackTask)
C:\Program Files (x86)\Cypress\PSoC Creator\3.3\PSoC Creator\psoc\content\cycomponentlibrary\CyComponentLibrary.cylib\BLE_v2_30\Library\gccCyBLEStack_BLE_SOC_PERIPHERAL.a(transport_sf.o)
                              C:\Program Files (x86)\Cypress\PSoC Creator\3.3\PSoC Creator\psoc\content\cycomponentlibrary\CyComponentLibrary.cylib\BLE_v2_30\Library\gccCyBLEStack_BLE_SOC_PERIPHERAL.a(CyBleStackMgr_StackTaskHandler.o) (hci_soft_transport_notify_data_received)
C:\Program Files (x86)\Cypress\PSoC Creator\3.3\PSoC Creator\psoc\content\cycomponentlibrary\CyComponentLibrary.cylib\BLE_v2_30\Library\gccCyBLEStack_BLE_SOC_PERIPHERAL.a(CyBleStackMgr_PSoCHal.o)
                              C:\Program Files (x86)\Cypress\PSoC Creator\3.3\PSoC Creator\psoc\content\cycomponentlibrary\CyComponentLibrary.cylib\BLE_v2_30\Library\gccCyBLEStack_BLE_SOC_PERIPHERAL.a(CyBleStackMgrIP_Interface.o) (CyBleStackMgr_HalInit)
C:\Program Files (x86)\Cypress\PSoC Creator\3.3\PSoC Creator\psoc\content\cycomponentlibrary\CyComponentLibrary.cylib\BLE_v2_30\Library\gccCyBLEStack_BLE_SOC_PERIPHERAL.a(CyBleStackMgr_BleSSDriver.o)
                              C:\Program Files (x86)\Cypress\PSoC Creator\3.3\PSoC Creator\psoc\content\cycomponentlibrary\CyComponentLibrary.cylib\BLE_v2_30\Library\gccCyBLEStack_BLE_SOC_PERIPHERAL.a(CyBleStackMgrIP_Interface.o) (CyBleStackMgr_BleSSInit)
C:\Program Files (x86)\Cypress\PSoC Creator\3.3\PSoC Creator\psoc\content\cycomponentlibrary\CyComponentLibrary.cylib\BLE_v2_30\Library\gccCyBLEStack_BLE_SOC_PERIPHERAL.a(config_bin.o)
                              C:\Program Files (x86)\Cypress\PSoC Creator\3.3\PSoC Creator\psoc\content\cycomponentlibrary\CyComponentLibrary.cylib\BLE_v2_30\Library\gccCyBLEStack_BLE_SOC_PERIPHERAL.a(CyBleStackMgr_PSoCHal.o) (bt_cfg_pdata)
C:\Program Files (x86)\Cypress\PSoC Creator\3.3\PSoC Creator\psoc\content\cycomponentlibrary\CyComponentLibrary.cylib\BLE_v2_30\Library\gccCyBLEStack_BLE_SOC_PERIPHERAL.a(storage_pl.o)
[...]
Memory Configuration

Name             Origin             Length             Attributes
rom              0x00000000         0x00020000         xr
ram              0x20000000         0x00004000         xrw
*default*        0x00000000         0xffffffff

Linker script and memory map

LOAD c:/program files (x86)/cypress/psoc creator/3.3/psoc creator/import/gnu/arm/4.9.3/bin/../lib/gcc/arm-none-eabi/4.9.3/armv6-m/crti.o
LOAD c:/program files (x86)/cypress/psoc creator/3.3/psoc creator/import/gnu/arm/4.9.3/bin/../lib/gcc/arm-none-eabi/4.9.3/armv6-m/crtbegin.o
LOAD c:/program files (x86)/cypress/psoc creator/3.3/psoc creator/import/gnu/arm/4.9.3/bin/../lib/gcc/arm-none-eabi/4.9.3/../../../../arm-none-eabi/lib/armv6-m/crt0.o
START GROUP
LOAD .\CortexM0\ARM_GCC_493\Debug\main.o
LOAD .\CortexM0\ARM_GCC_493\Debug\generic.o
LOAD .\CortexM0\ARM_GCC_493\Debug\cymetadata.o
LOAD .\CortexM0\ARM_GCC_493\Debug\Cm0Start.o
LOAD .\CortexM0\ARM_GCC_493\Debug\TransferByte.a
LOAD C:\Program Files (x86)\Cypress\PSoC Creator\3.3\PSoC Creator\psoc\content\cycomponentlibrary\CyComponentLibrary.cylib\BLE_v2_30\Library\gccCyBLEStack_BLE_SOC_PERIPHERAL.a
LOAD C:\Program Files (x86)\Cypress\PSoC Creator\3.3\PSoC Creator\psoc\content\cycomponentlibrary\CyComponentLibrary.cylib\CortexM0\ARM_GCC_493\Debug\CyComponentLibrary.a
END GROUP
START GROUP
LOAD c:/program files (x86)/cypress/psoc creator/3.3/psoc creator/import/gnu/arm/4.9.3/bin/../lib/gcc/arm-none-eabi/4.9.3/armv6-m\libgcc.a
LOAD c:/program files (x86)/cypress/psoc creator/3.3/psoc creator/import/gnu/arm/4.9.3/bin/../lib/gcc/arm-none-eabi/4.9.3/../../../../arm-none-eabi/lib/armv6-m\libg_nano.a
LOAD c:/program files (x86)/cypress/psoc creator/3.3/psoc creator/import/gnu/arm/4.9.3/bin/../lib/gcc/arm-none-eabi/4.9.3/../../../../arm-none-eabi/lib/armv6-m\libc_nano.a
END GROUP
START GROUP
LOAD c:/program files (x86)/cypress/psoc creator/3.3/psoc creator/import/gnu/arm/4.9.3/bin/../lib/gcc/arm-none-eabi/4.9.3/armv6-m\libgcc.a
LOAD c:/program files (x86)/cypress/psoc creator/3.3/psoc creator/import/gnu/arm/4.9.3/bin/../lib/gcc/arm-none-eabi/4.9.3/../../../../arm-none-eabi/lib/armv6-m\libc_nano.a
END GROUP
LOAD c:/program files (x86)/cypress/psoc creator/3.3/psoc creator/import/gnu/arm/4.9.3/bin/../lib/gcc/arm-none-eabi/4.9.3/armv6-m/crtend.o
LOAD c:/program files (x86)/cypress/psoc creator/3.3/psoc creator/import/gnu/arm/4.9.3/bin/../lib/gcc/arm-none-eabi/4.9.3/armv6-m/crtn.o
START GROUP
LOAD c:/program files (x86)/cypress/psoc creator/3.3/psoc creator/import/gnu/arm/4.9.3/bin/../lib/gcc/arm-none-eabi/4.9.3/armv6-m\libgcc.a
LOAD c:/program files (x86)/cypress/psoc creator/3.3/psoc creator/import/gnu/arm/4.9.3/bin/../lib/gcc/arm-none-eabi/4.9.3/../../../../arm-none-eabi/lib/armv6-m\libc.a
LOAD c:/program files (x86)/cypress/psoc creator/3.3/psoc creator/import/gnu/arm/4.9.3/bin/../lib/gcc/arm-none-eabi/4.9.3/../../../../arm-none-eabi/lib/armv6-m\libnosys.a
END GROUP
                0x00000000                CY_APPL_ORIGIN = 0x0
                0x00000080                CY_FLASH_ROW_SIZE = 0x80
                0x00000001                CY_APPL_NUM = 0x1
                0x00000001                CY_APPL_MAX = 0x1
                0x00000040                CY_METADATA_SIZE = 0x40
                0x00000000                CY_APPL_LOADABLE = 0x0
                0x00000000                CY_CHECKSUM_EXCLUDE_SIZE = ALIGN (0x0, CY_FLASH_ROW_SIZE)
                0x00000000                CY_APP_FOR_STACK_AND_COPIER = 0x0
                0x20001de0                PROVIDE (__cy_heap_start, _end)
                0x00000001                PROVIDE (__cy_region_num, ((__cy_regions_end - __cy_regions) / 0x10))
                0x20004000                PROVIDE (__cy_stack, (ORIGIN (ram) + 0x4000))
                0x20003800                PROVIDE (__cy_heap_end, (__cy_stack - 0x800))

.cybootloader   0x00000000        0x0
 *(.cybootloader)
                0x00000000                appl1_start = CY_APPL_ORIGIN?CY_APPL_ORIGIN:ALIGN (CY_FLASH_ROW_SIZE)
                0x0000ff80                appl2_start = (appl1_start + ALIGN ((((0x20000 - appl1_start) - (0x2 * CY_FLASH_ROW_SIZE)) / 0x2), CY_FLASH_ROW_SIZE))
                0x00000000                appl_start = (CY_APPL_NUM == 0x1)?appl1_start:appl2_start
                0x00000001                cy_project_type_bootloader = (appl_start == 0x0)?0x1:0x0
                0x00000000                cy_project_type_app_for_stack_and_copier = (CY_APP_FOR_STACK_AND_COPIER == 0x1)?0x1:0x0

.text           0x00000000     0x19e4
 CREATE_OBJECT_SYMBOLS
                0x00000000                PROVIDE (__cy_interrupt_vector, RomVectors)
 *(.romvectors)
 .romvectors    0x00000000       0x10 .\CortexM0\ARM_GCC_493\Debug\Cm0Start.o
                0x00000000                RomVectors
                0x00000001                ASSERT ((. != __cy_interrupt_vector), No interrupt vector)
                0x00000001                ASSERT (CY_APPL_ORIGIN?(SIZEOF (.cybootloader) <= CY_APPL_ORIGIN):0x1, Wrong image location)
                0x00000010                PROVIDE (__cy_reset, Reset)
 *(.text.Reset)
 .text.Reset    0x00000010        0x8 .\CortexM0\ARM_GCC_493\Debug\Cm0Start.o
                0x00000010                Reset
                0x00000001                ASSERT ((. != __cy_reset), No reset code)
 *(.psocinit)
 .psocinit      0x00000018      0x2d8 .\CortexM0\ARM_GCC_493\Debug\TransferByte.a(cyfitter_cfg.o)
                0x00000160                cyfitter_cfg
                0x000002f0                . = MAX (., 0x100)
 *(.text .text.* .gnu.linkonce.t.*)
 .text          0x000002f0       0x60 c:/program files (x86)/cypress/psoc creator/3.3/psoc creator/import/gnu/arm/4.9.3/bin/../lib/gcc/arm-none-eabi/4.9.3/armv6-m/crtbegin.o
 .text.main     0x00000350       0x2c .\CortexM0\ARM_GCC_493\Debug\main.o
                0x00000350                main
 .text.InitializeSystem
                0x0000037c       0x18 .\CortexM0\ARM_GCC_493\Debug\main.o
                0x0000037c                InitializeSystem
 .text.HandleData
                0x00000394       0x30 .\CortexM0\ARM_GCC_493\Debug\main.o
                0x00000394                HandleData
 .text.GenericAppEventHandler
                0x000003c4      0x138 .\CortexM0\ARM_GCC_493\Debug\generic.o
                0x000003c4                GenericAppEventHandler
 .text.SendDataOverNotification
                0x000004fc       0x5c .\CortexM0\ARM_GCC_493\Debug\generic.o
                0x000004fc                SendDataOverNotification
 .text.IntDefaultHandler
                0x00000558        0x8 .\CortexM0\ARM_GCC_493\Debug\Cm0Start.o
                0x00000558                IntDefaultHandler
 .text.Start_c  0x00000560       0x98 .\CortexM0\ARM_GCC_493\Debug\Cm0Start.o
                0x00000560                Start_c
 .text.initialize_psoc
                0x000005f8       0x70 .\CortexM0\ARM_GCC_493\Debug\Cm0Start.o
                0x000005f8                initialize_psoc
 .text.CYMEMZERO
                0x00000668       0x20 .\CortexM0\ARM_GCC_493\Debug\TransferByte.a(cyfitter_cfg.o)
 .text.cfg_write_bytes32
                0x00000688       0x80 .\CortexM0\ARM_GCC_493\Debug\TransferByte.a(cyfitter_cfg.o)
 .text.AnalogSetDefault
                0x00000708       0x28 .\CortexM0\ARM_GCC_493\Debug\TransferByte.a(cyfitter_cfg.o)
 .text.CyBle_Init
                0x00000730       0x40 .\CortexM0\ARM_GCC_493\Debug\TransferByte.a(BLE_1.o)
                0x00000730                CyBle_Init
 .text.CyBle_ServiceInit
                0x00000770        0xc .\CortexM0\ARM_GCC_493\Debug\TransferByte.a(BLE_1.o)
                0x00000770                CyBle_ServiceInit
 .text.CyBle_Start
                0x0000077c       0xdc .\CortexM0\ARM_GCC_493\Debug\TransferByte.a(BLE_1.o)
                0x0000077c                CyBle_Start
 .text.CyBle_GappStartAdvertisement
                0x00000858       0xd4 .\CortexM0\ARM_GCC_493\Debug\TransferByte.a(BLE_1.o)
                0x00000858                CyBle_GappStartAdvertisement
 .text.CyBle_ChangeAdDeviceAddress
                0x0000092c       0x60 .\CortexM0\ARM_GCC_493\Debug\TransferByte.a(BLE_1.o)
                0x0000092c                CyBle_ChangeAdDeviceAddress
 .text.CyBle_Get16ByPtr
                0x0000098c       0x28 .\CortexM0\ARM_GCC_493\Debug\TransferByte.a(BLE_1.o)
                0x0000098c                CyBle_Get16ByPtr
 .text.CyBle_GattsWriteEventHandler
                0x000009b4       0xa0 .\CortexM0\ARM_GCC_493\Debug\TransferByte.a(BLE_1_gatt.o)
                0x000009b4                CyBle_GattsWriteEventHandler
 .text.CyBle_WriteReqHandler
                0x00000a54       0x70 .\CortexM0\ARM_GCC_493\Debug\TransferByte.a(BLE_1_eventHandler.o)
 .text.CyBle_ValueConfirmation
                0x00000ac4       0x10 .\CortexM0\ARM_GCC_493\Debug\TransferByte.a(BLE_1_eventHandler.o)
 .text.CyBle_GattDisconnectEventHandler
                0x00000ad4       0x18 .\CortexM0\ARM_GCC_493\Debug\TransferByte.a(BLE_1_eventHandler.o)
 .text.CyBle_TimeOutEventHandler
                0x00000aec       0x10 .\CortexM0\ARM_GCC_493\Debug\TransferByte.a(BLE_1_eventHandler.o)
 .text.CyBle_GattConnectReqHandler
                0x00000afc        0x8 .\CortexM0\ARM_GCC_493\Debug\TransferByte.a(BLE_1_eventHandler.o)
 .text.CyBle_IsDeviceAddressValid
                0x00000b04       0x60 .\CortexM0\ARM_GCC_493\Debug\TransferByte.a(BLE_1_eventHandler.o)
 .text.CyBle_L2Cap_ConnParamUpdateRspEventHandler
                0x00000b64       0x14 .\CortexM0\ARM_GCC_493\Debug\TransferByte.a(BLE_1_eventHandler.o)
 .text.CyBle_GapConnUpdateCompleteEventHandler
                0x00000b78       0x10 .\CortexM0\ARM_GCC_493\Debug\TransferByte.a(BLE_1_eventHandler.o)
 .text.CyBle_EventHandler
                0x00000b88      0x340 .\CortexM0\ARM_GCC_493\Debug\TransferByte.a(BLE_1_eventHandler.o)
                0x00000b88                CyBle_EventHandler
 .text.CyBle_CustomInit
                0x00000ec8        0x8 .\CortexM0\ARM_GCC_493\Debug\TransferByte.a(BLE_1_custom.o)
                0x00000ec8                CyBle_CustomInit
 .text          0x00000ed0       0x20 .\CortexM0\ARM_GCC_493\Debug\TransferByte.a(CyBootAsmGnu.o)
                0x00000ed0                CyDelayCycles
                0x00000ee2                CyEnterCriticalSection
                0x00000eea                CyExitCriticalSection
 .text.CySysClkWriteImoFreq
                0x00000ef0       0x98 .\CortexM0\ARM_GCC_493\Debug\TransferByte.a(CyLib.o)
                0x00000ef0                CySysClkWriteImoFreq
 .text.CySysClkEcoStart
                0x00000f88       0x74 .\CortexM0\ARM_GCC_493\Debug\TransferByte.a(CyLib.o)
                0x00000f88                CySysClkEcoStart
 .text.CySysClkEcoReadStatus
                0x00000ffc       0x20 .\CortexM0\ARM_GCC_493\Debug\TransferByte.a(CyLib.o)
                0x00000ffc                CySysClkEcoReadStatus
 .text.CyIntSetVector
                0x0000101c       0x4c .\CortexM0\ARM_GCC_493\Debug\TransferByte.a(CyLib.o)
                0x0000101c                CyIntSetVector
 .text.CyIntEnable
                0x00001068       0x28 .\CortexM0\ARM_GCC_493\Debug\TransferByte.a(CyLib.o)
                0x00001068                CyIntEnable
 .text.CyHalt   0x00001090       0x14 .\CortexM0\ARM_GCC_493\Debug\TransferByte.a(CyLib.o)
                0x00001090                CyHalt
 .text.CyDelayUs
                0x000010a4       0x28 .\CortexM0\ARM_GCC_493\Debug\TransferByte.a(CyLib.o)
                0x000010a4                CyDelayUs
 .text.CySysClkWcoSetHighPowerMode
                0x000010cc       0x48 .\CortexM0\ARM_GCC_493\Debug\TransferByte.a(CyLFClk.o)
 .text.CySysClkWcoSetLowPowerMode
                0x00001114       0x48 .\CortexM0\ARM_GCC_493\Debug\TransferByte.a(CyLFClk.o)
 .text.CySysClkWcoStart
                0x0000115c       0x20 .\CortexM0\ARM_GCC_493\Debug\TransferByte.a(CyLFClk.o)
                0x0000115c                CySysClkWcoStart
 .text.CySysClkWcoSetPowerMode
                0x0000117c       0x40 .\CortexM0\ARM_GCC_493\Debug\TransferByte.a(CyLFClk.o)
                0x0000117c                CySysClkWcoSetPowerMode
 .text.CySysWdtLock
                0x000011bc       0x34 .\CortexM0\ARM_GCC_493\Debug\TransferByte.a(CyLFClk.o)
                0x000011bc                CySysWdtLock
 .text.CySysWdtLocked
                0x000011f0       0x20 .\CortexM0\ARM_GCC_493\Debug\TransferByte.a(CyLFClk.o)
 .text.CySysWdtUnlock
                0x00001210       0x4c .\CortexM0\ARM_GCC_493\Debug\TransferByte.a(CyLFClk.o)
                0x00001210                CySysWdtUnlock
 .text.CySysWdtClearInterrupt
                0x0000125c       0x70 .\CortexM0\ARM_GCC_493\Debug\TransferByte.a(CyLFClk.o)
                0x0000125c                CySysWdtClearInterrupt
 .text.CySysWdtIsr
                0x000012cc       0xe8 .\CortexM0\ARM_GCC_493\Debug\TransferByte.a(CyLFClk.o)
                0x000012cc                CySysWdtIsr
 .text.CyBLE_Bless_LlRegWrite
                0x000013b4       0x1c .\CortexM0\ARM_GCC_493\Debug\TransferByte.a(BLE_1_HAL_PVT.o)
                0x000013b4                CyBLE_Bless_LlRegWrite
 .text.CyBLE_Bless_RfRegWrite
                0x000013d0       0x1c .\CortexM0\ARM_GCC_493\Debug\TransferByte.a(BLE_1_HAL_PVT.o)
                0x000013d0                CyBLE_Bless_RfRegWrite
 .text.CyBLE_BlessDeviceConfig
                0x000013ec      0x110 .\CortexM0\ARM_GCC_493\Debug\TransferByte.a(BLE_1_HAL_PVT.o)
                0x000013ec                CyBLE_BlessDeviceConfig
 .text.CyBleHal_DelayUs
                0x000014fc       0x1c .\CortexM0\ARM_GCC_493\Debug\TransferByte.a(BLE_1_HAL_PVT.o)
                0x000014fc                CyBleHal_DelayUs
 .text.CyBleHal_EnableGlobalInterrupts
                0x00001518        0xc .\CortexM0\ARM_GCC_493\Debug\TransferByte.a(BLE_1_HAL_PVT.o)
                0x00001518                CyBleHal_EnableGlobalInterrupts
 .text.CyBleHal_DisableGlobalInterrupts
                0x00001524        0xc .\CortexM0\ARM_GCC_493\Debug\TransferByte.a(BLE_1_HAL_PVT.o)
                0x00001524                CyBleHal_DisableGlobalInterrupts
 .text.CyBle_HalInit
                0x00001530       0x20 .\CortexM0\ARM_GCC_493\Debug\TransferByte.a(BLE_1_HAL_PVT.o)
                0x00001530                CyBle_HalInit
 .text.CYBLE_BlessStart
                0x00001550       0x14 .\CortexM0\ARM_GCC_493\Debug\TransferByte.a(BLE_1_HAL_PVT.o)
                0x00001550                CYBLE_BlessStart
 .text.BLE_1_bless_isr_StartEx
                0x00001564       0x24 .\CortexM0\ARM_GCC_493\Debug\TransferByte.a(BLE_1_bless_isr.o)
                0x00001564                BLE_1_bless_isr_StartEx
 .text.BLE_1_bless_isr_SetVector
                0x00001588       0x18 .\CortexM0\ARM_GCC_493\Debug\TransferByte.a(BLE_1_bless_isr.o)
                0x00001588                BLE_1_bless_isr_SetVector
 .text.BLE_1_bless_isr_SetPriority
                0x000015a0       0x4c .\CortexM0\ARM_GCC_493\Debug\TransferByte.a(BLE_1_bless_isr.o)
                0x000015a0                BLE_1_bless_isr_SetPriority
 .text.BLE_1_bless_isr_Enable
                0x000015ec       0x14 .\CortexM0\ARM_GCC_493\Debug\TransferByte.a(BLE_1_bless_isr.o)
                0x000015ec                BLE_1_bless_isr_Enable
 .text.BLE_1_bless_isr_Disable
                0x00001600       0x14 .\CortexM0\ARM_GCC_493\Debug\TransferByte.a(BLE_1_bless_isr.o)
                0x00001600                BLE_1_bless_isr_Disable
 .text.CySysPmSleep
                0x00001614       0x34 .\CortexM0\ARM_GCC_493\Debug\TransferByte.a(cyPm.o)
                0x00001614                CySysPmSleep
 .text.CyBLE_Bless_Interrupt
                0x00001648        0xc .\CortexM0\ARM_GCC_493\Debug\TransferByte.a(BLE_1_HAL_INT.o)
                0x00001648                CyBLE_Bless_Interrupt
 .text          0x00001654      0x120 c:/program files (x86)/cypress/psoc creator/3.3/psoc creator/import/gnu/arm/4.9.3/bin/../lib/gcc/arm-none-eabi/4.9.3/armv6-m\libgcc.a(_udivsi3.o)
                0x00001654                __aeabi_uidiv
                0x00001654                __udivsi3
                0x00001760                __aeabi_uidivmod
 .text          0x00001774      0x1e0 c:/program files (x86)/cypress/psoc creator/3.3/psoc creator/import/gnu/arm/4.9.3/bin/../lib/gcc/arm-none-eabi/4.9.3/armv6-m\libgcc.a(_divsi3.o)
                0x00001774                __divsi3
                0x00001774                __aeabi_idiv
                0x00001940                __aeabi_idivmod
 .text          0x00001954        0x4 c:/program files (x86)/cypress/psoc creator/3.3/psoc creator/import/gnu/arm/4.9.3/bin/../lib/gcc/arm-none-eabi/4.9.3/armv6-m\libgcc.a(_dvmd_tls.o)
                0x00001954                __aeabi_idiv0
                0x00001954                __aeabi_ldiv0
 .text.__libc_init_array
                0x00001958       0x4c c:/program files (x86)/cypress/psoc creator/3.3/psoc creator/import/gnu/arm/4.9.3/bin/../lib/gcc/arm-none-eabi/4.9.3/../../../../arm-none-eabi/lib/armv6-m\libg_nano.a(lib_a-init.o)
                0x00001958                __libc_init_array
 .text.memcmp   0x000019a4       0x1e c:/program files (x86)/cypress/psoc creator/3.3/psoc creator/import/gnu/arm/4.9.3/bin/../lib/gcc/arm-none-eabi/4.9.3/../../../../arm-none-eabi/lib/armv6-m\libg_nano.a(lib_a-memcmp.o)
                0x000019a4                memcmp
 .text.memcpy   0x000019c2       0x12 c:/program files (x86)/cypress/psoc creator/3.3/psoc creator/import/gnu/arm/4.9.3/bin/../lib/gcc/arm-none-eabi/4.9.3/../../../../arm-none-eabi/lib/armv6-m\libg_nano.a(lib_a-memcpy.o)
                0x000019c2                memcpy
 .text.memset   0x000019d4       0x10 c:/program files (x86)/cypress/psoc creator/3.3/psoc creator/import/gnu/arm/4.9.3/bin/../lib/gcc/arm-none-eabi/4.9.3/../../../../arm-none-eabi/lib/armv6-m\libg_nano.a(lib_a-memset.o)
                0x000019d4                memset
 *(.plt)
 *(.gnu.warning)
 *(.glue_7t)
 .glue_7t       0x00000000        0x0 linker stubs
 *(.glue_7)
 .glue_7        0x00000000        0x0 linker stubs
 *(.vfp11_veneer)
 .vfp11_veneer  0x00000000        0x0 linker stubs
 *(.bootloader)
 *(.ARM.extab* .gnu.linkonce.armextab.*)
 *(.gcc_except_table)

.v4_bx          0x000019e4        0x0
 .v4_bx         0x00000000        0x0 linker stubs

.iplt           0x000019e4        0x0
 .iplt          0x00000000        0x0 c:/program files (x86)/cypress/psoc creator/3.3/psoc creator/import/gnu/arm/4.9.3/bin/../lib/gcc/arm-none-eabi/4.9.3/armv6-m/crtbegin.o

i.CyBle_ExitLPM
                0x000019e4        0x8
 i.CyBle_ExitLPM
                0x000019e4        0x8 C:\Program Files (x86)\Cypress\PSoC Creator\3.3\PSoC Creator\psoc\content\cycomponentlibrary\CyComponentLibrary.cylib\BLE_v2_30\Library\gccCyBLEStack_BLE_SOC_PERIPHERAL.a(CyBle.o)
                0x000019e4                CyBle_ExitLPM

i.CyBle_ProcessEvents
                0x000019ec        0x8
 i.CyBle_ProcessEvents
                0x000019ec        0x8 C:\Program Files (x86)\Cypress\PSoC Creator\3.3\PSoC Creator\psoc\content\cycomponentlibrary\CyComponentLibrary.cylib\BLE_v2_30\Library\gccCyBLEStack_BLE_SOC_PERIPHERAL.a(CyBle.o)
                0x000019ec                CyBle_ProcessEvents

i.CyBle_SetDeviceAddress
                0x000019f4       0x24
 i.CyBle_SetDeviceAddress
                0x000019f4       0x24 C:\Program Files (x86)\Cypress\PSoC Creator\3.3\PSoC Creator\psoc\content\cycomponentlibrary\CyComponentLibrary.cylib\BLE_v2_30\Library\gccCyBLEStack_BLE_SOC_PERIPHERAL.a(CyBle.o)
                0x000019f4                CyBle_SetDeviceAddress

i.CyBle_StackInit
                0x00001a18       0xfc
 i.CyBle_StackInit
                0x00001a18       0xfc C:\Program Files (x86)\Cypress\PSoC Creator\3.3\PSoC Creator\psoc\content\cycomponentlibrary\CyComponentLibrary.cylib\BLE_v2_30\Library\gccCyBLEStack_BLE_SOC_PERIPHERAL.a(CyBle.o)
                0x00001a18                CyBle_StackInit

i.CyBle_StackValidateInputParams
                0x00001b14       0xf4
 i.CyBle_StackValidateInputParams
                0x00001b14       0xf4 C:\Program Files (x86)\Cypress\PSoC Creator\3.3\PSoC Creator\psoc\content\cycomponentlibrary\CyComponentLibrary.cylib\BLE_v2_30\Library\gccCyBLEStack_BLE_SOC_PERIPHERAL.a(CyBle.o)

i.__ARM_common_switch8
                0x00001c08       0x1a
 i.__ARM_common_switch8
                0x00001c08       0x1a C:\Program Files (x86)\Cypress\PSoC Creator\3.3\PSoC Creator\psoc\content\cycomponentlibrary\CyComponentLibrary.cylib\BLE_v2_30\Library\gccCyBLEStack_BLE_SOC_PERIPHERAL.a(CyBle.o)
                0x00001c08                __ARM_common_switch8

i.CyBleStackMgr_Init
                0x00001c24       0x9c
 i.CyBleStackMgr_Init
                0x00001c24       0x9c C:\Program Files (x86)\Cypress\PSoC Creator\3.3\PSoC Creator\psoc\content\cycomponentlibrary\CyComponentLibrary.cylib\BLE_v2_30\Library\gccCyBLEStack_BLE_SOC_PERIPHERAL.a(CyBleStackMgrIP_Interface.o)
                0x00001c24                CyBleStackMgr_Init

i.CyBleStackMgr_ProcessBleEvents
                0x00001cc0       0x14
 i.CyBleStackMgr_ProcessBleEvents
                0x00001cc0       0x14 C:\Program Files (x86)\Cypress\PSoC Creator\3.3\PSoC Creator\psoc\content\cycomponentlibrary\CyComponentLibrary.cylib\BLE_v2_30\Library\gccCyBLEStack_BLE_SOC_PERIPHERAL.a(CyBleStackMgrIP_Interface.o)
                0x00001cc0                CyBleStackMgr_ProcessBleEvents

i.CyBle_GetHeapMemory
                0x00001cd4       0x28
 i.CyBle_GetHeapMemory
                0x00001cd4       0x28 C:\Program Files (x86)\Cypress\PSoC Creator\3.3\PSoC Creator\psoc\content\cycomponentlibrary\CyComponentLibrary.cylib\BLE_v2_30\Library\gccCyBLEStack_BLE_SOC_PERIPHERAL.a(CyBleStackMgrIP_Interface.o)
                0x00001cd4                CyBle_GetHeapMemory

i.CyBle_GetNumAppBufferPools
                0x00001cfc        0xc
 i.CyBle_GetNumAppBufferPools
                0x00001cfc        0xc C:\Program Files (x86)\Cypress\PSoC Creator\3.3\PSoC Creator\psoc\content\cycomponentlibrary\CyComponentLibrary.cylib\BLE_v2_30\Library\gccCyBLEStack_BLE_SOC_PERIPHERAL.a(CyBleStackMgrIP_Interface.o)
                0x00001cfc                CyBle_GetNumAppBufferPools

i.CyBle_HostStackBufferPoolInit
                0x00001d08       0xec
 i.CyBle_HostStackBufferPoolInit
                0x00001d08       0xec C:\Program Files (x86)\Cypress\PSoC Creator\3.3\PSoC Creator\psoc\content\cycomponentlibrary\CyComponentLibrary.cylib\BLE_v2_30\Library\gccCyBLEStack_BLE_SOC_PERIPHERAL.a(CyBleStackMgrIP_Interface.o)

i.ble_stack_idle_task_callback
                0x00001df4        0x2
 i.ble_stack_idle_task_callback
                0x00001df4        0x2 C:\Program Files (x86)\Cypress\PSoC Creator\3.3\PSoC Creator\psoc\content\cycomponentlibrary\CyComponentLibrary.cylib\BLE_v2_30\Library\gccCyBLEStack_BLE_SOC_PERIPHERAL.a(CyBleStackMgrIP_Interface.o)
                0x00001df4                ble_stack_idle_task_callback

i.BT_OSFreeBuf  0x00001df8       0x20
 i.BT_OSFreeBuf
                0x00001df8       0x20 C:\Program Files (x86)\Cypress\PSoC Creator\3.3\PSoC Creator\psoc\content\cycomponentlibrary\CyComponentLibrary.cylib\BLE_v2_30\Library\gccCyBLEStack_BLE_SOC_PERIPHERAL.a(BT_os.o)
                0x00001df8                BT_OSFreeBuf

i.BT_OSGetBuF   0x00001e18       0x34
 i.BT_OSGetBuF  0x00001e18       0x34 C:\Program Files (x86)\Cypress\PSoC Creator\3.3\PSoC Creator\psoc\content\cycomponentlibrary\CyComponentLibrary.cylib\BLE_v2_30\Library\gccCyBLEStack_BLE_SOC_PERIPHERAL.a(BT_os.o)
                0x00001e18                BT_OSGetBuF

i.BT_OSMemCreate
                0x00001e4c       0x3c
 i.BT_OSMemCreate
                0x00001e4c       0x3c C:\Program Files (x86)\Cypress\PSoC Creator\3.3\PSoC Creator\psoc\content\cycomponentlibrary\CyComponentLibrary.cylib\BLE_v2_30\Library\gccCyBLEStack_BLE_SOC_PERIPHERAL.a(BT_os.o)
                0x00001e4c                BT_OSMemCreate

i.BT_alloc_mem_ext
                0x00001e88       0x3c
 i.BT_alloc_mem_ext
                0x00001e88       0x3c C:\Program Files (x86)\Cypress\PSoC Creator\3.3\PSoC Creator\psoc\content\cycomponentlibrary\CyComponentLibrary.cylib\BLE_v2_30\Library\gccCyBLEStack_BLE_SOC_PERIPHERAL.a(BT_os.o)
                0x00001e88                BT_alloc_mem_ext

i.BT_free_mem   0x00001ec4        0xc
 i.BT_free_mem  0x00001ec4        0xc C:\Program Files (x86)\Cypress\PSoC Creator\3.3\PSoC Creator\psoc\content\cycomponentlibrary\CyComponentLibrary.cylib\BLE_v2_30\Library\gccCyBLEStack_BLE_SOC_PERIPHERAL.a(BT_os.o)
                0x00001ec4                BT_free_mem

i.bt_stack_create_buffer_pool
                0x00001ed0       0x30
 i.bt_stack_create_buffer_pool
                0x00001ed0       0x30 C:\Program Files (x86)\Cypress\PSoC Creator\3.3\PSoC Creator\psoc\content\cycomponentlibrary\CyComponentLibrary.cylib\BLE_v2_30\Library\gccCyBLEStack_BLE_SOC_PERIPHERAL.a(BT_os.o)
                0x00001ed0                bt_stack_create_buffer_pool

i.CyBle_CheckBleStackTaskStatus
                0x00001f00        0x4
 i.CyBle_CheckBleStackTaskStatus
                0x00001f00        0x4 C:\Program Files (x86)\Cypress\PSoC Creator\3.3\PSoC Creator\psoc\content\cycomponentlibrary\CyComponentLibrary.cylib\BLE_v2_30\Library\gccCyBLEStack_BLE_SOC_PERIPHERAL.a(CyBleStackMgr_StackTaskHandler.o)
                0x00001f00                CyBle_CheckBleStackTaskStatus

i.CyBle_CreateBleStackTask
                0x00001f04       0x2c
 i.CyBle_CreateBleStackTask
                0x00001f04       0x2c C:\Program Files (x86)\Cypress\PSoC Creator\3.3\PSoC Creator\psoc\content\cycomponentlibrary\CyComponentLibrary.cylib\BLE_v2_30\Library\gccCyBLEStack_BLE_SOC_PERIPHERAL.a(CyBleStackMgr_StackTaskHandler.o)
                0x00001f04                CyBle_CreateBleStackTask

i.CyBle_SignalBleStackTask
                0x00001f30       0x50
 i.CyBle_SignalBleStackTask
                0x00001f30       0x50 C:\Program Files (x86)\Cypress\PSoC Creator\3.3\PSoC Creator\psoc\content\cycomponentlibrary\CyComponentLibrary.cylib\BLE_v2_30\Library\gccCyBLEStack_BLE_SOC_PERIPHERAL.a(CyBleStackMgr_StackTaskHandler.o)
                0x00001f30                CyBle_SignalBleStackTask

i.CyBle_StackTaskHandler
                0x00001f80       0x5c
 i.CyBle_StackTaskHandler
                0x00001f80       0x5c C:\Program Files (x86)\Cypress\PSoC Creator\3.3\PSoC Creator\psoc\content\cycomponentlibrary\CyComponentLibrary.cylib\BLE_v2_30\Library\gccCyBLEStack_BLE_SOC_PERIPHERAL.a(CyBleStackMgr_StackTaskHandler.o)
                0x00001f80                CyBle_StackTaskHandler

i.hci_soft_transport_notify_data_received
                0x00001fdc        0xc
 i.hci_soft_transport_notify_data_received
                0x00001fdc        0xc C:\Program Files (x86)\Cypress\PSoC Creator\3.3\PSoC Creator\psoc\content\cycomponentlibrary\CyComponentLibrary.cylib\BLE_v2_30\Library\gccCyBLEStack_BLE_SOC_PERIPHERAL.a(transport_sf.o)
                0x00001fdc                hci_soft_transport_notify_data_received

i.hci_soft_transport_rx_data
                0x00001fe8       0x40
 i.hci_soft_transport_rx_data
                0x00001fe8       0x40 C:\Program Files (x86)\Cypress\PSoC Creator\3.3\PSoC Creator\psoc\content\cycomponentlibrary\CyComponentLibrary.cylib\BLE_v2_30\Library\gccCyBLEStack_BLE_SOC_PERIPHERAL.a(transport_sf.o)
                0x00001fe8                hci_soft_transport_rx_data

i.hci_transport_bt_init
                0x00002028        0x2
 i.hci_transport_bt_init
                0x00002028        0x2 C:\Program Files (x86)\Cypress\PSoC Creator\3.3\PSoC Creator\psoc\content\cycomponentlibrary\CyComponentLibrary.cylib\BLE_v2_30\Library\gccCyBLEStack_BLE_SOC_PERIPHERAL.a(transport_sf.o)
                0x00002028                hci_transport_bt_init

i.hci_transport_init
                0x0000202c       0x10
 i.hci_transport_init
                0x0000202c       0x10 C:\Program Files (x86)\Cypress\PSoC Creator\3.3\PSoC Creator\psoc\content\cycomponentlibrary\CyComponentLibrary.cylib\BLE_v2_30\Library\gccCyBLEStack_BLE_SOC_PERIPHERAL.a(transport_sf.o)
                0x0000202c                hci_transport_init

i.hci_transport_write_data
                0x0000203c       0xd4
 i.hci_transport_write_data
                0x0000203c       0xd4 C:\Program Files (x86)\Cypress\PSoC Creator\3.3\PSoC Creator\psoc\content\cycomponentlibrary\CyComponentLibrary.cylib\BLE_v2_30\Library\gccCyBLEStack_BLE_SOC_PERIPHERAL.a(transport_sf.o)
                0x0000203c                hci_transport_write_data

i.pf_hci_soft_transport_write
                0x00002110       0x44
 i.pf_hci_soft_transport_write
                0x00002110       0x44 C:\Program Files (x86)\Cypress\PSoC Creator\3.3\PSoC Creator\psoc\content\cycomponentlibrary\CyComponentLibrary.cylib\BLE_v2_30\Library\gccCyBLEStack_BLE_SOC_PERIPHERAL.a(transport_sf.o)
                0x00002110                pf_hci_soft_transport_write

i.pf_soft_hci_transport_init
                0x00002154        0xc
 i.pf_soft_hci_transport_init
                0x00002154        0xc C:\Program Files (x86)\Cypress\PSoC Creator\3.3\PSoC Creator\psoc\content\cycomponentlibrary\CyComponentLibrary.cylib\BLE_v2_30\Library\gccCyBLEStack_BLE_SOC_PERIPHERAL.a(transport_sf.o)
                0x00002154                pf_soft_hci_transport_init

i.CyBleStackMgr_GetTime
                0x00002160       0x14
 i.CyBleStackMgr_GetTime
                0x00002160       0x14 C:\Program Files (x86)\Cypress\PSoC Creator\3.3\PSoC Creator\psoc\content\cycomponentlibrary\CyComponentLibrary.cylib\BLE_v2_30\Library\gccCyBLEStack_BLE_SOC_PERIPHERAL.a(CyBleStackMgr_PSoCHal.o)
                0x00002160                CyBleStackMgr_GetTime

i.CyBleStackMgr_HalInit
                0x00002174       0x24
 i.CyBleStackMgr_HalInit
                0x00002174       0x24 C:\Program Files (x86)\Cypress\PSoC Creator\3.3\PSoC Creator\psoc\content\cycomponentlibrary\CyComponentLibrary.cylib\BLE_v2_30\Library\gccCyBLEStack_BLE_SOC_PERIPHERAL.a(CyBleStackMgr_PSoCHal.o)
                0x00002174                CyBleStackMgr_HalInit

i.CyBleStackMgr_HalIntrEnable
                0x00002198        0x8
 i.CyBleStackMgr_HalIntrEnable
                0x00002198        0x8 C:\Program Files (x86)\Cypress\PSoC Creator\3.3\PSoC Creator\psoc\content\cycomponentlibrary\CyComponentLibrary.cylib\BLE_v2_30\Library\gccCyBLEStack_BLE_SOC_PERIPHERAL.a(CyBleStackMgr_PSoCHal.o)
                0x00002198                CyBleStackMgr_HalIntrEnable

i.CyBleStackMgr_HandleLinkLayerTick
                0x000021a0       0x5c
 i.CyBleStackMgr_HandleLinkLayerTick
                0x000021a0       0x5c C:\Program Files (x86)\Cypress\PSoC Creator\3.3\PSoC Creator\psoc\content\cycomponentlibrary\CyComponentLibrary.cylib\BLE_v2_30\Library\gccCyBLEStack_BLE_SOC_PERIPHERAL.a(CyBleStackMgr_PSoCHal.o)
                0x000021a0                CyBleStackMgr_HandleLinkLayerTick

i.CyBleStackMgr_HciPortInit
                0x000021fc        0xc
 i.CyBleStackMgr_HciPortInit
                0x000021fc        0xc C:\Program Files (x86)\Cypress\PSoC Creator\3.3\PSoC Creator\psoc\content\cycomponentlibrary\CyComponentLibrary.cylib\BLE_v2_30\Library\gccCyBLEStack_BLE_SOC_PERIPHERAL.a(CyBleStackMgr_PSoCHal.o)
                0x000021fc                CyBleStackMgr_HciPortInit

i.CyBleStackMgr_HciPortReset
                0x00002208        0x2
 i.CyBleStackMgr_HciPortReset
                0x00002208        0x2 C:\Program Files (x86)\Cypress\PSoC Creator\3.3\PSoC Creator\psoc\content\cycomponentlibrary\CyComponentLibrary.cylib\BLE_v2_30\Library\gccCyBLEStack_BLE_SOC_PERIPHERAL.a(CyBleStackMgr_PSoCHal.o)
                0x00002208                CyBleStackMgr_HciPortReset

i.CyBleStackMgr_HciPortWrite
                0x0000220a        0x8
 i.CyBleStackMgr_HciPortWrite
                0x0000220a        0x8 C:\Program Files (x86)\Cypress\PSoC Creator\3.3\PSoC Creator\psoc\content\cycomponentlibrary\CyComponentLibrary.cylib\BLE_v2_30\Library\gccCyBLEStack_BLE_SOC_PERIPHERAL.a(CyBleStackMgr_PSoCHal.o)
                0x0000220a                CyBleStackMgr_HciPortWrite

i.CyBleStackMgr_ResetLinkLayerTimerEntity
                0x00002214       0x14
 i.CyBleStackMgr_ResetLinkLayerTimerEntity
                0x00002214       0x14 C:\Program Files (x86)\Cypress\PSoC Creator\3.3\PSoC Creator\psoc\content\cycomponentlibrary\CyComponentLibrary.cylib\BLE_v2_30\Library\gccCyBLEStack_BLE_SOC_PERIPHERAL.a(CyBleStackMgr_PSoCHal.o)
                0x00002214                CyBleStackMgr_ResetLinkLayerTimerEntity

i.CyBleStackMgr_TimerStart
                0x00002228       0x2c
 i.CyBleStackMgr_TimerStart
                0x00002228       0x2c C:\Program Files (x86)\Cypress\PSoC Creator\3.3\PSoC Creator\psoc\content\cycomponentlibrary\CyComponentLibrary.cylib\BLE_v2_30\Library\gccCyBLEStack_BLE_SOC_PERIPHERAL.a(CyBleStackMgr_PSoCHal.o)
                0x00002228                CyBleStackMgr_TimerStart

i.CyBleStackMgr_TimerStop
                0x00002254       0x18
 i.CyBleStackMgr_TimerStop
                0x00002254       0x18 C:\Program Files (x86)\Cypress\PSoC Creator\3.3\PSoC Creator\psoc\content\cycomponentlibrary\CyComponentLibrary.cylib\BLE_v2_30\Library\gccCyBLEStack_BLE_SOC_PERIPHERAL.a(CyBleStackMgr_PSoCHal.o)
                0x00002254                CyBleStackMgr_TimerStop

i.CyBleStackMgr_isTimerRunning
                0x0000226c       0x10
 i.CyBleStackMgr_isTimerRunning
                0x0000226c       0x10 C:\Program Files (x86)\Cypress\PSoC Creator\3.3\PSoC Creator\psoc\content\cycomponentlibrary\CyComponentLibrary.cylib\BLE_v2_30\Library\gccCyBLEStack_BLE_SOC_PERIPHERAL.a(CyBleStackMgr_PSoCHal.o)
                0x0000226c                CyBleStackMgr_isTimerRunning

i.CyBleAtlantisRadioInit
                0x0000227c      0x110
 i.CyBleAtlantisRadioInit
                0x0000227c      0x110 C:\Program Files (x86)\Cypress\PSoC Creator\3.3\PSoC Creator\psoc\content\cycomponentlibrary\CyComponentLibrary.cylib\BLE_v2_30\Library\gccCyBLEStack_BLE_SOC_PERIPHERAL.a(CyBleStackMgr_BleSSDriver.o)

i.CyBleStackMgr_BleSSFifoRead
                0x0000238c       0x38
 i.CyBleStackMgr_BleSSFifoRead
                0x0000238c       0x38 C:\Program Files (x86)\Cypress\PSoC Creator\3.3\PSoC Creator\psoc\content\cycomponentlibrary\CyComponentLibrary.cylib\BLE_v2_30\Library\gccCyBLEStack_BLE_SOC_PERIPHERAL.a(CyBleStackMgr_BleSSDriver.o)
                0x0000238c                CyBleStackMgr_BleSSFifoRead

i.CyBleStackMgr_BleSSFifoWrite
                0x000023c4       0x30
 i.CyBleStackMgr_BleSSFifoWrite
                0x000023c4       0x30 C:\Program Files (x86)\Cypress\PSoC Creator\3.3\PSoC Creator\psoc\content\cycomponentlibrary\CyComponentLibrary.cylib\BLE_v2_30\Library\gccCyBLEStack_BLE_SOC_PERIPHERAL.a(CyBleStackMgr_BleSSDriver.o)
                0x000023c4                CyBleStackMgr_BleSSFifoWrite

i.CyBleStackMgr_BleSSInit
                0x000023f4       0x50
 i.CyBleStackMgr_BleSSInit
                0x000023f4       0x50 C:\Program Files (x86)\Cypress\PSoC Creator\3.3\PSoC Creator\psoc\content\cycomponentlibrary\CyComponentLibrary.cylib\BLE_v2_30\Library\gccCyBLEStack_BLE_SOC_PERIPHERAL.a(CyBleStackMgr_BleSSDriver.o)
                0x000023f4                CyBleStackMgr_BleSSInit

i.CyBleStackMgr_BleSSMemRead
                0x00002444       0x26
 i.CyBleStackMgr_BleSSMemRead
                0x00002444       0x26 C:\Program Files (x86)\Cypress\PSoC Creator\3.3\PSoC Creator\psoc\content\cycomponentlibrary\CyComponentLibrary.cylib\BLE_v2_30\Library\gccCyBLEStack_BLE_SOC_PERIPHERAL.a(CyBleStackMgr_BleSSDriver.o)
                0x00002444                CyBleStackMgr_BleSSMemRead

i.CyBleStackMgr_BleSSMemWrite
                0x0000246c       0x34
 i.CyBleStackMgr_BleSSMemWrite
                0x0000246c       0x34 C:\Program Files (x86)\Cypress\PSoC Creator\3.3\PSoC Creator\psoc\content\cycomponentlibrary\CyComponentLibrary.cylib\BLE_v2_30\Library\gccCyBLEStack_BLE_SOC_PERIPHERAL.a(CyBleStackMgr_BleSSDriver.o)
                0x0000246c                CyBleStackMgr_BleSSMemWrite

i.CyBleStackMgr_BleSSRegRead
                0x000024a0        0xc
 i.CyBleStackMgr_BleSSRegRead
                0x000024a0        0xc C:\Program Files (x86)\Cypress\PSoC Creator\3.3\PSoC Creator\psoc\content\cycomponentlibrary\CyComponentLibrary.cylib\BLE_v2_30\Library\gccCyBLEStack_BLE_SOC_PERIPHERAL.a(CyBleStackMgr_BleSSDriver.o)
                0x000024a0                CyBleStackMgr_BleSSRegRead

i.CyBleStackMgr_BleSSRegWrite
                0x000024ac        0xc
 i.CyBleStackMgr_BleSSRegWrite
                0x000024ac        0xc C:\Program Files (x86)\Cypress\PSoC Creator\3.3\PSoC Creator\psoc\content\cycomponentlibrary\CyComponentLibrary.cylib\BLE_v2_30\Library\gccCyBLEStack_BLE_SOC_PERIPHERAL.a(CyBleStackMgr_BleSSDriver.o)
                0x000024ac                CyBleStackMgr_BleSSRegWrite

i.CyBleStackMgr_BleSSReset
                0x000024b8       0x38
 i.CyBleStackMgr_BleSSReset
                0x000024b8       0x38 C:\Program Files (x86)\Cypress\PSoC Creator\3.3\PSoC Creator\psoc\content\cycomponentlibrary\CyComponentLibrary.cylib\BLE_v2_30\Library\gccCyBLEStack_BLE_SOC_PERIPHERAL.a(CyBleStackMgr_BleSSDriver.o)
                0x000024b8                CyBleStackMgr_BleSSReset

i.CyBleStackMgr_GenericIface
                0x000024f0       0x3c
 i.CyBleStackMgr_GenericIface
                0x000024f0       0x3c C:\Program Files (x86)\Cypress\PSoC Creator\3.3\PSoC Creator\psoc\content\cycomponentlibrary\CyComponentLibrary.cylib\BLE_v2_30\Library\gccCyBLEStack_BLE_SOC_PERIPHERAL.a(CyBleStackMgr_BleSSDriver.o)
                0x000024f0                CyBleStackMgr_GenericIface

i.CyBleStackMgr_HandleBleSSIntr
                0x0000252c       0x90
 i.CyBleStackMgr_HandleBleSSIntr
                0x0000252c       0x90 C:\Program Files (x86)\Cypress\PSoC Creator\3.3\PSoC Creator\psoc\content\cycomponentlibrary\CyComponentLibrary.cylib\BLE_v2_30\Library\gccCyBLEStack_BLE_SOC_PERIPHERAL.a(CyBleStackMgr_BleSSDriver.o)
                0x0000252c                CyBleStackMgr_HandleBleSSIntr

i.CyBleStackMgr_SetClockParam
                0x000025bc       0xb4
 i.CyBleStackMgr_SetClockParam
                0x000025bc       0xb4 C:\Program Files (x86)\Cypress\PSoC Creator\3.3\PSoC Creator\psoc\content\cycomponentlibrary\CyComponentLibrary.cylib\BLE_v2_30\Library\gccCyBLEStack_BLE_SOC_PERIPHERAL.a(CyBleStackMgr_BleSSDriver.o)

i.CyBle_ExitDsmMode
                0x00002670       0x2c
 i.CyBle_ExitDsmMode
                0x00002670       0x2c C:\Program Files (x86)\Cypress\PSoC Creator\3.3\PSoC Creator\psoc\content\cycomponentlibrary\CyComponentLibrary.cylib\BLE_v2_30\Library\gccCyBLEStack_BLE_SOC_PERIPHERAL.a(CyBleStackMgr_BleSSDriver.o)
                0x00002670                CyBle_ExitDsmMode

i.CyBle_GetBleSsOperationalMode
                0x0000269c        0xc
 i.CyBle_GetBleSsOperationalMode
                0x0000269c        0xc C:\Program Files (x86)\Cypress\PSoC Creator\3.3\PSoC Creator\psoc\content\cycomponentlibrary\CyComponentLibrary.cylib\BLE_v2_30\Library\gccCyBLEStack_BLE_SOC_PERIPHERAL.a(CyBleStackMgr_BleSSDriver.o)
                0x0000269c                CyBle_GetBleSsOperationalMode

i.CyBle_GetLpMode
                0x000026a8       0x26
 i.CyBle_GetLpMode
                0x000026a8       0x26 C:\Program Files (x86)\Cypress\PSoC Creator\3.3\PSoC Creator\psoc\content\cycomponentlibrary\CyComponentLibrary.cylib\BLE_v2_30\Library\gccCyBLEStack_BLE_SOC_PERIPHERAL.a(CyBleStackMgr_BleSSDriver.o)
                0x000026a8                CyBle_GetLpMode

i.CyBle_GetTxGainMode
                0x000026d0       0x2c
 i.CyBle_GetTxGainMode
                0x000026d0       0x2c C:\Program Files (x86)\Cypress\PSoC Creator\3.3\PSoC Creator\psoc\content\cycomponentlibrary\CyComponentLibrary.cylib\BLE_v2_30\Library\gccCyBLEStack_BLE_SOC_PERIPHERAL.a(CyBleStackMgr_BleSSDriver.o)
                0x000026d0                CyBle_GetTxGainMode

i.CyBle_SetBleSsOperationalMode
                0x000026fc       0x20
 i.CyBle_SetBleSsOperationalMode
                0x000026fc       0x20 C:\Program Files (x86)\Cypress\PSoC Creator\3.3\PSoC Creator\psoc\content\cycomponentlibrary\CyComponentLibrary.cylib\BLE_v2_30\Library\gccCyBLEStack_BLE_SOC_PERIPHERAL.a(CyBleStackMgr_BleSSDriver.o)
                0x000026fc                CyBle_SetBleSsOperationalMode

i.CyBle_SetEventCloseState
                0x0000271c        0xc
 i.CyBle_SetEventCloseState
                0x0000271c        0xc C:\Program Files (x86)\Cypress\PSoC Creator\3.3\PSoC Creator\psoc\content\cycomponentlibrary\CyComponentLibrary.cylib\BLE_v2_30\Library\gccCyBLEStack_BLE_SOC_PERIPHERAL.a(CyBleStackMgr_BleSSDriver.o)
                0x0000271c                CyBle_SetEventCloseState

i.CyBle_SetRxGainMode
                0x00002728       0x20
 i.CyBle_SetRxGainMode
                0x00002728       0x20 C:\Program Files (x86)\Cypress\PSoC Creator\3.3\PSoC Creator\psoc\content\cycomponentlibrary\CyComponentLibrary.cylib\BLE_v2_30\Library\gccCyBLEStack_BLE_SOC_PERIPHERAL.a(CyBleStackMgr_BleSSDriver.o)
                0x00002728                CyBle_SetRxGainMode

i.CyBle_SetTxGainMode
                0x00002748       0x38
 i.CyBle_SetTxGainMode
                0x00002748       0x38 C:\Program Files (x86)\Cypress\PSoC Creator\3.3\PSoC Creator\psoc\content\cycomponentlibrary\CyComponentLibrary.cylib\BLE_v2_30\Library\gccCyBLEStack_BLE_SOC_PERIPHERAL.a(CyBleStackMgr_BleSSDriver.o)
                0x00002748                CyBle_SetTxGainMode

i.pf_rf_get_abs_rssi
                0x00002780       0x24
 i.pf_rf_get_abs_rssi
                0x00002780       0x24 C:\Program Files (x86)\Cypress\PSoC Creator\3.3\PSoC Creator\psoc\content\cycomponentlibrary\CyComponentLibrary.cylib\BLE_v2_30\Library\gccCyBLEStack_BLE_SOC_PERIPHERAL.a(CyBleStackMgr_BleSSDriver.o)
                0x00002780                pf_rf_get_abs_rssi

i.BleStackFlashStorageInit
                0x000027a4       0x74
 i.BleStackFlashStorageInit
                0x000027a4       0x74 C:\Program Files (x86)\Cypress\PSoC Creator\3.3\PSoC Creator\psoc\content\cycomponentlibrary\CyComponentLibrary.cylib\BLE_v2_30\Library\gccCyBLEStack_BLE_SOC_PERIPHERAL.a(storage_pl.o)
                0x000027a4                BleStackFlashStorageInit

i.BleStackWriteToFlashPending
                0x00002818       0x24
 i.BleStackWriteToFlashPending
                0x00002818       0x24 C:\Program Files (x86)\Cypress\PSoC Creator\3.3\PSoC Creator\psoc\content\cycomponentlibrary\CyComponentLibrary.cylib\BLE_v2_30\Library\gccCyBLEStack_BLE_SOC_PERIPHERAL.a(storage_pl.o)
                0x00002818                BleStackWriteToFlashPending

i.BleStackWriteToFlashRam
                0x0000283c       0x70
 i.BleStackWriteToFlashRam
                0x0000283c       0x70 C:\Program Files (x86)\Cypress\PSoC Creator\3.3\PSoC Creator\psoc\content\cycomponentlibrary\CyComponentLibrary.cylib\BLE_v2_30\Library\gccCyBLEStack_BLE_SOC_PERIPHERAL.a(storage_pl.o)
                0x0000283c                BleStackWriteToFlashRam

i.storage_bt_init_pl
                0x000028ac       0x28
 i.storage_bt_init_pl
                0x000028ac       0x28 C:\Program Files (x86)\Cypress\PSoC Creator\3.3\PSoC Creator\psoc\content\cycomponentlibrary\CyComponentLibrary.cylib\BLE_v2_30\Library\gccCyBLEStack_BLE_SOC_PERIPHERAL.a(storage_pl.o)
                0x000028ac                storage_bt_init_pl

i.storage_close_pl
                0x000028d4        0x4
 i.storage_close_pl
                0x000028d4        0x4 C:\Program Files (x86)\Cypress\PSoC Creator\3.3\PSoC Creator\psoc\content\cycomponentlibrary\CyComponentLibrary.cylib\BLE_v2_30\Library\gccCyBLEStack_BLE_SOC_PERIPHERAL.a(storage_pl.o)
                0x000028d4                storage_close_pl

i.storage_open_pl
                0x000028d8       0x1c
 i.storage_open_pl
                0x000028d8       0x1c C:\Program Files (x86)\Cypress\PSoC Creator\3.3\PSoC Creator\psoc\content\cycomponentlibrary\CyComponentLibrary.cylib\BLE_v2_30\Library\gccCyBLEStack_BLE_SOC_PERIPHERAL.a(storage_pl.o)
                0x000028d8                storage_open_pl

i.storage_read_pl
                0x000028f4       0x28
 i.storage_read_pl
                0x000028f4       0x28 C:\Program Files (x86)\Cypress\PSoC Creator\3.3\PSoC Creator\psoc\content\cycomponentlibrary\CyComponentLibrary.cylib\BLE_v2_30\Library\gccCyBLEStack_BLE_SOC_PERIPHERAL.a(storage_pl.o)
                0x000028f4                storage_read_pl

i.storage_read_signature_pl
                0x0000291c       0x2c
 i.storage_read_signature_pl
                0x0000291c       0x2c C:\Program Files (x86)\Cypress\PSoC Creator\3.3\PSoC Creator\psoc\content\cycomponentlibrary\CyComponentLibrary.cylib\BLE_v2_30\Library\gccCyBLEStack_BLE_SOC_PERIPHERAL.a(storage_pl.o)
                0x0000291c                storage_read_signature_pl

i.storage_register_flash_pointer
                0x00002948       0x20
 i.storage_register_flash_pointer
                0x00002948       0x20 C:\Program Files (x86)\Cypress\PSoC Creator\3.3\PSoC Creator\psoc\content\cycomponentlibrary\CyComponentLibrary.cylib\BLE_v2_30\Library\gccCyBLEStack_BLE_SOC_PERIPHERAL.a(storage_pl.o)
                0x00002948                storage_register_flash_pointer

i.storage_reset_storage_offset
                0x00002968       0x10
 i.storage_reset_storage_offset
                0x00002968       0x10 C:\Program Files (x86)\Cypress\PSoC Creator\3.3\PSoC Creator\psoc\content\cycomponentlibrary\CyComponentLibrary.cylib\BLE_v2_30\Library\gccCyBLEStack_BLE_SOC_PERIPHERAL.a(storage_pl.o)

i.storage_write_pl
                0x00002978       0x24
 i.storage_write_pl
                0x00002978       0x24 C:\Program Files (x86)\Cypress\PSoC Creator\3.3\PSoC Creator\psoc\content\cycomponentlibrary\CyComponentLibrary.cylib\BLE_v2_30\Library\gccCyBLEStack_BLE_SOC_PERIPHERAL.a(storage_pl.o)
                0x00002978                storage_write_pl

i.storage_write_signature_pl
                0x0000299c       0x14
 i.storage_write_signature_pl
                0x0000299c       0x14 C:\Program Files (x86)\Cypress\PSoC Creator\3.3\PSoC Creator\psoc\content\cycomponentlibrary\CyComponentLibrary.cylib\BLE_v2_30\Library\gccCyBLEStack_BLE_SOC_PERIPHERAL.a(storage_pl.o)
                0x0000299c                storage_write_signature_pl

i.OS_init       0x000029b0       0x64
 i.OS_init      0x000029b0       0x64 C:\Program Files (x86)\Cypress\PSoC Creator\3.3\PSoC Creator\psoc\content\cycomponentlibrary\CyComponentLibrary.cylib\BLE_v2_30\Library\gccCyBLEStack_BLE_SOC_PERIPHERAL.a(mint_os.o)
                0x000029b0                OS_init

i.mintos_malloc
                0x00002a14       0x34
 i.mintos_malloc
                0x00002a14       0x34 C:\Program Files (x86)\Cypress\PSoC Creator\3.3\PSoC Creator\psoc\content\cycomponentlibrary\CyComponentLibrary.cylib\BLE_v2_30\Library\gccCyBLEStack_BLE_SOC_PERIPHERAL.a(mint_os.o)
                0x00002a14                mintos_malloc

i.OS_create_queue
                0x00002a48       0x64
 i.OS_create_queue
                0x00002a48       0x64 C:\Program Files (x86)\Cypress\PSoC Creator\3.3\PSoC Creator\psoc\content\cycomponentlibrary\CyComponentLibrary.cylib\BLE_v2_30\Library\gccCyBLEStack_BLE_SOC_PERIPHERAL.a(mint_os_queue.o)
                0x00002a48                OS_create_queue

i.OS_enqueue_item
                0x00002aac       0x8c
 i.OS_enqueue_item
                0x00002aac       0x8c C:\Program Files (x86)\Cypress\PSoC Creator\3.3\PSoC Creator\psoc\content\cycomponentlibrary\CyComponentLibrary.cylib\BLE_v2_30\Library\gccCyBLEStack_BLE_SOC_PERIPHERAL.a(mint_os_queue.o)
                0x00002aac                OS_enqueue_item

i.OS_queue_get_num_of_items
                0x00002b38       0x28
 i.OS_queue_get_num_of_items
                0x00002b38       0x28 C:\Program Files (x86)\Cypress\PSoC Creator\3.3\PSoC Creator\psoc\content\cycomponentlibrary\CyComponentLibrary.cylib\BLE_v2_30\Library\gccCyBLEStack_BLE_SOC_PERIPHERAL.a(mint_os_queue.o)
                0x00002b38                OS_queue_get_num_of_items

i.OS_queue_mgmt_init
                0x00002b60       0x40
 i.OS_queue_mgmt_init
                0x00002b60       0x40 C:\Program Files (x86)\Cypress\PSoC Creator\3.3\PSoC Creator\psoc\content\cycomponentlibrary\CyComponentLibrary.cylib\BLE_v2_30\Library\gccCyBLEStack_BLE_SOC_PERIPHERAL.a(mint_os_queue.o)
                0x00002b60                OS_queue_mgmt_init

i.OS_remove_item
                0x00002ba0       0xa0
 i.OS_remove_item
                0x00002ba0       0xa0 C:\Program Files (x86)\Cypress\PSoC Creator\3.3\PSoC Creator\psoc\content\cycomponentlibrary\CyComponentLibrary.cylib\BLE_v2_30\Library\gccCyBLEStack_BLE_SOC_PERIPHERAL.a(mint_os_queue.o)
                0x00002ba0                OS_remove_item

i.OS_create_task
                0x00002c40       0x88
 i.OS_create_task
                0x00002c40       0x88 C:\Program Files (x86)\Cypress\PSoC Creator\3.3\PSoC Creator\psoc\content\cycomponentlibrary\CyComponentLibrary.cylib\BLE_v2_30\Library\gccCyBLEStack_BLE_SOC_PERIPHERAL.a(mint_os_task.o)
                0x00002c40                OS_create_task

i.OS_isr_send_signal_to_task
                0x00002cc8        0xc
 i.OS_isr_send_signal_to_task
                0x00002cc8        0xc C:\Program Files (x86)\Cypress\PSoC Creator\3.3\PSoC Creator\psoc\content\cycomponentlibrary\CyComponentLibrary.cylib\BLE_v2_30\Library\gccCyBLEStack_BLE_SOC_PERIPHERAL.a(mint_os_task.o)
                0x00002cc8                OS_isr_send_signal_to_task

i.OS_scheduler  0x00002cd4       0x64
 i.OS_scheduler
                0x00002cd4       0x64 C:\Program Files (x86)\Cypress\PSoC Creator\3.3\PSoC Creator\psoc\content\cycomponentlibrary\CyComponentLibrary.cylib\BLE_v2_30\Library\gccCyBLEStack_BLE_SOC_PERIPHERAL.a(mint_os_task.o)
                0x00002cd4                OS_scheduler

i.OS_send_signal_to_task
                0x00002d38        0xc
 i.OS_send_signal_to_task
                0x00002d38        0xc C:\Program Files (x86)\Cypress\PSoC Creator\3.3\PSoC Creator\psoc\content\cycomponentlibrary\CyComponentLibrary.cylib\BLE_v2_30\Library\gccCyBLEStack_BLE_SOC_PERIPHERAL.a(mint_os_task.o)
                0x00002d38                OS_send_signal_to_task

i.OS_send_signal_to_task_context
                0x00002d44       0x3c
 i.OS_send_signal_to_task_context
                0x00002d44       0x3c C:\Program Files (x86)\Cypress\PSoC Creator\3.3\PSoC Creator\psoc\content\cycomponentlibrary\CyComponentLibrary.cylib\BLE_v2_30\Library\gccCyBLEStack_BLE_SOC_PERIPHERAL.a(mint_os_task.o)

i.OS_task_mgmt_init
                0x00002d80       0x50
 i.OS_task_mgmt_init
                0x00002d80       0x50 C:\Program Files (x86)\Cypress\PSoC Creator\3.3\PSoC Creator\psoc\content\cycomponentlibrary\CyComponentLibrary.cylib\BLE_v2_30\Library\gccCyBLEStack_BLE_SOC_PERIPHERAL.a(mint_os_task.o)
                0x00002d80                OS_task_mgmt_init

i.mint_buf_mgmt_allocate_buffer
                0x00002dd0       0x4c
 i.mint_buf_mgmt_allocate_buffer
                0x00002dd0       0x4c C:\Program Files (x86)\Cypress\PSoC Creator\3.3\PSoC Creator\psoc\content\cycomponentlibrary\CyComponentLibrary.cylib\BLE_v2_30\Library\gccCyBLEStack_BLE_SOC_PERIPHERAL.a(mint_buf_mgmt.o)
                0x00002dd0                mint_buf_mgmt_allocate_buffer

i.mint_buf_mgmt_create_pool
                0x00002e1c       0xd0
 i.mint_buf_mgmt_create_pool
                0x00002e1c       0xd0 C:\Program Files (x86)\Cypress\PSoC Creator\3.3\PSoC Creator\psoc\content\cycomponentlibrary\CyComponentLibrary.cylib\BLE_v2_30\Library\gccCyBLEStack_BLE_SOC_PERIPHERAL.a(mint_buf_mgmt.o)
                0x00002e1c                mint_buf_mgmt_create_pool

i.mint_buf_mgmt_free_buffer
                0x00002eec       0xa4
 i.mint_buf_mgmt_free_buffer
                0x00002eec       0xa4 C:\Program Files (x86)\Cypress\PSoC Creator\3.3\PSoC Creator\psoc\content\cycomponentlibrary\CyComponentLibrary.cylib\BLE_v2_30\Library\gccCyBLEStack_BLE_SOC_PERIPHERAL.a(mint_buf_mgmt.o)
                0x00002eec                mint_buf_mgmt_free_buffer

i.mint_buf_mgmt_init
                0x00002f90       0x44
 i.mint_buf_mgmt_init
                0x00002f90       0x44 C:\Program Files (x86)\Cypress\PSoC Creator\3.3\PSoC Creator\psoc\content\cycomponentlibrary\CyComponentLibrary.cylib\BLE_v2_30\Library\gccCyBLEStack_BLE_SOC_PERIPHERAL.a(mint_buf_mgmt.o)
                0x00002f90                mint_buf_mgmt_init

i.mint_buf_mgmt_malloc
                0x00002fd4       0x2c
 i.mint_buf_mgmt_malloc
                0x00002fd4       0x2c C:\Program Files (x86)\Cypress\PSoC Creator\3.3\PSoC Creator\psoc\content\cycomponentlibrary\CyComponentLibrary.cylib\BLE_v2_30\Library\gccCyBLEStack_BLE_SOC_PERIPHERAL.a(mint_buf_mgmt.o)
                0x00002fd4                mint_buf_mgmt_malloc

i.mint_buf_mgmt_pl_init
                0x00003000       0x48
 i.mint_buf_mgmt_pl_init
                0x00003000       0x48 C:\Program Files (x86)\Cypress\PSoC Creator\3.3\PSoC Creator\psoc\content\cycomponentlibrary\CyComponentLibrary.cylib\BLE_v2_30\Library\gccCyBLEStack_BLE_SOC_PERIPHERAL.a(mint_buf_mgmt.o)
                0x00003000                mint_buf_mgmt_pl_init

i.mint_buf_mgmt_reset_pool
                0x00003048       0x70
 i.mint_buf_mgmt_reset_pool
                0x00003048       0x70 C:\Program Files (x86)\Cypress\PSoC Creator\3.3\PSoC Creator\psoc\content\cycomponentlibrary\CyComponentLibrary.cylib\BLE_v2_30\Library\gccCyBLEStack_BLE_SOC_PERIPHERAL.a(mint_buf_mgmt.o)
                0x00003048                mint_buf_mgmt_reset_pool

i.mint_buf_mgmt_stack_init
                0x000030b8       0x24
 i.mint_buf_mgmt_stack_init
                0x000030b8       0x24 C:\Program Files (x86)\Cypress\PSoC Creator\3.3\PSoC Creator\psoc\content\cycomponentlibrary\CyComponentLibrary.cylib\BLE_v2_30\Library\gccCyBLEStack_BLE_SOC_PERIPHERAL.a(mint_buf_mgmt.o)
                0x000030b8                mint_buf_mgmt_stack_init

i.mint_buf_mgmt_stack_pop
                0x000030dc       0x36
 i.mint_buf_mgmt_stack_pop
                0x000030dc       0x36 C:\Program Files (x86)\Cypress\PSoC Creator\3.3\PSoC Creator\psoc\content\cycomponentlibrary\CyComponentLibrary.cylib\BLE_v2_30\Library\gccCyBLEStack_BLE_SOC_PERIPHERAL.a(mint_buf_mgmt.o)
                0x000030dc                mint_buf_mgmt_stack_pop

i.mint_buf_mgmt_stack_push
                0x00003112       0x36
 i.mint_buf_mgmt_stack_push
                0x00003112       0x36 C:\Program Files (x86)\Cypress\PSoC Creator\3.3\PSoC Creator\psoc\content\cycomponentlibrary\CyComponentLibrary.cylib\BLE_v2_30\Library\gccCyBLEStack_BLE_SOC_PERIPHERAL.a(mint_buf_mgmt.o)
                0x00003112                mint_buf_mgmt_stack_push

i.mint_buf_mgmt_stack_reset
                0x00003148       0x1e
 i.mint_buf_mgmt_stack_reset
                0x00003148       0x1e C:\Program Files (x86)\Cypress\PSoC Creator\3.3\PSoC Creator\psoc\content\cycomponentlibrary\CyComponentLibrary.cylib\BLE_v2_30\Library\gccCyBLEStack_BLE_SOC_PERIPHERAL.a(mint_buf_mgmt.o)
                0x00003148                mint_buf_mgmt_stack_reset

i.mint_buf_mgmt_stack_search_item
                0x00003166       0x30
 i.mint_buf_mgmt_stack_search_item
                0x00003166       0x30 C:\Program Files (x86)\Cypress\PSoC Creator\3.3\PSoC Creator\psoc\content\cycomponentlibrary\CyComponentLibrary.cylib\BLE_v2_30\Library\gccCyBLEStack_BLE_SOC_PERIPHERAL.a(mint_buf_mgmt.o)
                0x00003166                mint_buf_mgmt_stack_search_item

i.CyBleControllerIP_GetPingState
                0x00003198        0xc
 i.CyBleControllerIP_GetPingState
                0x00003198        0xc C:\Program Files (x86)\Cypress\PSoC Creator\3.3\PSoC Creator\psoc\content\cycomponentlibrary\CyComponentLibrary.cylib\BLE_v2_30\Library\gccCyBLEStack_BLE_SOC_PERIPHERAL.a(CyBleControllerIP_Interface.o)
                0x00003198                CyBleControllerIP_GetPingState

i.CyBleController_AddDeviceToWhiteList
                0x000031a4       0x40
 i.CyBleController_AddDeviceToWhiteList
                0x000031a4       0x40 C:\Program Files (x86)\Cypress\PSoC Creator\3.3\PSoC Creator\psoc\content\cycomponentlibrary\CyComponentLibrary.cylib\BLE_v2_30\Library\gccCyBLEStack_BLE_SOC_PERIPHERAL.a(CyBleControllerIP_Interface.o)
                0x000031a4                CyBleController_AddDeviceToWhiteList

i.CyBleController_ExitLowPowerMode
                0x000031e4       0x10
 i.CyBleController_ExitLowPowerMode
                0x000031e4       0x10 C:\Program Files (x86)\Cypress\PSoC Creator\3.3\PSoC Creator\psoc\content\cycomponentlibrary\CyComponentLibrary.cylib\BLE_v2_30\Library\gccCyBLEStack_BLE_SOC_PERIPHERAL.a(CyBleControllerIP_Interface.o)
                0x000031e4                CyBleController_ExitLowPowerMode

i.CyBleController_Init
                0x000031f4       0x32
 i.CyBleController_Init
                0x000031f4       0x32 C:\Program Files (x86)\Cypress\PSoC Creator\3.3\PSoC Creator\psoc\content\cycomponentlibrary\CyComponentLibrary.cylib\BLE_v2_30\Library\gccCyBLEStack_BLE_SOC_PERIPHERAL.a(CyBleControllerIP_Interface.o)
                0x000031f4                CyBleController_Init

i.CyBleController_SetDeviceAddress
                0x00003226       0x2e
 i.CyBleController_SetDeviceAddress
                0x00003226       0x2e C:\Program Files (x86)\Cypress\PSoC Creator\3.3\PSoC Creator\psoc\content\cycomponentlibrary\CyComponentLibrary.cylib\BLE_v2_30\Library\gccCyBLEStack_BLE_SOC_PERIPHERAL.a(CyBleControllerIP_Interface.o)
                0x00003226                CyBleController_SetDeviceAddress

i.CyBle_GetTxPowerLevel
                0x00003254       0x4e
 i.CyBle_GetTxPowerLevel
                0x00003254       0x4e C:\Program Files (x86)\Cypress\PSoC Creator\3.3\PSoC Creator\psoc\content\cycomponentlibrary\CyComponentLibrary.cylib\BLE_v2_30\Library\gccCyBLEStack_BLE_SOC_PERIPHERAL.a(CyBleControllerIP_Interface.o)
                0x00003254                CyBle_GetTxPowerLevel

i.CyBle_SetTxPowerLevel
                0x000032a2       0x56
 i.CyBle_SetTxPowerLevel
                0x000032a2       0x56 C:\Program Files (x86)\Cypress\PSoC Creator\3.3\PSoC Creator\psoc\content\cycomponentlibrary\CyComponentLibrary.cylib\BLE_v2_30\Library\gccCyBLEStack_BLE_SOC_PERIPHERAL.a(CyBleControllerIP_Interface.o)
                0x000032a2                CyBle_SetTxPowerLevel

i.ll_check_and_mark_packet_ready_for_transmission
                0x000032f8       0x28
 i.ll_check_and_mark_packet_ready_for_transmission
                0x000032f8       0x28 C:\Program Files (x86)\Cypress\PSoC Creator\3.3\PSoC Creator\psoc\content\cycomponentlibrary\CyComponentLibrary.cylib\BLE_v2_30\Library\gccCyBLEStack_BLE_SOC_PERIPHERAL.a(ll.o)
                0x000032f8                ll_check_and_mark_packet_ready_for_transmission

i.ll_cleanup_pending_data_pdu
                0x00003320       0x38
 i.ll_cleanup_pending_data_pdu
                0x00003320       0x38 C:\Program Files (x86)\Cypress\PSoC Creator\3.3\PSoC Creator\psoc\content\cycomponentlibrary\CyComponentLibrary.cylib\BLE_v2_30\Library\gccCyBLEStack_BLE_SOC_PERIPHERAL.a(ll.o)
                0x00003320                ll_cleanup_pending_data_pdu

i.ll_exit_low_power_mode
                0x00003358       0xac
 i.ll_exit_low_power_mode
                0x00003358       0xac C:\Program Files (x86)\Cypress\PSoC Creator\3.3\PSoC Creator\psoc\content\cycomponentlibrary\CyComponentLibrary.cylib\BLE_v2_30\Library\gccCyBLEStack_BLE_SOC_PERIPHERAL.a(ll.o)
                0x00003358                ll_exit_low_power_mode

i.ll_get_ack_status
                0x00003404       0x3c
 i.ll_get_ack_status
                0x00003404       0x3c C:\Program Files (x86)\Cypress\PSoC Creator\3.3\PSoC Creator\psoc\content\cycomponentlibrary\CyComponentLibrary.cylib\BLE_v2_30\Library\gccCyBLEStack_BLE_SOC_PERIPHERAL.a(ll.o)
                0x00003404                ll_get_ack_status

i.ll_get_adv_ch_tx_power
                0x00003440       0x20
 i.ll_get_adv_ch_tx_power
                0x00003440       0x20 C:\Program Files (x86)\Cypress\PSoC Creator\3.3\PSoC Creator\psoc\content\cycomponentlibrary\CyComponentLibrary.cylib\BLE_v2_30\Library\gccCyBLEStack_BLE_SOC_PERIPHERAL.a(ll.o)
                0x00003440                ll_get_adv_ch_tx_power

i.ll_get_data_channel_map
                0x00003460       0x24
 i.ll_get_data_channel_map
                0x00003460       0x24 C:\Program Files (x86)\Cypress\PSoC Creator\3.3\PSoC Creator\psoc\content\cycomponentlibrary\CyComponentLibrary.cylib\BLE_v2_30\Library\gccCyBLEStack_BLE_SOC_PERIPHERAL.a(ll.o)
                0x00003460                ll_get_data_channel_map

i.ll_get_max_white_list_size
                0x00003484        0xc
 i.ll_get_max_white_list_size
                0x00003484        0xc C:\Program Files (x86)\Cypress\PSoC Creator\3.3\PSoC Creator\psoc\content\cycomponentlibrary\CyComponentLibrary.cylib\BLE_v2_30\Library\gccCyBLEStack_BLE_SOC_PERIPHERAL.a(ll.o)
                0x00003484                ll_get_max_white_list_size

i.ll_get_my_role
                0x00003490        0xc
 i.ll_get_my_role
                0x00003490        0xc C:\Program Files (x86)\Cypress\PSoC Creator\3.3\PSoC Creator\psoc\content\cycomponentlibrary\CyComponentLibrary.cylib\BLE_v2_30\Library\gccCyBLEStack_BLE_SOC_PERIPHERAL.a(ll.o)
                0x00003490                ll_get_my_role

i.ll_get_next_available_fifo_for_data_pdu
                0x0000349c        0x8
 i.ll_get_next_available_fifo_for_data_pdu
                0x0000349c        0x8 C:\Program Files (x86)\Cypress\PSoC Creator\3.3\PSoC Creator\psoc\content\cycomponentlibrary\CyComponentLibrary.cylib\BLE_v2_30\Library\gccCyBLEStack_BLE_SOC_PERIPHERAL.a(ll.o)
                0x0000349c                ll_get_next_available_fifo_for_data_pdu

i.ll_get_next_available_fifo_for_ll_pdu
                0x000034a4       0x24
 i.ll_get_next_available_fifo_for_ll_pdu
                0x000034a4       0x24 C:\Program Files (x86)\Cypress\PSoC Creator\3.3\PSoC Creator\psoc\content\cycomponentlibrary\CyComponentLibrary.cylib\BLE_v2_30\Library\gccCyBLEStack_BLE_SOC_PERIPHERAL.a(ll.o)
                0x000034a4                ll_get_next_available_fifo_for_ll_pdu

i.ll_get_rssi_value
                0x000034c8       0x26
 i.ll_get_rssi_value
                0x000034c8       0x26 C:\Program Files (x86)\Cypress\PSoC Creator\3.3\PSoC Creator\psoc\content\cycomponentlibrary\CyComponentLibrary.cylib\BLE_v2_30\Library\gccCyBLEStack_BLE_SOC_PERIPHERAL.a(ll.o)
                0x000034c8                ll_get_rssi_value

i.ll_get_transmit_power_level
                0x000034f0       0x2c
 i.ll_get_transmit_power_level
                0x000034f0       0x2c C:\Program Files (x86)\Cypress\PSoC Creator\3.3\PSoC Creator\psoc\content\cycomponentlibrary\CyComponentLibrary.cylib\BLE_v2_30\Library\gccCyBLEStack_BLE_SOC_PERIPHERAL.a(ll.o)
                0x000034f0                ll_get_transmit_power_level

i.ll_handle_ack_received
                0x0000351c       0x74
 i.ll_handle_ack_received
                0x0000351c       0x74 C:\Program Files (x86)\Cypress\PSoC Creator\3.3\PSoC Creator\psoc\content\cycomponentlibrary\CyComponentLibrary.cylib\BLE_v2_30\Library\gccCyBLEStack_BLE_SOC_PERIPHERAL.a(ll.o)
                0x0000351c                ll_handle_ack_received

i.ll_handle_add_device_in_whitelist
                0x00003590       0x3a
 i.ll_handle_add_device_in_whitelist
                0x00003590       0x3a C:\Program Files (x86)\Cypress\PSoC Creator\3.3\PSoC Creator\psoc\content\cycomponentlibrary\CyComponentLibrary.cylib\BLE_v2_30\Library\gccCyBLEStack_BLE_SOC_PERIPHERAL.a(ll.o)
                0x00003590                ll_handle_add_device_in_whitelist

i.ll_handle_clear_whitelist
                0x000035ca       0x16
 i.ll_handle_clear_whitelist
                0x000035ca       0x16 C:\Program Files (x86)\Cypress\PSoC Creator\3.3\PSoC Creator\psoc\content\cycomponentlibrary\CyComponentLibrary.cylib\BLE_v2_30\Library\gccCyBLEStack_BLE_SOC_PERIPHERAL.a(ll.o)
                0x000035ca                ll_handle_clear_whitelist

i.ll_handle_encrypt_host_data
                0x000035e0       0x36
 i.ll_handle_encrypt_host_data
                0x000035e0       0x36 C:\Program Files (x86)\Cypress\PSoC Creator\3.3\PSoC Creator\psoc\content\cycomponentlibrary\CyComponentLibrary.cylib\BLE_v2_30\Library\gccCyBLEStack_BLE_SOC_PERIPHERAL.a(ll.o)
                0x000035e0                ll_handle_encrypt_host_data

i.ll_handle_host_data_packet
                0x00003616       0x54
 i.ll_handle_host_data_packet
                0x00003616       0x54 C:\Program Files (x86)\Cypress\PSoC Creator\3.3\PSoC Creator\psoc\content\cycomponentlibrary\CyComponentLibrary.cylib\BLE_v2_30\Library\gccCyBLEStack_BLE_SOC_PERIPHERAL.a(ll.o)
                0x00003616                ll_handle_host_data_packet

i.ll_handle_read_host_channel_map
                0x0000366a        0x4
 i.ll_handle_read_host_channel_map
                0x0000366a        0x4 C:\Program Files (x86)\Cypress\PSoC Creator\3.3\PSoC Creator\psoc\content\cycomponentlibrary\CyComponentLibrary.cylib\BLE_v2_30\Library\gccCyBLEStack_BLE_SOC_PERIPHERAL.a(ll.o)
                0x0000366a                ll_handle_read_host_channel_map

i.ll_handle_remove_device_in_whitelist
                0x0000366e       0x2a
 i.ll_handle_remove_device_in_whitelist
                0x0000366e       0x2a C:\Program Files (x86)\Cypress\PSoC Creator\3.3\PSoC Creator\psoc\content\cycomponentlibrary\CyComponentLibrary.cylib\BLE_v2_30\Library\gccCyBLEStack_BLE_SOC_PERIPHERAL.a(ll.o)
                0x0000366e                ll_handle_remove_device_in_whitelist

i.ll_handle_reset
                0x00003698        0xe
 i.ll_handle_reset
                0x00003698        0xe C:\Program Files (x86)\Cypress\PSoC Creator\3.3\PSoC Creator\psoc\content\cycomponentlibrary\CyComponentLibrary.cylib\BLE_v2_30\Library\gccCyBLEStack_BLE_SOC_PERIPHERAL.a(ll.o)
                0x00003698                ll_handle_reset

i.ll_handle_set_random_address
                0x000036a6       0x36
 i.ll_handle_set_random_address
                0x000036a6       0x36 C:\Program Files (x86)\Cypress\PSoC Creator\3.3\PSoC Creator\psoc\content\cycomponentlibrary\CyComponentLibrary.cylib\BLE_v2_30\Library\gccCyBLEStack_BLE_SOC_PERIPHERAL.a(ll.o)
                0x000036a6                ll_handle_set_random_address

i.ll_init       0x000036dc       0x18
 i.ll_init      0x000036dc       0x18 C:\Program Files (x86)\Cypress\PSoC Creator\3.3\PSoC Creator\psoc\content\cycomponentlibrary\CyComponentLibrary.cylib\BLE_v2_30\Library\gccCyBLEStack_BLE_SOC_PERIPHERAL.a(ll.o)
                0x000036dc                ll_init

i.ll_initialize_device_attributes
                0x000036f4       0x4c
 i.ll_initialize_device_attributes
                0x000036f4       0x4c C:\Program Files (x86)\Cypress\PSoC Creator\3.3\PSoC Creator\psoc\content\cycomponentlibrary\CyComponentLibrary.cylib\BLE_v2_30\Library\gccCyBLEStack_BLE_SOC_PERIPHERAL.a(ll.o)
                0x000036f4                ll_initialize_device_attributes

i.ll_is_pkt_pending
                0x00003740       0x2a
 i.ll_is_pkt_pending
                0x00003740       0x2a C:\Program Files (x86)\Cypress\PSoC Creator\3.3\PSoC Creator\psoc\content\cycomponentlibrary\CyComponentLibrary.cylib\BLE_v2_30\Library\gccCyBLEStack_BLE_SOC_PERIPHERAL.a(ll.o)
                0x00003740                ll_is_pkt_pending

i.ll_is_sent_pkt_pending
                0x0000376a       0x1a
 i.ll_is_sent_pkt_pending
                0x0000376a       0x1a C:\Program Files (x86)\Cypress\PSoC Creator\3.3\PSoC Creator\psoc\content\cycomponentlibrary\CyComponentLibrary.cylib\BLE_v2_30\Library\gccCyBLEStack_BLE_SOC_PERIPHERAL.a(ll.o)
                0x0000376a                ll_is_sent_pkt_pending

i.ll_isr_exit_low_power_mode
                0x00003784       0x16
 i.ll_isr_exit_low_power_mode
                0x00003784       0x16 C:\Program Files (x86)\Cypress\PSoC Creator\3.3\PSoC Creator\psoc\content\cycomponentlibrary\CyComponentLibrary.cylib\BLE_v2_30\Library\gccCyBLEStack_BLE_SOC_PERIPHERAL.a(ll.o)
                0x00003784                ll_isr_exit_low_power_mode

i.ll_load_host_data_packet
                0x0000379a       0x4a
 i.ll_load_host_data_packet
                0x0000379a       0x4a C:\Program Files (x86)\Cypress\PSoC Creator\3.3\PSoC Creator\psoc\content\cycomponentlibrary\CyComponentLibrary.cylib\BLE_v2_30\Library\gccCyBLEStack_BLE_SOC_PERIPHERAL.a(ll.o)
                0x0000379a                ll_load_host_data_packet

i.ll_load_packet_to_fifo
                0x000037e4       0x6e
 i.ll_load_packet_to_fifo
                0x000037e4       0x6e C:\Program Files (x86)\Cypress\PSoC Creator\3.3\PSoC Creator\psoc\content\cycomponentlibrary\CyComponentLibrary.cylib\BLE_v2_30\Library\gccCyBLEStack_BLE_SOC_PERIPHERAL.a(ll.o)
                0x000037e4                ll_load_packet_to_fifo

i.ll_process_acks
                0x00003852       0x3c
 i.ll_process_acks
                0x00003852       0x3c C:\Program Files (x86)\Cypress\PSoC Creator\3.3\PSoC Creator\psoc\content\cycomponentlibrary\CyComponentLibrary.cylib\BLE_v2_30\Library\gccCyBLEStack_BLE_SOC_PERIPHERAL.a(ll.o)
                0x00003852                ll_process_acks

i.ll_reset      0x0000388e       0x12
 i.ll_reset     0x0000388e       0x12 C:\Program Files (x86)\Cypress\PSoC Creator\3.3\PSoC Creator\psoc\content\cycomponentlibrary\CyComponentLibrary.cylib\BLE_v2_30\Library\gccCyBLEStack_BLE_SOC_PERIPHERAL.a(ll.o)
                0x0000388e                ll_reset

i.ll_update_active_features
                0x000038a0       0x58
 i.ll_update_active_features
                0x000038a0       0x58 C:\Program Files (x86)\Cypress\PSoC Creator\3.3\PSoC Creator\psoc\content\cycomponentlibrary\CyComponentLibrary.cylib\BLE_v2_30\Library\gccCyBLEStack_BLE_SOC_PERIPHERAL.a(ll.o)
                0x000038a0                ll_update_active_features

i.ll_update_device_fsm
                0x000038f8        0x8
 i.ll_update_device_fsm
                0x000038f8        0x8 C:\Program Files (x86)\Cypress\PSoC Creator\3.3\PSoC Creator\psoc\content\cycomponentlibrary\CyComponentLibrary.cylib\BLE_v2_30\Library\gccCyBLEStack_BLE_SOC_PERIPHERAL.a(ll.o)
                0x000038f8                ll_update_device_fsm

i.pf_le_start_timer
                0x00003900       0x16
 i.pf_le_start_timer
                0x00003900       0x16 C:\Program Files (x86)\Cypress\PSoC Creator\3.3\PSoC Creator\psoc\content\cycomponentlibrary\CyComponentLibrary.cylib\BLE_v2_30\Library\gccCyBLEStack_BLE_SOC_PERIPHERAL.a(ll.o)
                0x00003900                pf_le_start_timer

i.pf_le_stop_timer
                0x00003916       0x12
 i.pf_le_stop_timer
                0x00003916       0x12 C:\Program Files (x86)\Cypress\PSoC Creator\3.3\PSoC Creator\psoc\content\cycomponentlibrary\CyComponentLibrary.cylib\BLE_v2_30\Library\gccCyBLEStack_BLE_SOC_PERIPHERAL.a(ll.o)
                0x00003916                pf_le_stop_timer

i.CyBleControllerIP_TuneAdvEventInterPktSlots
                0x00003928       0x44
 i.CyBleControllerIP_TuneAdvEventInterPktSlots
                0x00003928       0x44 C:\Program Files (x86)\Cypress\PSoC Creator\3.3\PSoC Creator\psoc\content\cycomponentlibrary\CyComponentLibrary.cylib\BLE_v2_30\Library\gccCyBLEStack_BLE_SOC_PERIPHERAL.a(ll_advertiser.o)
                0x00003928                CyBleControllerIP_TuneAdvEventInterPktSlots

i.ll_adv_is_configured_connection_adv
                0x0000396c       0x1e
 i.ll_adv_is_configured_connection_adv
                0x0000396c       0x1e C:\Program Files (x86)\Cypress\PSoC Creator\3.3\PSoC Creator\psoc\content\cycomponentlibrary\CyComponentLibrary.cylib\BLE_v2_30\Library\gccCyBLEStack_BLE_SOC_PERIPHERAL.a(ll_advertiser.o)
                0x0000396c                ll_adv_is_configured_connection_adv

i.ll_check_random_address_in_use_by_advertiser
                0x0000398a       0x10
 i.ll_check_random_address_in_use_by_advertiser
                0x0000398a       0x10 C:\Program Files (x86)\Cypress\PSoC Creator\3.3\PSoC Creator\psoc\content\cycomponentlibrary\CyComponentLibrary.cylib\BLE_v2_30\Library\gccCyBLEStack_BLE_SOC_PERIPHERAL.a(ll_advertiser.o)
                0x0000398a                ll_check_random_address_in_use_by_advertiser

i.ll_check_whitelist_in_use_by_advertiser
                0x0000399a       0x10
 i.ll_check_whitelist_in_use_by_advertiser
                0x0000399a       0x10 C:\Program Files (x86)\Cypress\PSoC Creator\3.3\PSoC Creator\psoc\content\cycomponentlibrary\CyComponentLibrary.cylib\BLE_v2_30\Library\gccCyBLEStack_BLE_SOC_PERIPHERAL.a(ll_advertiser.o)
                0x0000399a                ll_check_whitelist_in_use_by_advertiser

i.ll_get_adv_status
                0x000039aa        0xc
 i.ll_get_adv_status
                0x000039aa        0xc C:\Program Files (x86)\Cypress\PSoC Creator\3.3\PSoC Creator\psoc\content\cycomponentlibrary\CyComponentLibrary.cylib\BLE_v2_30\Library\gccCyBLEStack_BLE_SOC_PERIPHERAL.a(ll_advertiser.o)
                0x000039aa                ll_get_adv_status

i.ll_get_adv_type
                0x000039b6       0x16
 i.ll_get_adv_type
                0x000039b6       0x16 C:\Program Files (x86)\Cypress\PSoC Creator\3.3\PSoC Creator\psoc\content\cycomponentlibrary\CyComponentLibrary.cylib\BLE_v2_30\Library\gccCyBLEStack_BLE_SOC_PERIPHERAL.a(ll_advertiser.o)
                0x000039b6                ll_get_adv_type

i.ll_handle_adv_intr
                0x000039cc       0x50
 i.ll_handle_adv_intr
                0x000039cc       0x50 C:\Program Files (x86)\Cypress\PSoC Creator\3.3\PSoC Creator\psoc\content\cycomponentlibrary\CyComponentLibrary.cylib\BLE_v2_30\Library\gccCyBLEStack_BLE_SOC_PERIPHERAL.a(ll_advertiser.o)
                0x000039cc                ll_handle_adv_intr

i.ll_handle_set_adv_data
                0x00003a1c       0x14
 i.ll_handle_set_adv_data
                0x00003a1c       0x14 C:\Program Files (x86)\Cypress\PSoC Creator\3.3\PSoC Creator\psoc\content\cycomponentlibrary\CyComponentLibrary.cylib\BLE_v2_30\Library\gccCyBLEStack_BLE_SOC_PERIPHERAL.a(ll_advertiser.o)
                0x00003a1c                ll_handle_set_adv_data

i.ll_handle_set_adv_parameters
                0x00003a30       0x84
 i.ll_handle_set_adv_parameters
                0x00003a30       0x84 C:\Program Files (x86)\Cypress\PSoC Creator\3.3\PSoC Creator\psoc\content\cycomponentlibrary\CyComponentLibrary.cylib\BLE_v2_30\Library\gccCyBLEStack_BLE_SOC_PERIPHERAL.a(ll_advertiser.o)
                0x00003a30                ll_handle_set_adv_parameters

i.ll_handle_set_advertise_enable
                0x00003ab4       0x78
 i.ll_handle_set_advertise_enable
                0x00003ab4       0x78 C:\Program Files (x86)\Cypress\PSoC Creator\3.3\PSoC Creator\psoc\content\cycomponentlibrary\CyComponentLibrary.cylib\BLE_v2_30\Library\gccCyBLEStack_BLE_SOC_PERIPHERAL.a(ll_advertiser.o)
                0x00003ab4                ll_handle_set_advertise_enable

i.ll_handle_set_scan_resp_data
                0x00003b2c       0x14
 i.ll_handle_set_scan_resp_data
                0x00003b2c       0x14 C:\Program Files (x86)\Cypress\PSoC Creator\3.3\PSoC Creator\psoc\content\cycomponentlibrary\CyComponentLibrary.cylib\BLE_v2_30\Library\gccCyBLEStack_BLE_SOC_PERIPHERAL.a(ll_advertiser.o)
                0x00003b2c                ll_handle_set_scan_resp_data

i.ll_init_advertiser
                0x00003b40       0x68
 i.ll_init_advertiser
                0x00003b40       0x68 C:\Program Files (x86)\Cypress\PSoC Creator\3.3\PSoC Creator\psoc\content\cycomponentlibrary\CyComponentLibrary.cylib\BLE_v2_30\Library\gccCyBLEStack_BLE_SOC_PERIPHERAL.a(ll_advertiser.o)
                0x00003b40                ll_init_advertiser

i.is_le_connection_handle
                0x00003ba8       0x28
 i.is_le_connection_handle
                0x00003ba8       0x28 C:\Program Files (x86)\Cypress\PSoC Creator\3.3\PSoC Creator\psoc\content\cycomponentlibrary\CyComponentLibrary.cylib\BLE_v2_30\Library\gccCyBLEStack_BLE_SOC_PERIPHERAL.a(ll_connection.o)
                0x00003ba8                is_le_connection_handle

i.le_assign_connection_handle
                0x00003bd0       0x28
 i.le_assign_connection_handle
                0x00003bd0       0x28 C:\Program Files (x86)\Cypress\PSoC Creator\3.3\PSoC Creator\psoc\content\cycomponentlibrary\CyComponentLibrary.cylib\BLE_v2_30\Library\gccCyBLEStack_BLE_SOC_PERIPHERAL.a(ll_connection.o)
                0x00003bd0                le_assign_connection_handle

i.le_get_connection_index
                0x00003bf8        0x6
 i.le_get_connection_index
                0x00003bf8        0x6 C:\Program Files (x86)\Cypress\PSoC Creator\3.3\PSoC Creator\psoc\content\cycomponentlibrary\CyComponentLibrary.cylib\BLE_v2_30\Library\gccCyBLEStack_BLE_SOC_PERIPHERAL.a(ll_connection.o)
                0x00003bf8                le_get_connection_index

i.ll_allocate_connection
                0x00003c00       0x44
 i.ll_allocate_connection
                0x00003c00       0x44 C:\Program Files (x86)\Cypress\PSoC Creator\3.3\PSoC Creator\psoc\content\cycomponentlibrary\CyComponentLibrary.cylib\BLE_v2_30\Library\gccCyBLEStack_BLE_SOC_PERIPHERAL.a(ll_connection.o)
                0x00003c00                ll_allocate_connection

i.ll_calculate_and_program_def_win_widen_drift
                0x00003c44       0x14
 i.ll_calculate_and_program_def_win_widen_drift
                0x00003c44       0x14 C:\Program Files (x86)\Cypress\PSoC Creator\3.3\PSoC Creator\psoc\content\cycomponentlibrary\CyComponentLibrary.cylib\BLE_v2_30\Library\gccCyBLEStack_BLE_SOC_PERIPHERAL.a(ll_connection.o)
                0x00003c44                ll_calculate_and_program_def_win_widen_drift

i.ll_calculate_drift
                0x00003c58       0x2c
 i.ll_calculate_drift
                0x00003c58       0x2c C:\Program Files (x86)\Cypress\PSoC Creator\3.3\PSoC Creator\psoc\content\cycomponentlibrary\CyComponentLibrary.cylib\BLE_v2_30\Library\gccCyBLEStack_BLE_SOC_PERIPHERAL.a(ll_connection.o)
                0x00003c58                ll_calculate_drift

i.ll_check_and_decrypt_ll_pdu
                0x00003c84       0x68
 i.ll_check_and_decrypt_ll_pdu
                0x00003c84       0x68 C:\Program Files (x86)\Cypress\PSoC Creator\3.3\PSoC Creator\psoc\content\cycomponentlibrary\CyComponentLibrary.cylib\BLE_v2_30\Library\gccCyBLEStack_BLE_SOC_PERIPHERAL.a(ll_connection.o)
                0x00003c84                ll_check_and_decrypt_ll_pdu

i.ll_check_and_decrypt_packet
                0x00003cec       0x6a
 i.ll_check_and_decrypt_packet
                0x00003cec       0x6a C:\Program Files (x86)\Cypress\PSoC Creator\3.3\PSoC Creator\psoc\content\cycomponentlibrary\CyComponentLibrary.cylib\BLE_v2_30\Library\gccCyBLEStack_BLE_SOC_PERIPHERAL.a(ll_connection.o)
                0x00003cec                ll_check_and_decrypt_packet

i.ll_check_and_encrypt_ll_pdu
                0x00003d56       0x72
 i.ll_check_and_encrypt_ll_pdu
                0x00003d56       0x72 C:\Program Files (x86)\Cypress\PSoC Creator\3.3\PSoC Creator\psoc\content\cycomponentlibrary\CyComponentLibrary.cylib\BLE_v2_30\Library\gccCyBLEStack_BLE_SOC_PERIPHERAL.a(ll_connection.o)
                0x00003d56                ll_check_and_encrypt_ll_pdu

i.ll_check_and_encrypt_packet
                0x00003dc8       0x8a
 i.ll_check_and_encrypt_packet
                0x00003dc8       0x8a C:\Program Files (x86)\Cypress\PSoC Creator\3.3\PSoC Creator\psoc\content\cycomponentlibrary\CyComponentLibrary.cylib\BLE_v2_30\Library\gccCyBLEStack_BLE_SOC_PERIPHERAL.a(ll_connection.o)
                0x00003dc8                ll_check_and_encrypt_packet

i.ll_check_for_allowing_incoming_connection_update
                0x00003e52       0x42
 i.ll_check_for_allowing_incoming_connection_update
                0x00003e52       0x42 C:\Program Files (x86)\Cypress\PSoC Creator\3.3\PSoC Creator\psoc\content\cycomponentlibrary\CyComponentLibrary.cylib\BLE_v2_30\Library\gccCyBLEStack_BLE_SOC_PERIPHERAL.a(ll_connection.o)
                0x00003e52                ll_check_for_allowing_incoming_connection_update

i.ll_check_if_pdu_is_loaded_to_hardware
                0x00003e94       0x1c
 i.ll_check_if_pdu_is_loaded_to_hardware
                0x00003e94       0x1c C:\Program Files (x86)\Cypress\PSoC Creator\3.3\PSoC Creator\psoc\content\cycomponentlibrary\CyComponentLibrary.cylib\BLE_v2_30\Library\gccCyBLEStack_BLE_SOC_PERIPHERAL.a(ll_connection.o)
                0x00003e94                ll_check_if_pdu_is_loaded_to_hardware

i.ll_check_random_address_in_use_by_initiator
                0x00003eb0       0x30
 i.ll_check_random_address_in_use_by_initiator
                0x00003eb0       0x30 C:\Program Files (x86)\Cypress\PSoC Creator\3.3\PSoC Creator\psoc\content\cycomponentlibrary\CyComponentLibrary.cylib\BLE_v2_30\Library\gccCyBLEStack_BLE_SOC_PERIPHERAL.a(ll_connection.o)
                0x00003eb0                ll_check_random_address_in_use_by_initiator

i.ll_check_white_list_in_use_by_initiator
                0x00003ee0       0x30
 i.ll_check_white_list_in_use_by_initiator
                0x00003ee0       0x30 C:\Program Files (x86)\Cypress\PSoC Creator\3.3\PSoC Creator\psoc\content\cycomponentlibrary\CyComponentLibrary.cylib\BLE_v2_30\Library\gccCyBLEStack_BLE_SOC_PERIPHERAL.a(ll_connection.o)
                0x00003ee0                ll_check_white_list_in_use_by_initiator

i.ll_conn_free_enc_txn_buffer
                0x00003f10       0x16
 i.ll_conn_free_enc_txn_buffer
                0x00003f10       0x16 C:\Program Files (x86)\Cypress\PSoC Creator\3.3\PSoC Creator\psoc\content\cycomponentlibrary\CyComponentLibrary.cylib\BLE_v2_30\Library\gccCyBLEStack_BLE_SOC_PERIPHERAL.a(ll_connection.o)
                0x00003f10                ll_conn_free_enc_txn_buffer

i.ll_conn_fsm_update_channel_state
                0x00003f26        0x6
 i.ll_conn_fsm_update_channel_state
                0x00003f26        0x6 C:\Program Files (x86)\Cypress\PSoC Creator\3.3\PSoC Creator\psoc\content\cycomponentlibrary\CyComponentLibrary.cylib\BLE_v2_30\Library\gccCyBLEStack_BLE_SOC_PERIPHERAL.a(ll_connection.o)
                0x00003f26                ll_conn_fsm_update_channel_state

i.ll_conn_fsm_update_conn_update_state
                0x00003f2c        0x6
 i.ll_conn_fsm_update_conn_update_state
                0x00003f2c        0x6 C:\Program Files (x86)\Cypress\PSoC Creator\3.3\PSoC Creator\psoc\content\cycomponentlibrary\CyComponentLibrary.cylib\BLE_v2_30\Library\gccCyBLEStack_BLE_SOC_PERIPHERAL.a(ll_connection.o)
                0x00003f2c                ll_conn_fsm_update_conn_update_state

i.ll_conn_fsm_update_enc_state
                0x00003f32        0x6
 i.ll_conn_fsm_update_enc_state
                0x00003f32        0x6 C:\Program Files (x86)\Cypress\PSoC Creator\3.3\PSoC Creator\psoc\content\cycomponentlibrary\CyComponentLibrary.cylib\BLE_v2_30\Library\gccCyBLEStack_BLE_SOC_PERIPHERAL.a(ll_connection.o)
                0x00003f32                ll_conn_fsm_update_enc_state

i.ll_conn_fsm_update_state
                0x00003f38        0x4
 i.ll_conn_fsm_update_state
                0x00003f38        0x4 C:\Program Files (x86)\Cypress\PSoC Creator\3.3\PSoC Creator\psoc\content\cycomponentlibrary\CyComponentLibrary.cylib\BLE_v2_30\Library\gccCyBLEStack_BLE_SOC_PERIPHERAL.a(ll_connection.o)
                0x00003f38                ll_conn_fsm_update_state

i.ll_conn_handle_data_pdu_from_host_when_data_paused
                0x00003f3c        0x8
 i.ll_conn_handle_data_pdu_from_host_when_data_paused
                0x00003f3c        0x8 C:\Program Files (x86)\Cypress\PSoC Creator\3.3\PSoC Creator\psoc\content\cycomponentlibrary\CyComponentLibrary.cylib\BLE_v2_30\Library\gccCyBLEStack_BLE_SOC_PERIPHERAL.a(ll_connection.o)
                0x00003f3c                ll_conn_handle_data_pdu_from_host_when_data_paused

i.ll_conn_handle_direct_adv_timeout
                0x00003f44       0x2a
 i.ll_conn_handle_direct_adv_timeout
                0x00003f44       0x2a C:\Program Files (x86)\Cypress\PSoC Creator\3.3\PSoC Creator\psoc\content\cycomponentlibrary\CyComponentLibrary.cylib\BLE_v2_30\Library\gccCyBLEStack_BLE_SOC_PERIPHERAL.a(ll_connection.o)
                0x00003f44                ll_conn_handle_direct_adv_timeout

i.ll_conn_handle_ping_timer_expired_interrupt
                0x00003f70       0x1c
 i.ll_conn_handle_ping_timer_expired_interrupt
                0x00003f70       0x1c C:\Program Files (x86)\Cypress\PSoC Creator\3.3\PSoC Creator\psoc\content\cycomponentlibrary\CyComponentLibrary.cylib\BLE_v2_30\Library\gccCyBLEStack_BLE_SOC_PERIPHERAL.a(ll_connection.o)
                0x00003f70                ll_conn_handle_ping_timer_expired_interrupt

i.ll_conn_handle_ping_timer_nearly_expired_interrupt
                0x00003f8c       0x20
 i.ll_conn_handle_ping_timer_nearly_expired_interrupt
                0x00003f8c       0x20 C:\Program Files (x86)\Cypress\PSoC Creator\3.3\PSoC Creator\psoc\content\cycomponentlibrary\CyComponentLibrary.cylib\BLE_v2_30\Library\gccCyBLEStack_BLE_SOC_PERIPHERAL.a(ll_connection.o)
                0x00003f8c                ll_conn_handle_ping_timer_nearly_expired_interrupt

i.ll_conn_handle_stop_connectable_adv
                0x00003fac       0x12
 i.ll_conn_handle_stop_connectable_adv
                0x00003fac       0x12 C:\Program Files (x86)\Cypress\PSoC Creator\3.3\PSoC Creator\psoc\content\cycomponentlibrary\CyComponentLibrary.cylib\BLE_v2_30\Library\gccCyBLEStack_BLE_SOC_PERIPHERAL.a(ll_connection.o)
                0x00003fac                ll_conn_handle_stop_connectable_adv

i.ll_conn_process_pending_transactions
                0x00003fbe        0x4
 i.ll_conn_process_pending_transactions
                0x00003fbe        0x4 C:\Program Files (x86)\Cypress\PSoC Creator\3.3\PSoC Creator\psoc\content\cycomponentlibrary\CyComponentLibrary.cylib\BLE_v2_30\Library\gccCyBLEStack_BLE_SOC_PERIPHERAL.a(ll_connection.o)
                0x00003fbe                ll_conn_process_pending_transactions

i.ll_conn_program_authenticated_payload_timer
                0x00003fc4       0x50
 i.ll_conn_program_authenticated_payload_timer
                0x00003fc4       0x50 C:\Program Files (x86)\Cypress\PSoC Creator\3.3\PSoC Creator\psoc\content\cycomponentlibrary\CyComponentLibrary.cylib\BLE_v2_30\Library\gccCyBLEStack_BLE_SOC_PERIPHERAL.a(ll_connection.o)
                0x00003fc4                ll_conn_program_authenticated_payload_timer

i.ll_conn_read_data_pdu_from_hardware
                0x00004014       0x14
 i.ll_conn_read_data_pdu_from_hardware
                0x00004014       0x14 C:\Program Files (x86)\Cypress\PSoC Creator\3.3\PSoC Creator\psoc\content\cycomponentlibrary\CyComponentLibrary.cylib\BLE_v2_30\Library\gccCyBLEStack_BLE_SOC_PERIPHERAL.a(ll_connection.o)
                0x00004014                ll_conn_read_data_pdu_from_hardware

i.ll_conn_send_ping_req_pdu
                0x00004028       0x40
 i.ll_conn_send_ping_req_pdu
                0x00004028       0x40 C:\Program Files (x86)\Cypress\PSoC Creator\3.3\PSoC Creator\psoc\content\cycomponentlibrary\CyComponentLibrary.cylib\BLE_v2_30\Library\gccCyBLEStack_BLE_SOC_PERIPHERAL.a(ll_connection.o)
                0x00004028                ll_conn_send_ping_req_pdu

i.ll_conn_store_pending_tx_pdu
                0x00004068       0x1a
 i.ll_conn_store_pending_tx_pdu
                0x00004068       0x1a C:\Program Files (x86)\Cypress\PSoC Creator\3.3\PSoC Creator\psoc\content\cycomponentlibrary\CyComponentLibrary.cylib\BLE_v2_30\Library\gccCyBLEStack_BLE_SOC_PERIPHERAL.a(ll_connection.o)
                0x00004068                ll_conn_store_pending_tx_pdu

i.ll_conn_update_rssi
                0x00004082       0x16
 i.ll_conn_update_rssi
                0x00004082       0x16 C:\Program Files (x86)\Cypress\PSoC Creator\3.3\PSoC Creator\psoc\content\cycomponentlibrary\CyComponentLibrary.cylib\BLE_v2_30\Library\gccCyBLEStack_BLE_SOC_PERIPHERAL.a(ll_connection.o)
                0x00004082                ll_conn_update_rssi

i.ll_convert_hci_llid_to_ll_llid_host_to_controller
                0x00004098        0x8
 i.ll_convert_hci_llid_to_ll_llid_host_to_controller
                0x00004098        0x8 C:\Program Files (x86)\Cypress\PSoC Creator\3.3\PSoC Creator\psoc\content\cycomponentlibrary\CyComponentLibrary.cylib\BLE_v2_30\Library\gccCyBLEStack_BLE_SOC_PERIPHERAL.a(ll_connection.o)
                0x00004098                ll_convert_hci_llid_to_ll_llid_host_to_controller

i.ll_convert_ll_llid_to_hci_llid_controller_to_host
                0x000040a0        0x2
 i.ll_convert_ll_llid_to_hci_llid_controller_to_host
                0x000040a0        0x2 C:\Program Files (x86)\Cypress\PSoC Creator\3.3\PSoC Creator\psoc\content\cycomponentlibrary\CyComponentLibrary.cylib\BLE_v2_30\Library\gccCyBLEStack_BLE_SOC_PERIPHERAL.a(ll_connection.o)
                0x000040a0                ll_convert_ll_llid_to_hci_llid_controller_to_host

i.ll_decode_and_program_connect_req
                0x000040a4       0xec
 i.ll_decode_and_program_connect_req
                0x000040a4       0xec C:\Program Files (x86)\Cypress\PSoC Creator\3.3\PSoC Creator\psoc\content\cycomponentlibrary\CyComponentLibrary.cylib\BLE_v2_30\Library\gccCyBLEStack_BLE_SOC_PERIPHERAL.a(ll_connection.o)
                0x000040a4                ll_decode_and_program_connect_req

i.ll_enc_fsm_derive_session_key
                0x00004190       0x46
 i.ll_enc_fsm_derive_session_key
                0x00004190       0x46 C:\Program Files (x86)\Cypress\PSoC Creator\3.3\PSoC Creator\psoc\content\cycomponentlibrary\CyComponentLibrary.cylib\BLE_v2_30\Library\gccCyBLEStack_BLE_SOC_PERIPHERAL.a(ll_connection.o)
                0x00004190                ll_enc_fsm_derive_session_key

i.ll_enc_handle_enc_complete
                0x000041d6       0x68
 i.ll_enc_handle_enc_complete
                0x000041d6       0x68 C:\Program Files (x86)\Cypress\PSoC Creator\3.3\PSoC Creator\psoc\content\cycomponentlibrary\CyComponentLibrary.cylib\BLE_v2_30\Library\gccCyBLEStack_BLE_SOC_PERIPHERAL.a(ll_connection.o)
                0x000041d6                ll_enc_handle_enc_complete

i.ll_enc_handle_enc_failure
                0x00004240       0xa4
 i.ll_enc_handle_enc_failure
                0x00004240       0xa4 C:\Program Files (x86)\Cypress\PSoC Creator\3.3\PSoC Creator\psoc\content\cycomponentlibrary\CyComponentLibrary.cylib\BLE_v2_30\Library\gccCyBLEStack_BLE_SOC_PERIPHERAL.a(ll_connection.o)
                0x00004240                ll_enc_handle_enc_failure

i.ll_enc_handle_ll_reject_pdu_cb
                0x000042e4       0x24
 i.ll_enc_handle_ll_reject_pdu_cb
                0x000042e4       0x24 C:\Program Files (x86)\Cypress\PSoC Creator\3.3\PSoC Creator\psoc\content\cycomponentlibrary\CyComponentLibrary.cylib\BLE_v2_30\Library\gccCyBLEStack_BLE_SOC_PERIPHERAL.a(ll_connection.o)
                0x000042e4                ll_enc_handle_ll_reject_pdu_cb

i.ll_enc_handle_ll_terminate_pdu
                0x00004308       0x16
 i.ll_enc_handle_ll_terminate_pdu
                0x00004308       0x16 C:\Program Files (x86)\Cypress\PSoC Creator\3.3\PSoC Creator\psoc\content\cycomponentlibrary\CyComponentLibrary.cylib\BLE_v2_30\Library\gccCyBLEStack_BLE_SOC_PERIPHERAL.a(ll_connection.o)
                0x00004308                ll_enc_handle_ll_terminate_pdu

i.ll_enc_handle_ll_unknown_resp_pdu_cb
                0x0000431e       0x24
 i.ll_enc_handle_ll_unknown_resp_pdu_cb
                0x0000431e       0x24 C:\Program Files (x86)\Cypress\PSoC Creator\3.3\PSoC Creator\psoc\content\cycomponentlibrary\CyComponentLibrary.cylib\BLE_v2_30\Library\gccCyBLEStack_BLE_SOC_PERIPHERAL.a(ll_connection.o)
                0x0000431e                ll_enc_handle_ll_unknown_resp_pdu_cb

i.ll_enc_handle_slave_await_to_start_cb
                0x00004344       0x80
 i.ll_enc_handle_slave_await_to_start_cb
                0x00004344       0x80 C:\Program Files (x86)\Cypress\PSoC Creator\3.3\PSoC Creator\psoc\content\cycomponentlibrary\CyComponentLibrary.cylib\BLE_v2_30\Library\gccCyBLEStack_BLE_SOC_PERIPHERAL.a(ll_connection.o)
                0x00004344                ll_enc_handle_slave_await_to_start_cb

i.ll_enc_handle_slave_enc_resp_ack_cb
                0x000043c4       0x28
 i.ll_enc_handle_slave_enc_resp_ack_cb
                0x000043c4       0x28 C:\Program Files (x86)\Cypress\PSoC Creator\3.3\PSoC Creator\psoc\content\cycomponentlibrary\CyComponentLibrary.cylib\BLE_v2_30\Library\gccCyBLEStack_BLE_SOC_PERIPHERAL.a(ll_connection.o)
                0x000043c4                ll_enc_handle_slave_enc_resp_ack_cb

i.ll_enc_handle_slave_ltk_neg_reply_cb
                0x000043ec       0x60
 i.ll_enc_handle_slave_ltk_neg_reply_cb
                0x000043ec       0x60 C:\Program Files (x86)\Cypress\PSoC Creator\3.3\PSoC Creator\psoc\content\cycomponentlibrary\CyComponentLibrary.cylib\BLE_v2_30\Library\gccCyBLEStack_BLE_SOC_PERIPHERAL.a(ll_connection.o)
                0x000043ec                ll_enc_handle_slave_ltk_neg_reply_cb

i.ll_enc_handle_slave_pause_enc_req_cb
                0x0000444c       0x46
 i.ll_enc_handle_slave_pause_enc_req_cb
                0x0000444c       0x46 C:\Program Files (x86)\Cypress\PSoC Creator\3.3\PSoC Creator\psoc\content\cycomponentlibrary\CyComponentLibrary.cylib\BLE_v2_30\Library\gccCyBLEStack_BLE_SOC_PERIPHERAL.a(ll_connection.o)
                0x0000444c                ll_enc_handle_slave_pause_enc_req_cb

i.ll_enc_handle_slave_pause_enc_resp_cb
                0x00004492       0x10
 i.ll_enc_handle_slave_pause_enc_resp_cb
                0x00004492       0x10 C:\Program Files (x86)\Cypress\PSoC Creator\3.3\PSoC Creator\psoc\content\cycomponentlibrary\CyComponentLibrary.cylib\BLE_v2_30\Library\gccCyBLEStack_BLE_SOC_PERIPHERAL.a(ll_connection.o)
                0x00004492                ll_enc_handle_slave_pause_enc_resp_cb

i.ll_enc_handle_slave_reject_ind_ack_cb
                0x000044a2       0x22
 i.ll_enc_handle_slave_reject_ind_ack_cb
                0x000044a2       0x22 C:\Program Files (x86)\Cypress\PSoC Creator\3.3\PSoC Creator\psoc\content\cycomponentlibrary\CyComponentLibrary.cylib\BLE_v2_30\Library\gccCyBLEStack_BLE_SOC_PERIPHERAL.a(ll_connection.o)