Archive member included because of file (symbol)

.\CortexM0\ARM_GCC_493\Debug\TransferByte.a(cyfitter_cfg.o)
                              .\CortexM0\ARM_GCC_493\Debug\Cm0Start.o (cyfitter_cfg)
.\CortexM0\ARM_GCC_493\Debug\TransferByte.a(BLE_1.o)
                              .\CortexM0\ARM_GCC_493\Debug\main.o (CyBle_Start)
.\CortexM0\ARM_GCC_493\Debug\TransferByte.a(BLE_1_gatt.o)
                              .\CortexM0\ARM_GCC_493\Debug\TransferByte.a(BLE_1.o) (cyBle_state)
.\CortexM0\ARM_GCC_493\Debug\TransferByte.a(BLE_1_eventHandler.o)
                              .\CortexM0\ARM_GCC_493\Debug\TransferByte.a(BLE_1.o) (cyBle_connHandle)
.\CortexM0\ARM_GCC_493\Debug\TransferByte.a(BLE_1_custom.o)
                              .\CortexM0\ARM_GCC_493\Debug\TransferByte.a(BLE_1.o) (CyBle_CustomInit)
.\CortexM0\ARM_GCC_493\Debug\TransferByte.a(CyBootAsmGnu.o)
                              .\CortexM0\ARM_GCC_493\Debug\TransferByte.a(cyfitter_cfg.o) (CyDelayCycles)
.\CortexM0\ARM_GCC_493\Debug\TransferByte.a(CyLib.o)
                              .\CortexM0\ARM_GCC_493\Debug\TransferByte.a(cyfitter_cfg.o) (CySysClkWriteImoFreq)
.\CortexM0\ARM_GCC_493\Debug\TransferByte.a(CyLFClk.o)
                              .\CortexM0\ARM_GCC_493\Debug\TransferByte.a(cyfitter_cfg.o) (CySysClkWcoStart)
.\CortexM0\ARM_GCC_493\Debug\TransferByte.a(UART_1.o)
                              .\CortexM0\ARM_GCC_493\Debug\main.o (UART_1_Start)
.\CortexM0\ARM_GCC_493\Debug\TransferByte.a(UART_1_SPI_UART.o)
                              .\CortexM0\ARM_GCC_493\Debug\main.o (UART_1_SpiUartGetRxBufferSize)
.\CortexM0\ARM_GCC_493\Debug\TransferByte.a(UART_1_UART.o)
                              .\CortexM0\ARM_GCC_493\Debug\TransferByte.a(UART_1.o) (UART_1_UartInit)
.\CortexM0\ARM_GCC_493\Debug\TransferByte.a(UART_1_SPI_UART_INT.o)
                              .\CortexM0\ARM_GCC_493\Debug\TransferByte.a(UART_1_UART.o) (UART_1_SPI_UART_ISR)
C:\Program Files (x86)\Cypress\PSoC Creator\3.3\PSoC Creator\psoc\content\cycomponentlibrary\CyComponentLibrary.cylib\BLE_v2_30\Library\gccCyBLEStack_BLE_SOC_PERIPHERAL.a(CyBle.o)
                              .\CortexM0\ARM_GCC_493\Debug\main.o (CyBle_ProcessEvents)
C:\Program Files (x86)\Cypress\PSoC Creator\3.3\PSoC Creator\psoc\content\cycomponentlibrary\CyComponentLibrary.cylib\BLE_v2_30\Library\gccCyBLEStack_BLE_SOC_PERIPHERAL.a(CyBleStackMgrIP_Interface.o)
                              C:\Program Files (x86)\Cypress\PSoC Creator\3.3\PSoC Creator\psoc\content\cycomponentlibrary\CyComponentLibrary.cylib\BLE_v2_30\Library\gccCyBLEStack_BLE_SOC_PERIPHERAL.a(CyBle.o) (CyBleStackMgr_Init)
C:\Program Files (x86)\Cypress\PSoC Creator\3.3\PSoC Creator\psoc\content\cycomponentlibrary\CyComponentLibrary.cylib\BLE_v2_30\Library\gccCyBLEStack_BLE_SOC_PERIPHERAL.a(BT_os.o)
                              C:\Program Files (x86)\Cypress\PSoC Creator\3.3\PSoC Creator\psoc\content\cycomponentlibrary\CyComponentLibrary.cylib\BLE_v2_30\Library\gccCyBLEStack_BLE_SOC_PERIPHERAL.a(CyBleStackMgrIP_Interface.o) (cyBleStackMemoryConfig)
C:\Program Files (x86)\Cypress\PSoC Creator\3.3\PSoC Creator\psoc\content\cycomponentlibrary\CyComponentLibrary.cylib\BLE_v2_30\Library\gccCyBLEStack_BLE_SOC_PERIPHERAL.a(CyBleStackMgr_StackTaskHandler.o)
                              C:\Program Files (x86)\Cypress\PSoC Creator\3.3\PSoC Creator\psoc\content\cycomponentlibrary\CyComponentLibrary.cylib\BLE_v2_30\Library\gccCyBLEStack_BLE_SOC_PERIPHERAL.a(CyBleStackMgrIP_Interface.o) (CyBle_CreateBleStackTask)
C:\Program Files (x86)\Cypress\PSoC Creator\3.3\PSoC Creator\psoc\content\cycomponentlibrary\CyComponentLibrary.cylib\BLE_v2_30\Library\gccCyBLEStack_BLE_SOC_PERIPHERAL.a(transport_sf.o)
                              C:\Program Files (x86)\Cypress\PSoC Creator\3.3\PSoC Creator\psoc\content\cycomponentlibrary\CyComponentLibrary.cylib\BLE_v2_30\Library\gccCyBLEStack_BLE_SOC_PERIPHERAL.a(CyBleStackMgr_StackTaskHandler.o) (hci_soft_transport_notify_data_received)
C:\Program Files (x86)\Cypress\PSoC Creator\3.3\PSoC Creator\psoc\content\cycomponentlibrary\CyComponentLibrary.cylib\BLE_v2_30\Library\gccCyBLEStack_BLE_SOC_PERIPHERAL.a(CyBleStackMgr_PSoCHal.o)
                              C:\Program Files (x86)\Cypress\PSoC Creator\3.3\PSoC Creator\psoc\content\cycomponentlibrary\CyComponentLibrary.cylib\BLE_v2_30\Library\gccCyBLEStack_BLE_SOC_PERIPHERAL.a(CyBleStackMgrIP_Interface.o) (CyBleStackMgr_HalInit)
C:\Program Files (x86)\Cypress\PSoC Creator\3.3\PSoC Creator\psoc\content\cycomponentlibrary\CyComponentLibrary.cylib\BLE_v2_30\Library\gccCyBLEStack_BLE_SOC_PERIPHERAL.a(CyBleStackMgr_BleSSDriver.o)
                              C:\Program Files (x86)\Cypress\PSoC Creator\3.3\PSoC Creator\psoc\content\cycomponentlibrary\CyComponentLibrary.cylib\BLE_v2_30\Library\gccCyBLEStack_BLE_SOC_PERIPHERAL.a(CyBleStackMgrIP_Interface.o) (CyBleStackMgr_BleSSInit)
[...]
Memory Configuration

Name             Origin             Length             Attributes
rom              0x00000000         0x00020000         xr
ram              0x20000000         0x00004000         xrw
*default*        0x00000000         0xffffffff

Linker script and memory map

LOAD c:/program files (x86)/cypress/psoc creator/3.3/psoc creator/import/gnu/arm/4.9.3/bin/../lib/gcc/arm-none-eabi/4.9.3/armv6-m/crti.o
LOAD c:/program files (x86)/cypress/psoc creator/3.3/psoc creator/import/gnu/arm/4.9.3/bin/../lib/gcc/arm-none-eabi/4.9.3/armv6-m/crtbegin.o
LOAD c:/program files (x86)/cypress/psoc creator/3.3/psoc creator/import/gnu/arm/4.9.3/bin/../lib/gcc/arm-none-eabi/4.9.3/../../../../arm-none-eabi/lib/armv6-m/crt0.o
START GROUP
LOAD .\CortexM0\ARM_GCC_493\Debug\main.o
LOAD .\CortexM0\ARM_GCC_493\Debug\generic.o
LOAD .\CortexM0\ARM_GCC_493\Debug\cymetadata.o
LOAD .\CortexM0\ARM_GCC_493\Debug\Cm0Start.o
LOAD .\CortexM0\ARM_GCC_493\Debug\TransferByte.a
LOAD C:\Program Files (x86)\Cypress\PSoC Creator\3.3\PSoC Creator\psoc\content\cycomponentlibrary\CyComponentLibrary.cylib\BLE_v2_30\Library\gccCyBLEStack_BLE_SOC_PERIPHERAL.a
LOAD C:\Program Files (x86)\Cypress\PSoC Creator\3.3\PSoC Creator\psoc\content\cycomponentlibrary\CyComponentLibrary.cylib\CortexM0\ARM_GCC_493\Debug\CyComponentLibrary.a
END GROUP
START GROUP
LOAD c:/program files (x86)/cypress/psoc creator/3.3/psoc creator/import/gnu/arm/4.9.3/bin/../lib/gcc/arm-none-eabi/4.9.3/armv6-m\libgcc.a
LOAD c:/program files (x86)/cypress/psoc creator/3.3/psoc creator/import/gnu/arm/4.9.3/bin/../lib/gcc/arm-none-eabi/4.9.3/../../../../arm-none-eabi/lib/armv6-m\libg_nano.a
LOAD c:/program files (x86)/cypress/psoc creator/3.3/psoc creator/import/gnu/arm/4.9.3/bin/../lib/gcc/arm-none-eabi/4.9.3/../../../../arm-none-eabi/lib/armv6-m\libc_nano.a
END GROUP
START GROUP
LOAD c:/program files (x86)/cypress/psoc creator/3.3/psoc creator/import/gnu/arm/4.9.3/bin/../lib/gcc/arm-none-eabi/4.9.3/armv6-m\libgcc.a
LOAD c:/program files (x86)/cypress/psoc creator/3.3/psoc creator/import/gnu/arm/4.9.3/bin/../lib/gcc/arm-none-eabi/4.9.3/../../../../arm-none-eabi/lib/armv6-m\libc_nano.a
END GROUP
LOAD c:/program files (x86)/cypress/psoc creator/3.3/psoc creator/import/gnu/arm/4.9.3/bin/../lib/gcc/arm-none-eabi/4.9.3/armv6-m/crtend.o
LOAD c:/program files (x86)/cypress/psoc creator/3.3/psoc creator/import/gnu/arm/4.9.3/bin/../lib/gcc/arm-none-eabi/4.9.3/armv6-m/crtn.o
START GROUP
LOAD c:/program files (x86)/cypress/psoc creator/3.3/psoc creator/import/gnu/arm/4.9.3/bin/../lib/gcc/arm-none-eabi/4.9.3/armv6-m\libgcc.a
LOAD c:/program files (x86)/cypress/psoc creator/3.3/psoc creator/import/gnu/arm/4.9.3/bin/../lib/gcc/arm-none-eabi/4.9.3/../../../../arm-none-eabi/lib/armv6-m\libc.a
LOAD c:/program files (x86)/cypress/psoc creator/3.3/psoc creator/import/gnu/arm/4.9.3/bin/../lib/gcc/arm-none-eabi/4.9.3/../../../../arm-none-eabi/lib/armv6-m\libnosys.a
END GROUP
                0x00000000                CY_APPL_ORIGIN = 0x0
                0x00000080                CY_FLASH_ROW_SIZE = 0x80
                0x00000001                CY_APPL_NUM = 0x1
                0x00000001                CY_APPL_MAX = 0x1
                0x00000040                CY_METADATA_SIZE = 0x40
                0x00000000                CY_APPL_LOADABLE = 0x0
                0x00000000                CY_CHECKSUM_EXCLUDE_SIZE = ALIGN (0x0, CY_FLASH_ROW_SIZE)
                0x00000000                CY_APP_FOR_STACK_AND_COPIER = 0x0
                0x20002e00                PROVIDE (__cy_heap_start, _end)
                0x00000001                PROVIDE (__cy_region_num, ((__cy_regions_end - __cy_regions) / 0x10))
                0x20004000                PROVIDE (__cy_stack, (ORIGIN (ram) + 0x4000))
                0x20003800                PROVIDE (__cy_heap_end, (__cy_stack - 0x800))

.cybootloader   0x00000000        0x0
 *(.cybootloader)
                0x00000000                appl1_start = CY_APPL_ORIGIN?CY_APPL_ORIGIN:ALIGN (CY_FLASH_ROW_SIZE)
                0x0000ff80                appl2_start = (appl1_start + ALIGN ((((0x20000 - appl1_start) - (0x2 * CY_FLASH_ROW_SIZE)) / 0x2), CY_FLASH_ROW_SIZE))
                0x00000000                appl_start = (CY_APPL_NUM == 0x1)?appl1_start:appl2_start
                0x00000001                cy_project_type_bootloader = (appl_start == 0x0)?0x1:0x0
                0x00000000                cy_project_type_app_for_stack_and_copier = (CY_APP_FOR_STACK_AND_COPIER == 0x1)?0x1:0x0

.text           0x00000000     0x1fbc
 CREATE_OBJECT_SYMBOLS
                0x00000000                PROVIDE (__cy_interrupt_vector, RomVectors)
 *(.romvectors)
 .romvectors    0x00000000       0x10 .\CortexM0\ARM_GCC_493\Debug\Cm0Start.o
                0x00000000                RomVectors
                0x00000001                ASSERT ((. != __cy_interrupt_vector), No interrupt vector)
                0x00000001                ASSERT (CY_APPL_ORIGIN?(SIZEOF (.cybootloader) <= CY_APPL_ORIGIN):0x1, Wrong image location)
                0x00000010                PROVIDE (__cy_reset, Reset)
 *(.text.Reset)
 .text.Reset    0x00000010        0x8 .\CortexM0\ARM_GCC_493\Debug\Cm0Start.o
                0x00000010                Reset
                0x00000001                ASSERT ((. != __cy_reset), No reset code)
 *(.psocinit)
 .psocinit      0x00000018      0x208 .\CortexM0\ARM_GCC_493\Debug\TransferByte.a(cyfitter_cfg.o)
                0x000000fc                cyfitter_cfg
                0x00000220                . = MAX (., 0x100)
 *(.text .text.* .gnu.linkonce.t.*)
 .text          0x00000220       0x60 c:/program files (x86)/cypress/psoc creator/3.3/psoc creator/import/gnu/arm/4.9.3/bin/../lib/gcc/arm-none-eabi/4.9.3/armv6-m/crtbegin.o
 .text.main     0x00000280       0x2c .\CortexM0\ARM_GCC_493\Debug\main.o
                0x00000280                main
 .text.InitializeSystem
                0x000002ac       0x2c .\CortexM0\ARM_GCC_493\Debug\main.o
                0x000002ac                InitializeSystem
 .text.HandleData
                0x000002d8       0x34 .\CortexM0\ARM_GCC_493\Debug\main.o
                0x000002d8                HandleData
 .text.GenericAppEventHandler
                0x0000030c      0x174 .\CortexM0\ARM_GCC_493\Debug\generic.o
                0x0000030c                GenericAppEventHandler
 .text.SendDataOverNotification
                0x00000480       0x5c .\CortexM0\ARM_GCC_493\Debug\generic.o
                0x00000480                SendDataOverNotification
 .text.IntDefaultHandler
                0x000004dc        0x8 .\CortexM0\ARM_GCC_493\Debug\Cm0Start.o
                0x000004dc                IntDefaultHandler
 .text.Start_c  0x000004e4       0x98 .\CortexM0\ARM_GCC_493\Debug\Cm0Start.o
                0x000004e4                Start_c
 .text.initialize_psoc
                0x0000057c       0x70 .\CortexM0\ARM_GCC_493\Debug\Cm0Start.o
                0x0000057c                initialize_psoc
 .text.CYMEMZERO
                0x000005ec       0x20 .\CortexM0\ARM_GCC_493\Debug\TransferByte.a(cyfitter_cfg.o)
 .text.AnalogSetDefault
                0x0000060c       0x28 .\CortexM0\ARM_GCC_493\Debug\TransferByte.a(cyfitter_cfg.o)
 .text.CyBle_Init
                0x00000634       0x40 .\CortexM0\ARM_GCC_493\Debug\TransferByte.a(BLE_1.o)
                0x00000634                CyBle_Init
 .text.CyBle_ServiceInit
                0x00000674        0xc .\CortexM0\ARM_GCC_493\Debug\TransferByte.a(BLE_1.o)
                0x00000674                CyBle_ServiceInit
 .text.CyBle_Start
                0x00000680       0xdc .\CortexM0\ARM_GCC_493\Debug\TransferByte.a(BLE_1.o)
                0x00000680                CyBle_Start
 .text.CyBle_GappStartAdvertisement
                0x0000075c       0xd4 .\CortexM0\ARM_GCC_493\Debug\TransferByte.a(BLE_1.o)
                0x0000075c                CyBle_GappStartAdvertisement
 .text.CyBle_ChangeAdDeviceAddress
                0x00000830       0x60 .\CortexM0\ARM_GCC_493\Debug\TransferByte.a(BLE_1.o)
                0x00000830                CyBle_ChangeAdDeviceAddress
 .text.CyBle_Get16ByPtr
                0x00000890       0x28 .\CortexM0\ARM_GCC_493\Debug\TransferByte.a(BLE_1.o)
                0x00000890                CyBle_Get16ByPtr
 .text.CyBle_GattsWriteEventHandler
                0x000008b8       0xa0 .\CortexM0\ARM_GCC_493\Debug\TransferByte.a(BLE_1_gatt.o)
                0x000008b8                CyBle_GattsWriteEventHandler
 .text.CyBle_WriteReqHandler
                0x00000958       0x70 .\CortexM0\ARM_GCC_493\Debug\TransferByte.a(BLE_1_eventHandler.o)
 .text.CyBle_ValueConfirmation
                0x000009c8       0x10 .\CortexM0\ARM_GCC_493\Debug\TransferByte.a(BLE_1_eventHandler.o)
 .text.CyBle_GattDisconnectEventHandler
                0x000009d8       0x18 .\CortexM0\ARM_GCC_493\Debug\TransferByte.a(BLE_1_eventHandler.o)
 .text.CyBle_TimeOutEventHandler
                0x000009f0       0x10 .\CortexM0\ARM_GCC_493\Debug\TransferByte.a(BLE_1_eventHandler.o)
 .text.CyBle_GattConnectReqHandler
                0x00000a00        0x8 .\CortexM0\ARM_GCC_493\Debug\TransferByte.a(BLE_1_eventHandler.o)
 .text.CyBle_IsDeviceAddressValid
                0x00000a08       0x60 .\CortexM0\ARM_GCC_493\Debug\TransferByte.a(BLE_1_eventHandler.o)
 .text.CyBle_L2Cap_ConnParamUpdateRspEventHandler
                0x00000a68       0x14 .\CortexM0\ARM_GCC_493\Debug\TransferByte.a(BLE_1_eventHandler.o)
 .text.CyBle_GapConnUpdateCompleteEventHandler
                0x00000a7c       0x10 .\CortexM0\ARM_GCC_493\Debug\TransferByte.a(BLE_1_eventHandler.o)
 .text.CyBle_EventHandler
                0x00000a8c      0x340 .\CortexM0\ARM_GCC_493\Debug\TransferByte.a(BLE_1_eventHandler.o)
                0x00000a8c                CyBle_EventHandler
 .text.CyBle_CustomInit
                0x00000dcc        0x8 .\CortexM0\ARM_GCC_493\Debug\TransferByte.a(BLE_1_custom.o)
                0x00000dcc                CyBle_CustomInit
 *fill*         0x00000dd4        0x4 
 .text          0x00000dd8       0x20 .\CortexM0\ARM_GCC_493\Debug\TransferByte.a(CyBootAsmGnu.o)
                0x00000dd8                CyDelayCycles
                0x00000dea                CyEnterCriticalSection
                0x00000df2                CyExitCriticalSection
 .text.CySysClkWriteImoFreq
                0x00000df8       0x98 .\CortexM0\ARM_GCC_493\Debug\TransferByte.a(CyLib.o)
                0x00000df8                CySysClkWriteImoFreq
 .text.CySysClkEcoStart
                0x00000e90       0x74 .\CortexM0\ARM_GCC_493\Debug\TransferByte.a(CyLib.o)
                0x00000e90                CySysClkEcoStart
 .text.CySysClkEcoReadStatus
                0x00000f04       0x20 .\CortexM0\ARM_GCC_493\Debug\TransferByte.a(CyLib.o)
                0x00000f04                CySysClkEcoReadStatus
 .text.CyIntSetVector
                0x00000f24       0x4c .\CortexM0\ARM_GCC_493\Debug\TransferByte.a(CyLib.o)
                0x00000f24                CyIntSetVector
 .text.CyIntSetPriority
                0x00000f70       0xa8 .\CortexM0\ARM_GCC_493\Debug\TransferByte.a(CyLib.o)
                0x00000f70                CyIntSetPriority
 .text.CyIntEnable
                0x00001018       0x28 .\CortexM0\ARM_GCC_493\Debug\TransferByte.a(CyLib.o)
                0x00001018                CyIntEnable
 .text.CyIntDisable
                0x00001040       0x28 .\CortexM0\ARM_GCC_493\Debug\TransferByte.a(CyLib.o)
                0x00001040                CyIntDisable
 .text.CyIntClearPending
                0x00001068       0x28 .\CortexM0\ARM_GCC_493\Debug\TransferByte.a(CyLib.o)
                0x00001068                CyIntClearPending
 .text.CyHalt   0x00001090       0x14 .\CortexM0\ARM_GCC_493\Debug\TransferByte.a(CyLib.o)
                0x00001090                CyHalt
 .text.CyDelayUs
                0x000010a4       0x28 .\CortexM0\ARM_GCC_493\Debug\TransferByte.a(CyLib.o)
                0x000010a4                CyDelayUs
 .text.CySysClkWcoSetHighPowerMode
                0x000010cc       0x48 .\CortexM0\ARM_GCC_493\Debug\TransferByte.a(CyLFClk.o)
 .text.CySysClkWcoSetLowPowerMode
                0x00001114       0x48 .\CortexM0\ARM_GCC_493\Debug\TransferByte.a(CyLFClk.o)
 .text.CySysClkWcoStart
                0x0000115c       0x20 .\CortexM0\ARM_GCC_493\Debug\TransferByte.a(CyLFClk.o)
                0x0000115c                CySysClkWcoStart
 .text.CySysClkWcoSetPowerMode
                0x0000117c       0x40 .\CortexM0\ARM_GCC_493\Debug\TransferByte.a(CyLFClk.o)
                0x0000117c                CySysClkWcoSetPowerMode
 .text.CySysWdtLock
                0x000011bc       0x34 .\CortexM0\ARM_GCC_493\Debug\TransferByte.a(CyLFClk.o)
                0x000011bc                CySysWdtLock
 .text.CySysWdtLocked
                0x000011f0       0x20 .\CortexM0\ARM_GCC_493\Debug\TransferByte.a(CyLFClk.o)
 .text.CySysWdtUnlock
                0x00001210       0x4c .\CortexM0\ARM_GCC_493\Debug\TransferByte.a(CyLFClk.o)
                0x00001210                CySysWdtUnlock
 .text.CySysWdtClearInterrupt
                0x0000125c       0x70 .\CortexM0\ARM_GCC_493\Debug\TransferByte.a(CyLFClk.o)
                0x0000125c                CySysWdtClearInterrupt
 .text.CySysWdtIsr
                0x000012cc       0xe8 .\CortexM0\ARM_GCC_493\Debug\TransferByte.a(CyLFClk.o)
                0x000012cc                CySysWdtIsr
 .text.UART_1_Init
                0x000013b4        0xc .\CortexM0\ARM_GCC_493\Debug\TransferByte.a(UART_1.o)
                0x000013b4                UART_1_Init
 .text.UART_1_Enable
                0x000013c0       0x24 .\CortexM0\ARM_GCC_493\Debug\TransferByte.a(UART_1.o)
                0x000013c0                UART_1_Enable
 .text.UART_1_Start
                0x000013e4       0x24 .\CortexM0\ARM_GCC_493\Debug\TransferByte.a(UART_1.o)
                0x000013e4                UART_1_Start
 .text.UART_1_Stop
                0x00001408       0x34 .\CortexM0\ARM_GCC_493\Debug\TransferByte.a(UART_1.o)
                0x00001408                UART_1_Stop
 .text.UART_1_ScbEnableIntr
                0x0000143c       0x10 .\CortexM0\ARM_GCC_493\Debug\TransferByte.a(UART_1.o)
 .text.UART_1_ScbModePostEnable
                0x0000144c        0xc .\CortexM0\ARM_GCC_493\Debug\TransferByte.a(UART_1.o)
 .text.UART_1_ScbModeStop
                0x00001458        0xc .\CortexM0\ARM_GCC_493\Debug\TransferByte.a(UART_1.o)
 .text.UART_1_SpiUartReadRxData
                0x00001464       0x58 .\CortexM0\ARM_GCC_493\Debug\TransferByte.a(UART_1_SPI_UART.o)
                0x00001464                UART_1_SpiUartReadRxData
 .text.UART_1_SpiUartGetRxBufferSize
                0x000014bc       0x48 .\CortexM0\ARM_GCC_493\Debug\TransferByte.a(UART_1_SPI_UART.o)
                0x000014bc                UART_1_SpiUartGetRxBufferSize
 .text.UART_1_SpiUartClearRxBuffer
                0x00001504       0x60 .\CortexM0\ARM_GCC_493\Debug\TransferByte.a(UART_1_SPI_UART.o)
                0x00001504                UART_1_SpiUartClearRxBuffer
 .text.UART_1_SpiUartWriteTxData
                0x00001564       0x9c .\CortexM0\ARM_GCC_493\Debug\TransferByte.a(UART_1_SPI_UART.o)
                0x00001564                UART_1_SpiUartWriteTxData
 .text.UART_1_SpiUartPutArray
                0x00001600       0x34 .\CortexM0\ARM_GCC_493\Debug\TransferByte.a(UART_1_SPI_UART.o)
                0x00001600                UART_1_SpiUartPutArray
 .text.UART_1_SpiUartClearTxBuffer
                0x00001634       0x64 .\CortexM0\ARM_GCC_493\Debug\TransferByte.a(UART_1_SPI_UART.o)
                0x00001634                UART_1_SpiUartClearTxBuffer
 .text.UART_1_UartInit
                0x00001698      0x100 .\CortexM0\ARM_GCC_493\Debug\TransferByte.a(UART_1_UART.o)
                0x00001698                UART_1_UartInit
 .text.UART_1_UartPostEnable
                0x00001798       0x24 .\CortexM0\ARM_GCC_493\Debug\TransferByte.a(UART_1_UART.o)
                0x00001798                UART_1_UartPostEnable
 .text.UART_1_UartStop
                0x000017bc       0x1c .\CortexM0\ARM_GCC_493\Debug\TransferByte.a(UART_1_UART.o)
                0x000017bc                UART_1_UartStop
 .text.UART_1_UartGetByte
                0x000017d8       0x60 .\CortexM0\ARM_GCC_493\Debug\TransferByte.a(UART_1_UART.o)
                0x000017d8                UART_1_UartGetByte
 .text.UART_1_UartPutString
                0x00001838       0x34 .\CortexM0\ARM_GCC_493\Debug\TransferByte.a(UART_1_UART.o)
                0x00001838                UART_1_UartPutString
 .text.UART_1_SPI_UART_ISR
                0x0000186c      0x120 .\CortexM0\ARM_GCC_493\Debug\TransferByte.a(UART_1_SPI_UART_INT.o)
                0x0000186c                UART_1_SPI_UART_ISR
 .text.CyBLE_Bless_LlRegWrite
                0x0000198c       0x1c .\CortexM0\ARM_GCC_493\Debug\TransferByte.a(BLE_1_HAL_PVT.o)
                0x0000198c                CyBLE_Bless_LlRegWrite
 .text.CyBLE_Bless_RfRegWrite
                0x000019a8       0x1c .\CortexM0\ARM_GCC_493\Debug\TransferByte.a(BLE_1_HAL_PVT.o)
                0x000019a8                CyBLE_Bless_RfRegWrite
 .text.CyBLE_BlessDeviceConfig
                0x000019c4      0x110 .\CortexM0\ARM_GCC_493\Debug\TransferByte.a(BLE_1_HAL_PVT.o)
                0x000019c4                CyBLE_BlessDeviceConfig
 .text.CyBleHal_DelayUs
                0x00001ad4       0x1c .\CortexM0\ARM_GCC_493\Debug\TransferByte.a(BLE_1_HAL_PVT.o)
                0x00001ad4                CyBleHal_DelayUs
 .text.CyBleHal_EnableGlobalInterrupts
                0x00001af0        0xc .\CortexM0\ARM_GCC_493\Debug\TransferByte.a(BLE_1_HAL_PVT.o)
                0x00001af0                CyBleHal_EnableGlobalInterrupts
 .text.CyBleHal_DisableGlobalInterrupts
                0x00001afc        0xc .\CortexM0\ARM_GCC_493\Debug\TransferByte.a(BLE_1_HAL_PVT.o)
                0x00001afc                CyBleHal_DisableGlobalInterrupts
 .text.CyBle_HalInit
                0x00001b08       0x20 .\CortexM0\ARM_GCC_493\Debug\TransferByte.a(BLE_1_HAL_PVT.o)
                0x00001b08                CyBle_HalInit
 .text.CYBLE_BlessStart
                0x00001b28       0x14 .\CortexM0\ARM_GCC_493\Debug\TransferByte.a(BLE_1_HAL_PVT.o)
                0x00001b28                CYBLE_BlessStart
 .text.BLE_1_bless_isr_StartEx
                0x00001b3c       0x24 .\CortexM0\ARM_GCC_493\Debug\TransferByte.a(BLE_1_bless_isr.o)
                0x00001b3c                BLE_1_bless_isr_StartEx
 .text.BLE_1_bless_isr_SetVector
                0x00001b60       0x18 .\CortexM0\ARM_GCC_493\Debug\TransferByte.a(BLE_1_bless_isr.o)
                0x00001b60                BLE_1_bless_isr_SetVector
 .text.BLE_1_bless_isr_SetPriority
                0x00001b78       0x4c .\CortexM0\ARM_GCC_493\Debug\TransferByte.a(BLE_1_bless_isr.o)
                0x00001b78                BLE_1_bless_isr_SetPriority
 .text.BLE_1_bless_isr_Enable
                0x00001bc4       0x14 .\CortexM0\ARM_GCC_493\Debug\TransferByte.a(BLE_1_bless_isr.o)
                0x00001bc4                BLE_1_bless_isr_Enable
 .text.BLE_1_bless_isr_Disable
                0x00001bd8       0x14 .\CortexM0\ARM_GCC_493\Debug\TransferByte.a(BLE_1_bless_isr.o)
                0x00001bd8                BLE_1_bless_isr_Disable
 .text.CySysPmSleep
                0x00001bec       0x34 .\CortexM0\ARM_GCC_493\Debug\TransferByte.a(cyPm.o)
                0x00001bec                CySysPmSleep
 .text.CyBLE_Bless_Interrupt
                0x00001c20        0xc .\CortexM0\ARM_GCC_493\Debug\TransferByte.a(BLE_1_HAL_INT.o)
                0x00001c20                CyBLE_Bless_Interrupt
 .text          0x00001c2c      0x120 c:/program files (x86)/cypress/psoc creator/3.3/psoc creator/import/gnu/arm/4.9.3/bin/../lib/gcc/arm-none-eabi/4.9.3/armv6-m\libgcc.a(_udivsi3.o)
                0x00001c2c                __aeabi_uidiv
                0x00001c2c                __udivsi3
                0x00001d38                __aeabi_uidivmod
 .text          0x00001d4c      0x1e0 c:/program files (x86)/cypress/psoc creator/3.3/psoc creator/import/gnu/arm/4.9.3/bin/../lib/gcc/arm-none-eabi/4.9.3/armv6-m\libgcc.a(_divsi3.o)
                0x00001d4c                __divsi3
                0x00001d4c                __aeabi_idiv
                0x00001f18                __aeabi_idivmod
 .text          0x00001f2c        0x4 c:/program files (x86)/cypress/psoc creator/3.3/psoc creator/import/gnu/arm/4.9.3/bin/../lib/gcc/arm-none-eabi/4.9.3/armv6-m\libgcc.a(_dvmd_tls.o)
                0x00001f2c                __aeabi_idiv0
                0x00001f2c                __aeabi_ldiv0
 .text.__libc_init_array
                0x00001f30       0x4c c:/program files (x86)/cypress/psoc creator/3.3/psoc creator/import/gnu/arm/4.9.3/bin/../lib/gcc/arm-none-eabi/4.9.3/../../../../arm-none-eabi/lib/armv6-m\libg_nano.a(lib_a-init.o)
                0x00001f30                __libc_init_array
 .text.memcmp   0x00001f7c       0x1e c:/program files (x86)/cypress/psoc creator/3.3/psoc creator/import/gnu/arm/4.9.3/bin/../lib/gcc/arm-none-eabi/4.9.3/../../../../arm-none-eabi/lib/armv6-m\libg_nano.a(lib_a-memcmp.o)
                0x00001f7c                memcmp
 .text.memcpy   0x00001f9a       0x12 c:/program files (x86)/cypress/psoc creator/3.3/psoc creator/import/gnu/arm/4.9.3/bin/../lib/gcc/arm-none-eabi/4.9.3/../../../../arm-none-eabi/lib/armv6-m\libg_nano.a(lib_a-memcpy.o)
                0x00001f9a                memcpy
 .text.memset   0x00001fac       0x10 c:/program files (x86)/cypress/psoc creator/3.3/psoc creator/import/gnu/arm/4.9.3/bin/../lib/gcc/arm-none-eabi/4.9.3/../../../../arm-none-eabi/lib/armv6-m\libg_nano.a(lib_a-memset.o)
                0x00001fac                memset
 *(.plt)
 *(.gnu.warning)
 *(.glue_7t)
 .glue_7t       0x00000000        0x0 linker stubs
 *(.glue_7)
 .glue_7        0x00000000        0x0 linker stubs
 *(.vfp11_veneer)
 .vfp11_veneer  0x00000000        0x0 linker stubs
 *(.bootloader)
 *(.ARM.extab* .gnu.linkonce.armextab.*)
 *(.gcc_except_table)

.v4_bx          0x00001fbc        0x0
 .v4_bx         0x00000000        0x0 linker stubs

.iplt           0x00001fbc        0x0
 .iplt          0x00000000        0x0 c:/program files (x86)/cypress/psoc creator/3.3/psoc creator/import/gnu/arm/4.9.3/bin/../lib/gcc/arm-none-eabi/4.9.3/armv6-m/crtbegin.o

i.CyBle_ExitLPM
                0x00001fbc        0x8
 i.CyBle_ExitLPM
                0x00001fbc        0x8 C:\Program Files (x86)\Cypress\PSoC Creator\3.3\PSoC Creator\psoc\content\cycomponentlibrary\CyComponentLibrary.cylib\BLE_v2_30\Library\gccCyBLEStack_BLE_SOC_PERIPHERAL.a(CyBle.o)
                0x00001fbc                CyBle_ExitLPM

i.CyBle_ProcessEvents
                0x00001fc4        0x8
 i.CyBle_ProcessEvents
                0x00001fc4        0x8 C:\Program Files (x86)\Cypress\PSoC Creator\3.3\PSoC Creator\psoc\content\cycomponentlibrary\CyComponentLibrary.cylib\BLE_v2_30\Library\gccCyBLEStack_BLE_SOC_PERIPHERAL.a(CyBle.o)
                0x00001fc4                CyBle_ProcessEvents

i.CyBle_SetDeviceAddress
                0x00001fcc       0x24
 i.CyBle_SetDeviceAddress
                0x00001fcc       0x24 C:\Program Files (x86)\Cypress\PSoC Creator\3.3\PSoC Creator\psoc\content\cycomponentlibrary\CyComponentLibrary.cylib\BLE_v2_30\Library\gccCyBLEStack_BLE_SOC_PERIPHERAL.a(CyBle.o)
                0x00001fcc                CyBle_SetDeviceAddress

i.CyBle_StackInit
                0x00001ff0       0xfc
 i.CyBle_StackInit
                0x00001ff0       0xfc C:\Program Files (x86)\Cypress\PSoC Creator\3.3\PSoC Creator\psoc\content\cycomponentlibrary\CyComponentLibrary.cylib\BLE_v2_30\Library\gccCyBLEStack_BLE_SOC_PERIPHERAL.a(CyBle.o)
                0x00001ff0                CyBle_StackInit

i.CyBle_StackValidateInputParams
                0x000020ec       0xf4
 i.CyBle_StackValidateInputParams
                0x000020ec       0xf4 C:\Program Files (x86)\Cypress\PSoC Creator\3.3\PSoC Creator\psoc\content\cycomponentlibrary\CyComponentLibrary.cylib\BLE_v2_30\Library\gccCyBLEStack_BLE_SOC_PERIPHERAL.a(CyBle.o)

i.__ARM_common_switch8
                0x000021e0       0x1a
 i.__ARM_common_switch8
                0x000021e0       0x1a C:\Program Files (x86)\Cypress\PSoC Creator\3.3\PSoC Creator\psoc\content\cycomponentlibrary\CyComponentLibrary.cylib\BLE_v2_30\Library\gccCyBLEStack_BLE_SOC_PERIPHERAL.a(CyBle.o)
                0x000021e0                __ARM_common_switch8

i.CyBleStackMgr_Init
                0x000021fc       0x9c
 i.CyBleStackMgr_Init
                0x000021fc       0x9c C:\Program Files (x86)\Cypress\PSoC Creator\3.3\PSoC Creator\psoc\content\cycomponentlibrary\CyComponentLibrary.cylib\BLE_v2_30\Library\gccCyBLEStack_BLE_SOC_PERIPHERAL.a(CyBleStackMgrIP_Interface.o)
                0x000021fc                CyBleStackMgr_Init

i.CyBleStackMgr_ProcessBleEvents
                0x00002298       0x14
 i.CyBleStackMgr_ProcessBleEvents
                0x00002298       0x14 C:\Program Files (x86)\Cypress\PSoC Creator\3.3\PSoC Creator\psoc\content\cycomponentlibrary\CyComponentLibrary.cylib\BLE_v2_30\Library\gccCyBLEStack_BLE_SOC_PERIPHERAL.a(CyBleStackMgrIP_Interface.o)
                0x00002298                CyBleStackMgr_ProcessBleEvents

i.CyBle_GetHeapMemory
                0x000022ac       0x28
 i.CyBle_GetHeapMemory
                0x000022ac       0x28 C:\Program Files (x86)\Cypress\PSoC Creator\3.3\PSoC Creator\psoc\content\cycomponentlibrary\CyComponentLibrary.cylib\BLE_v2_30\Library\gccCyBLEStack_BLE_SOC_PERIPHERAL.a(CyBleStackMgrIP_Interface.o)
                0x000022ac                CyBle_GetHeapMemory

i.CyBle_GetNumAppBufferPools
                0x000022d4        0xc
 i.CyBle_GetNumAppBufferPools
                0x000022d4        0xc C:\Program Files (x86)\Cypress\PSoC Creator\3.3\PSoC Creator\psoc\content\cycomponentlibrary\CyComponentLibrary.cylib\BLE_v2_30\Library\gccCyBLEStack_BLE_SOC_PERIPHERAL.a(CyBleStackMgrIP_Interface.o)
                0x000022d4                CyBle_GetNumAppBufferPools

i.CyBle_HostStackBufferPoolInit
                0x000022e0       0xec
 i.CyBle_HostStackBufferPoolInit
                0x000022e0       0xec C:\Program Files (x86)\Cypress\PSoC Creator\3.3\PSoC Creator\psoc\content\cycomponentlibrary\CyComponentLibrary.cylib\BLE_v2_30\Library\gccCyBLEStack_BLE_SOC_PERIPHERAL.a(CyBleStackMgrIP_Interface.o)

i.ble_stack_idle_task_callback
                0x000023cc        0x2
 i.ble_stack_idle_task_callback
                0x000023cc        0x2 C:\Program Files (x86)\Cypress\PSoC Creator\3.3\PSoC Creator\psoc\content\cycomponentlibrary\CyComponentLibrary.cylib\BLE_v2_30\Library\gccCyBLEStack_BLE_SOC_PERIPHERAL.a(CyBleStackMgrIP_Interface.o)
                0x000023cc                ble_stack_idle_task_callback

i.BT_OSFreeBuf  0x000023d0       0x20
 i.BT_OSFreeBuf
                0x000023d0       0x20 C:\Program Files (x86)\Cypress\PSoC Creator\3.3\PSoC Creator\psoc\content\cycomponentlibrary\CyComponentLibrary.cylib\BLE_v2_30\Library\gccCyBLEStack_BLE_SOC_PERIPHERAL.a(BT_os.o)
                0x000023d0                BT_OSFreeBuf

i.BT_OSGetBuF   0x000023f0       0x34
 i.BT_OSGetBuF  0x000023f0       0x34 C:\Program Files (x86)\Cypress\PSoC Creator\3.3\PSoC Creator\psoc\content\cycomponentlibrary\CyComponentLibrary.cylib\BLE_v2_30\Library\gccCyBLEStack_BLE_SOC_PERIPHERAL.a(BT_os.o)
                0x000023f0                BT_OSGetBuF

i.BT_OSMemCreate
                0x00002424       0x3c
 i.BT_OSMemCreate
                0x00002424       0x3c C:\Program Files (x86)\Cypress\PSoC Creator\3.3\PSoC Creator\psoc\content\cycomponentlibrary\CyComponentLibrary.cylib\BLE_v2_30\Library\gccCyBLEStack_BLE_SOC_PERIPHERAL.a(BT_os.o)
                0x00002424                BT_OSMemCreate

i.BT_alloc_mem_ext
                0x00002460       0x3c
 i.BT_alloc_mem_ext
                0x00002460       0x3c C:\Program Files (x86)\Cypress\PSoC Creator\3.3\PSoC Creator\psoc\content\cycomponentlibrary\CyComponentLibrary.cylib\BLE_v2_30\Library\gccCyBLEStack_BLE_SOC_PERIPHERAL.a(BT_os.o)
                0x00002460                BT_alloc_mem_ext

i.BT_free_mem   0x0000249c        0xc
 i.BT_free_mem  0x0000249c        0xc C:\Program Files (x86)\Cypress\PSoC Creator\3.3\PSoC Creator\psoc\content\cycomponentlibrary\CyComponentLibrary.cylib\BLE_v2_30\Library\gccCyBLEStack_BLE_SOC_PERIPHERAL.a(BT_os.o)
                0x0000249c                BT_free_mem

i.bt_stack_create_buffer_pool
                0x000024a8       0x30
 i.bt_stack_create_buffer_pool
                0x000024a8       0x30 C:\Program Files (x86)\Cypress\PSoC Creator\3.3\PSoC Creator\psoc\content\cycomponentlibrary\CyComponentLibrary.cylib\BLE_v2_30\Library\gccCyBLEStack_BLE_SOC_PERIPHERAL.a(BT_os.o)
                0x000024a8                bt_stack_create_buffer_pool

i.CyBle_CheckBleStackTaskStatus
                0x000024d8        0x4
 i.CyBle_CheckBleStackTaskStatus
                0x000024d8        0x4 C:\Program Files (x86)\Cypress\PSoC Creator\3.3\PSoC Creator\psoc\content\cycomponentlibrary\CyComponentLibrary.cylib\BLE_v2_30\Library\gccCyBLEStack_BLE_SOC_PERIPHERAL.a(CyBleStackMgr_StackTaskHandler.o)
                0x000024d8                CyBle_CheckBleStackTaskStatus

i.CyBle_CreateBleStackTask
                0x000024dc       0x2c
 i.CyBle_CreateBleStackTask
                0x000024dc       0x2c C:\Program Files (x86)\Cypress\PSoC Creator\3.3\PSoC Creator\psoc\content\cycomponentlibrary\CyComponentLibrary.cylib\BLE_v2_30\Library\gccCyBLEStack_BLE_SOC_PERIPHERAL.a(CyBleStackMgr_StackTaskHandler.o)
                0x000024dc                CyBle_CreateBleStackTask

i.CyBle_SignalBleStackTask
                0x00002508       0x50
 i.CyBle_SignalBleStackTask
                0x00002508       0x50 C:\Program Files (x86)\Cypress\PSoC Creator\3.3\PSoC Creator\psoc\content\cycomponentlibrary\CyComponentLibrary.cylib\BLE_v2_30\Library\gccCyBLEStack_BLE_SOC_PERIPHERAL.a(CyBleStackMgr_StackTaskHandler.o)
                0x00002508                CyBle_SignalBleStackTask

i.CyBle_StackTaskHandler
                0x00002558       0x5c
 i.CyBle_StackTaskHandler
                0x00002558       0x5c C:\Program Files (x86)\Cypress\PSoC Creator\3.3\PSoC Creator\psoc\content\cycomponentlibrary\CyComponentLibrary.cylib\BLE_v2_30\Library\gccCyBLEStack_BLE_SOC_PERIPHERAL.a(CyBleStackMgr_StackTaskHandler.o)
                0x00002558                CyBle_StackTaskHandler

i.hci_soft_transport_notify_data_received
                0x000025b4        0xc
 i.hci_soft_transport_notify_data_received
                0x000025b4        0xc C:\Program Files (x86)\Cypress\PSoC Creator\3.3\PSoC Creator\psoc\content\cycomponentlibrary\CyComponentLibrary.cylib\BLE_v2_30\Library\gccCyBLEStack_BLE_SOC_PERIPHERAL.a(transport_sf.o)
                0x000025b4                hci_soft_transport_notify_data_received

i.hci_soft_transport_rx_data
                0x000025c0       0x40
 i.hci_soft_transport_rx_data
                0x000025c0       0x40 C:\Program Files (x86)\Cypress\PSoC Creator\3.3\PSoC Creator\psoc\content\cycomponentlibrary\CyComponentLibrary.cylib\BLE_v2_30\Library\gccCyBLEStack_BLE_SOC_PERIPHERAL.a(transport_sf.o)
                0x000025c0                hci_soft_transport_rx_data

i.hci_transport_bt_init
                0x00002600        0x2
 i.hci_transport_bt_init
                0x00002600        0x2 C:\Program Files (x86)\Cypress\PSoC Creator\3.3\PSoC Creator\psoc\content\cycomponentlibrary\CyComponentLibrary.cylib\BLE_v2_30\Library\gccCyBLEStack_BLE_SOC_PERIPHERAL.a(transport_sf.o)
                0x00002600                hci_transport_bt_init

i.hci_transport_init
                0x00002604       0x10
 i.hci_transport_init
                0x00002604       0x10 C:\Program Files (x86)\Cypress\PSoC Creator\3.3\PSoC Creator\psoc\content\cycomponentlibrary\CyComponentLibrary.cylib\BLE_v2_30\Library\gccCyBLEStack_BLE_SOC_PERIPHERAL.a(transport_sf.o)
                0x00002604                hci_transport_init

i.hci_transport_write_data
                0x00002614       0xd4
 i.hci_transport_write_data
                0x00002614       0xd4 C:\Program Files (x86)\Cypress\PSoC Creator\3.3\PSoC Creator\psoc\content\cycomponentlibrary\CyComponentLibrary.cylib\BLE_v2_30\Library\gccCyBLEStack_BLE_SOC_PERIPHERAL.a(transport_sf.o)
                0x00002614                hci_transport_write_data

i.pf_hci_soft_transport_write
                0x000026e8       0x44
 i.pf_hci_soft_transport_write
                0x000026e8       0x44 C:\Program Files (x86)\Cypress\PSoC Creator\3.3\PSoC Creator\psoc\content\cycomponentlibrary\CyComponentLibrary.cylib\BLE_v2_30\Library\gccCyBLEStack_BLE_SOC_PERIPHERAL.a(transport_sf.o)
                0x000026e8                pf_hci_soft_transport_write

i.pf_soft_hci_transport_init
                0x0000272c        0xc
 i.pf_soft_hci_transport_init
                0x0000272c        0xc C:\Program Files (x86)\Cypress\PSoC Creator\3.3\PSoC Creator\psoc\content\cycomponentlibrary\CyComponentLibrary.cylib\BLE_v2_30\Library\gccCyBLEStack_BLE_SOC_PERIPHERAL.a(transport_sf.o)
                0x0000272c                pf_soft_hci_transport_init

i.CyBleStackMgr_GetTime
                0x00002738       0x14
 i.CyBleStackMgr_GetTime
                0x00002738       0x14 C:\Program Files (x86)\Cypress\PSoC Creator\3.3\PSoC Creator\psoc\content\cycomponentlibrary\CyComponentLibrary.cylib\BLE_v2_30\Library\gccCyBLEStack_BLE_SOC_PERIPHERAL.a(CyBleStackMgr_PSoCHal.o)
                0x00002738                CyBleStackMgr_GetTime

i.CyBleStackMgr_HalInit
                0x0000274c       0x24
 i.CyBleStackMgr_HalInit
                0x0000274c       0x24 C:\Program Files (x86)\Cypress\PSoC Creator\3.3\PSoC Creator\psoc\content\cycomponentlibrary\CyComponentLibrary.cylib\BLE_v2_30\Library\gccCyBLEStack_BLE_SOC_PERIPHERAL.a(CyBleStackMgr_PSoCHal.o)
                0x0000274c                CyBleStackMgr_HalInit

i.CyBleStackMgr_HalIntrEnable
                0x00002770        0x8
 i.CyBleStackMgr_HalIntrEnable
                0x00002770        0x8 C:\Program Files (x86)\Cypress\PSoC Creator\3.3\PSoC Creator\psoc\content\cycomponentlibrary\CyComponentLibrary.cylib\BLE_v2_30\Library\gccCyBLEStack_BLE_SOC_PERIPHERAL.a(CyBleStackMgr_PSoCHal.o)
                0x00002770                CyBleStackMgr_HalIntrEnable

i.CyBleStackMgr_HandleLinkLayerTick
                0x00002778       0x5c
 i.CyBleStackMgr_HandleLinkLayerTick
                0x00002778       0x5c C:\Program Files (x86)\Cypress\PSoC Creator\3.3\PSoC Creator\psoc\content\cycomponentlibrary\CyComponentLibrary.cylib\BLE_v2_30\Library\gccCyBLEStack_BLE_SOC_PERIPHERAL.a(CyBleStackMgr_PSoCHal.o)
                0x00002778                CyBleStackMgr_HandleLinkLayerTick

i.CyBleStackMgr_HciPortInit
                0x000027d4        0xc
 i.CyBleStackMgr_HciPortInit
                0x000027d4        0xc C:\Program Files (x86)\Cypress\PSoC Creator\3.3\PSoC Creator\psoc\content\cycomponentlibrary\CyComponentLibrary.cylib\BLE_v2_30\Library\gccCyBLEStack_BLE_SOC_PERIPHERAL.a(CyBleStackMgr_PSoCHal.o)
                0x000027d4                CyBleStackMgr_HciPortInit

i.CyBleStackMgr_HciPortReset
                0x000027e0        0x2
 i.CyBleStackMgr_HciPortReset
                0x000027e0        0x2 C:\Program Files (x86)\Cypress\PSoC Creator\3.3\PSoC Creator\psoc\content\cycomponentlibrary\CyComponentLibrary.cylib\BLE_v2_30\Library\gccCyBLEStack_BLE_SOC_PERIPHERAL.a(CyBleStackMgr_PSoCHal.o)
                0x000027e0                CyBleStackMgr_HciPortReset

i.CyBleStackMgr_HciPortWrite
                0x000027e2        0x8
 i.CyBleStackMgr_HciPortWrite
                0x000027e2        0x8 C:\Program Files (x86)\Cypress\PSoC Creator\3.3\PSoC Creator\psoc\content\cycomponentlibrary\CyComponentLibrary.cylib\BLE_v2_30\Library\gccCyBLEStack_BLE_SOC_PERIPHERAL.a(CyBleStackMgr_PSoCHal.o)
                0x000027e2                CyBleStackMgr_HciPortWrite

i.CyBleStackMgr_ResetLinkLayerTimerEntity
                0x000027ec       0x14
 i.CyBleStackMgr_ResetLinkLayerTimerEntity
                0x000027ec       0x14 C:\Program Files (x86)\Cypress\PSoC Creator\3.3\PSoC Creator\psoc\content\cycomponentlibrary\CyComponentLibrary.cylib\BLE_v2_30\Library\gccCyBLEStack_BLE_SOC_PERIPHERAL.a(CyBleStackMgr_PSoCHal.o)
                0x000027ec                CyBleStackMgr_ResetLinkLayerTimerEntity

i.CyBleStackMgr_TimerStart
                0x00002800       0x2c
 i.CyBleStackMgr_TimerStart
                0x00002800       0x2c C:\Program Files (x86)\Cypress\PSoC Creator\3.3\PSoC Creator\psoc\content\cycomponentlibrary\CyComponentLibrary.cylib\BLE_v2_30\Library\gccCyBLEStack_BLE_SOC_PERIPHERAL.a(CyBleStackMgr_PSoCHal.o)
                0x00002800                CyBleStackMgr_TimerStart

i.CyBleStackMgr_TimerStop
                0x0000282c       0x18
 i.CyBleStackMgr_TimerStop
                0x0000282c       0x18 C:\Program Files (x86)\Cypress\PSoC Creator\3.3\PSoC Creator\psoc\content\cycomponentlibrary\CyComponentLibrary.cylib\BLE_v2_30\Library\gccCyBLEStack_BLE_SOC_PERIPHERAL.a(CyBleStackMgr_PSoCHal.o)
                0x0000282c                CyBleStackMgr_TimerStop

i.CyBleStackMgr_isTimerRunning
                0x00002844       0x10
 i.CyBleStackMgr_isTimerRunning
                0x00002844       0x10 C:\Program Files (x86)\Cypress\PSoC Creator\3.3\PSoC Creator\psoc\content\cycomponentlibrary\CyComponentLibrary.cylib\BLE_v2_30\Library\gccCyBLEStack_BLE_SOC_PERIPHERAL.a(CyBleStackMgr_PSoCHal.o)
                0x00002844                CyBleStackMgr_isTimerRunning

i.CyBleAtlantisRadioInit
                0x00002854      0x110
 i.CyBleAtlantisRadioInit
                0x00002854      0x110 C:\Program Files (x86)\Cypress\PSoC Creator\3.3\PSoC Creator\psoc\content\cycomponentlibrary\CyComponentLibrary.cylib\BLE_v2_30\Library\gccCyBLEStack_BLE_SOC_PERIPHERAL.a(CyBleStackMgr_BleSSDriver.o)

i.CyBleStackMgr_BleSSFifoRead
                0x00002964       0x38
 i.CyBleStackMgr_BleSSFifoRead
                0x00002964       0x38 C:\Program Files (x86)\Cypress\PSoC Creator\3.3\PSoC Creator\psoc\content\cycomponentlibrary\CyComponentLibrary.cylib\BLE_v2_30\Library\gccCyBLEStack_BLE_SOC_PERIPHERAL.a(CyBleStackMgr_BleSSDriver.o)
                0x00002964                CyBleStackMgr_BleSSFifoRead

i.CyBleStackMgr_BleSSFifoWrite
                0x0000299c       0x30
 i.CyBleStackMgr_BleSSFifoWrite
                0x0000299c       0x30 C:\Program Files (x86)\Cypress\PSoC Creator\3.3\PSoC Creator\psoc\content\cycomponentlibrary\CyComponentLibrary.cylib\BLE_v2_30\Library\gccCyBLEStack_BLE_SOC_PERIPHERAL.a(CyBleStackMgr_BleSSDriver.o)
                0x0000299c                CyBleStackMgr_BleSSFifoWrite

i.CyBleStackMgr_BleSSInit
                0x000029cc       0x50
 i.CyBleStackMgr_BleSSInit
                0x000029cc       0x50 C:\Program Files (x86)\Cypress\PSoC Creator\3.3\PSoC Creator\psoc\content\cycomponentlibrary\CyComponentLibrary.cylib\BLE_v2_30\Library\gccCyBLEStack_BLE_SOC_PERIPHERAL.a(CyBleStackMgr_BleSSDriver.o)
                0x000029cc                CyBleStackMgr_BleSSInit

i.CyBleStackMgr_BleSSMemRead
                0x00002a1c       0x26
 i.CyBleStackMgr_BleSSMemRead
                0x00002a1c       0x26 C:\Program Files (x86)\Cypress\PSoC Creator\3.3\PSoC Creator\psoc\content\cycomponentlibrary\CyComponentLibrary.cylib\BLE_v2_30\Library\gccCyBLEStack_BLE_SOC_PERIPHERAL.a(CyBleStackMgr_BleSSDriver.o)
                0x00002a1c                CyBleStackMgr_BleSSMemRead

i.CyBleStackMgr_BleSSMemWrite
                0x00002a44       0x34
 i.CyBleStackMgr_BleSSMemWrite
                0x00002a44       0x34 C:\Program Files (x86)\Cypress\PSoC Creator\3.3\PSoC Creator\psoc\content\cycomponentlibrary\CyComponentLibrary.cylib\BLE_v2_30\Library\gccCyBLEStack_BLE_SOC_PERIPHERAL.a(CyBleStackMgr_BleSSDriver.o)
                0x00002a44                CyBleStackMgr_BleSSMemWrite

i.CyBleStackMgr_BleSSRegRead
                0x00002a78        0xc
 i.CyBleStackMgr_BleSSRegRead
                0x00002a78        0xc C:\Program Files (x86)\Cypress\PSoC Creator\3.3\PSoC Creator\psoc\content\cycomponentlibrary\CyComponentLibrary.cylib\BLE_v2_30\Library\gccCyBLEStack_BLE_SOC_PERIPHERAL.a(CyBleStackMgr_BleSSDriver.o)
                0x00002a78                CyBleStackMgr_BleSSRegRead

i.CyBleStackMgr_BleSSRegWrite
                0x00002a84        0xc
 i.CyBleStackMgr_BleSSRegWrite
                0x00002a84        0xc C:\Program Files (x86)\Cypress\PSoC Creator\3.3\PSoC Creator\psoc\content\cycomponentlibrary\CyComponentLibrary.cylib\BLE_v2_30\Library\gccCyBLEStack_BLE_SOC_PERIPHERAL.a(CyBleStackMgr_BleSSDriver.o)
                0x00002a84                CyBleStackMgr_BleSSRegWrite

i.CyBleStackMgr_BleSSReset
                0x00002a90       0x38
 i.CyBleStackMgr_BleSSReset
                0x00002a90       0x38 C:\Program Files (x86)\Cypress\PSoC Creator\3.3\PSoC Creator\psoc\content\cycomponentlibrary\CyComponentLibrary.cylib\BLE_v2_30\Library\gccCyBLEStack_BLE_SOC_PERIPHERAL.a(CyBleStackMgr_BleSSDriver.o)
                0x00002a90                CyBleStackMgr_BleSSReset

i.CyBleStackMgr_GenericIface
                0x00002ac8       0x3c
 i.CyBleStackMgr_GenericIface
                0x00002ac8       0x3c C:\Program Files (x86)\Cypress\PSoC Creator\3.3\PSoC Creator\psoc\content\cycomponentlibrary\CyComponentLibrary.cylib\BLE_v2_30\Library\gccCyBLEStack_BLE_SOC_PERIPHERAL.a(CyBleStackMgr_BleSSDriver.o)
                0x00002ac8                CyBleStackMgr_GenericIface

i.CyBleStackMgr_HandleBleSSIntr
                0x00002b04       0x90
 i.CyBleStackMgr_HandleBleSSIntr
                0x00002b04       0x90 C:\Program Files (x86)\Cypress\PSoC Creator\3.3\PSoC Creator\psoc\content\cycomponentlibrary\CyComponentLibrary.cylib\BLE_v2_30\Library\gccCyBLEStack_BLE_SOC_PERIPHERAL.a(CyBleStackMgr_BleSSDriver.o)
                0x00002b04                CyBleStackMgr_HandleBleSSIntr

i.CyBleStackMgr_SetClockParam
                0x00002b94       0xb4
 i.CyBleStackMgr_SetClockParam
                0x00002b94       0xb4 C:\Program Files (x86)\Cypress\PSoC Creator\3.3\PSoC Creator\psoc\content\cycomponentlibrary\CyComponentLibrary.cylib\BLE_v2_30\Library\gccCyBLEStack_BLE_SOC_PERIPHERAL.a(CyBleStackMgr_BleSSDriver.o)

i.CyBle_ExitDsmMode
                0x00002c48       0x2c
 i.CyBle_ExitDsmMode
                0x00002c48       0x2c C:\Program Files (x86)\Cypress\PSoC Creator\3.3\PSoC Creator\psoc\content\cycomponentlibrary\CyComponentLibrary.cylib\BLE_v2_30\Library\gccCyBLEStack_BLE_SOC_PERIPHERAL.a(CyBleStackMgr_BleSSDriver.o)
                0x00002c48                CyBle_ExitDsmMode

i.CyBle_GetBleSsOperationalMode
                0x00002c74        0xc
 i.CyBle_GetBleSsOperationalMode
                0x00002c74        0xc C:\Program Files (x86)\Cypress\PSoC Creator\3.3\PSoC Creator\psoc\content\cycomponentlibrary\CyComponentLibrary.cylib\BLE_v2_30\Library\gccCyBLEStack_BLE_SOC_PERIPHERAL.a(CyBleStackMgr_BleSSDriver.o)
                0x00002c74                CyBle_GetBleSsOperationalMode

i.CyBle_GetLpMode
                0x00002c80       0x26
 i.CyBle_GetLpMode
                0x00002c80       0x26 C:\Program Files (x86)\Cypress\PSoC Creator\3.3\PSoC Creator\psoc\content\cycomponentlibrary\CyComponentLibrary.cylib\BLE_v2_30\Library\gccCyBLEStack_BLE_SOC_PERIPHERAL.a(CyBleStackMgr_BleSSDriver.o)
                0x00002c80                CyBle_GetLpMode

i.CyBle_GetTxGainMode
                0x00002ca8       0x2c
 i.CyBle_GetTxGainMode
                0x00002ca8       0x2c C:\Program Files (x86)\Cypress\PSoC Creator\3.3\PSoC Creator\psoc\content\cycomponentlibrary\CyComponentLibrary.cylib\BLE_v2_30\Library\gccCyBLEStack_BLE_SOC_PERIPHERAL.a(CyBleStackMgr_BleSSDriver.o)
                0x00002ca8                CyBle_GetTxGainMode

i.CyBle_SetBleSsOperationalMode
                0x00002cd4       0x20
 i.CyBle_SetBleSsOperationalMode
                0x00002cd4       0x20 C:\Program Files (x86)\Cypress\PSoC Creator\3.3\PSoC Creator\psoc\content\cycomponentlibrary\CyComponentLibrary.cylib\BLE_v2_30\Library\gccCyBLEStack_BLE_SOC_PERIPHERAL.a(CyBleStackMgr_BleSSDriver.o)
                0x00002cd4                CyBle_SetBleSsOperationalMode

i.CyBle_SetEventCloseState
                0x00002cf4        0xc
 i.CyBle_SetEventCloseState
                0x00002cf4        0xc C:\Program Files (x86)\Cypress\PSoC Creator\3.3\PSoC Creator\psoc\content\cycomponentlibrary\CyComponentLibrary.cylib\BLE_v2_30\Library\gccCyBLEStack_BLE_SOC_PERIPHERAL.a(CyBleStackMgr_BleSSDriver.o)
                0x00002cf4                CyBle_SetEventCloseState

i.CyBle_SetRxGainMode
                0x00002d00       0x20
 i.CyBle_SetRxGainMode
                0x00002d00       0x20 C:\Program Files (x86)\Cypress\PSoC Creator\3.3\PSoC Creator\psoc\content\cycomponentlibrary\CyComponentLibrary.cylib\BLE_v2_30\Library\gccCyBLEStack_BLE_SOC_PERIPHERAL.a(CyBleStackMgr_BleSSDriver.o)
                0x00002d00                CyBle_SetRxGainMode

i.CyBle_SetTxGainMode
                0x00002d20       0x38
 i.CyBle_SetTxGainMode
                0x00002d20       0x38 C:\Program Files (x86)\Cypress\PSoC Creator\3.3\PSoC Creator\psoc\content\cycomponentlibrary\CyComponentLibrary.cylib\BLE_v2_30\Library\gccCyBLEStack_BLE_SOC_PERIPHERAL.a(CyBleStackMgr_BleSSDriver.o)
                0x00002d20                CyBle_SetTxGainMode

i.pf_rf_get_abs_rssi
                0x00002d58       0x24
 i.pf_rf_get_abs_rssi
                0x00002d58       0x24 C:\Program Files (x86)\Cypress\PSoC Creator\3.3\PSoC Creator\psoc\content\cycomponentlibrary\CyComponentLibrary.cylib\BLE_v2_30\Library\gccCyBLEStack_BLE_SOC_PERIPHERAL.a(CyBleStackMgr_BleSSDriver.o)
                0x00002d58                pf_rf_get_abs_rssi

i.BleStackFlashStorageInit
                0x00002d7c       0x74
 i.BleStackFlashStorageInit
                0x00002d7c       0x74 C:\Program Files (x86)\Cypress\PSoC Creator\3.3\PSoC Creator\psoc\content\cycomponentlibrary\CyComponentLibrary.cylib\BLE_v2_30\Library\gccCyBLEStack_BLE_SOC_PERIPHERAL.a(storage_pl.o)
                0x00002d7c                BleStackFlashStorageInit

i.BleStackWriteToFlashPending
                0x00002df0       0x24
 i.BleStackWriteToFlashPending
                0x00002df0       0x24 C:\Program Files (x86)\Cypress\PSoC Creator\3.3\PSoC Creator\psoc\content\cycomponentlibrary\CyComponentLibrary.cylib\BLE_v2_30\Library\gccCyBLEStack_BLE_SOC_PERIPHERAL.a(storage_pl.o)
                0x00002df0                BleStackWriteToFlashPending

i.BleStackWriteToFlashRam
                0x00002e14       0x70
 i.BleStackWriteToFlashRam
                0x00002e14       0x70 C:\Program Files (x86)\Cypress\PSoC Creator\3.3\PSoC Creator\psoc\content\cycomponentlibrary\CyComponentLibrary.cylib\BLE_v2_30\Library\gccCyBLEStack_BLE_SOC_PERIPHERAL.a(storage_pl.o)
                0x00002e14                BleStackWriteToFlashRam

i.storage_bt_init_pl
                0x00002e84       0x28
 i.storage_bt_init_pl
                0x00002e84       0x28 C:\Program Files (x86)\Cypress\PSoC Creator\3.3\PSoC Creator\psoc\content\cycomponentlibrary\CyComponentLibrary.cylib\BLE_v2_30\Library\gccCyBLEStack_BLE_SOC_PERIPHERAL.a(storage_pl.o)
                0x00002e84                storage_bt_init_pl

i.storage_close_pl
                0x00002eac        0x4
 i.storage_close_pl
                0x00002eac        0x4 C:\Program Files (x86)\Cypress\PSoC Creator\3.3\PSoC Creator\psoc\content\cycomponentlibrary\CyComponentLibrary.cylib\BLE_v2_30\Library\gccCyBLEStack_BLE_SOC_PERIPHERAL.a(storage_pl.o)
                0x00002eac                storage_close_pl

i.storage_open_pl
                0x00002eb0       0x1c
 i.storage_open_pl
                0x00002eb0       0x1c C:\Program Files (x86)\Cypress\PSoC Creator\3.3\PSoC Creator\psoc\content\cycomponentlibrary\CyComponentLibrary.cylib\BLE_v2_30\Library\gccCyBLEStack_BLE_SOC_PERIPHERAL.a(storage_pl.o)
                0x00002eb0                storage_open_pl

i.storage_read_pl
                0x00002ecc       0x28
 i.storage_read_pl
                0x00002ecc       0x28 C:\Program Files (x86)\Cypress\PSoC Creator\3.3\PSoC Creator\psoc\content\cycomponentlibrary\CyComponentLibrary.cylib\BLE_v2_30\Library\gccCyBLEStack_BLE_SOC_PERIPHERAL.a(storage_pl.o)
                0x00002ecc                storage_read_pl

i.storage_read_signature_pl
                0x00002ef4       0x2c
 i.storage_read_signature_pl
                0x00002ef4       0x2c C:\Program Files (x86)\Cypress\PSoC Creator\3.3\PSoC Creator\psoc\content\cycomponentlibrary\CyComponentLibrary.cylib\BLE_v2_30\Library\gccCyBLEStack_BLE_SOC_PERIPHERAL.a(storage_pl.o)
                0x00002ef4                storage_read_signature_pl

i.storage_register_flash_pointer
                0x00002f20       0x20
 i.storage_register_flash_pointer
                0x00002f20       0x20 C:\Program Files (x86)\Cypress\PSoC Creator\3.3\PSoC Creator\psoc\content\cycomponentlibrary\CyComponentLibrary.cylib\BLE_v2_30\Library\gccCyBLEStack_BLE_SOC_PERIPHERAL.a(storage_pl.o)
                0x00002f20                storage_register_flash_pointer

i.storage_reset_storage_offset
                0x00002f40       0x10
 i.storage_reset_storage_offset
                0x00002f40       0x10 C:\Program Files (x86)\Cypress\PSoC Creator\3.3\PSoC Creator\psoc\content\cycomponentlibrary\CyComponentLibrary.cylib\BLE_v2_30\Library\gccCyBLEStack_BLE_SOC_PERIPHERAL.a(storage_pl.o)

i.storage_write_pl
                0x00002f50       0x24
 i.storage_write_pl
                0x00002f50       0x24 C:\Program Files (x86)\Cypress\PSoC Creator\3.3\PSoC Creator\psoc\content\cycomponentlibrary\CyComponentLibrary.cylib\BLE_v2_30\Library\gccCyBLEStack_BLE_SOC_PERIPHERAL.a(storage_pl.o)
                0x00002f50                storage_write_pl

i.storage_write_signature_pl
                0x00002f74       0x14
 i.storage_write_signature_pl
                0x00002f74       0x14 C:\Program Files (x86)\Cypress\PSoC Creator\3.3\PSoC Creator\psoc\content\cycomponentlibrary\CyComponentLibrary.cylib\BLE_v2_30\Library\gccCyBLEStack_BLE_SOC_PERIPHERAL.a(storage_pl.o)
                0x00002f74                storage_write_signature_pl

i.OS_init       0x00002f88       0x64
 i.OS_init      0x00002f88       0x64 C:\Program Files (x86)\Cypress\PSoC Creator\3.3\PSoC Creator\psoc\content\cycomponentlibrary\CyComponentLibrary.cylib\BLE_v2_30\Library\gccCyBLEStack_BLE_SOC_PERIPHERAL.a(mint_os.o)
                0x00002f88                OS_init

i.mintos_malloc
                0x00002fec       0x34
 i.mintos_malloc
                0x00002fec       0x34 C:\Program Files (x86)\Cypress\PSoC Creator\3.3\PSoC Creator\psoc\content\cycomponentlibrary\CyComponentLibrary.cylib\BLE_v2_30\Library\gccCyBLEStack_BLE_SOC_PERIPHERAL.a(mint_os.o)
                0x00002fec                mintos_malloc

i.OS_create_queue
                0x00003020       0x64
 i.OS_create_queue
                0x00003020       0x64 C:\Program Files (x86)\Cypress\PSoC Creator\3.3\PSoC Creator\psoc\content\cycomponentlibrary\CyComponentLibrary.cylib\BLE_v2_30\Library\gccCyBLEStack_BLE_SOC_PERIPHERAL.a(mint_os_queue.o)
                0x00003020                OS_create_queue

i.OS_enqueue_item
                0x00003084       0x8c
 i.OS_enqueue_item
                0x00003084       0x8c C:\Program Files (x86)\Cypress\PSoC Creator\3.3\PSoC Creator\psoc\content\cycomponentlibrary\CyComponentLibrary.cylib\BLE_v2_30\Library\gccCyBLEStack_BLE_SOC_PERIPHERAL.a(mint_os_queue.o)
                0x00003084                OS_enqueue_item

i.OS_queue_get_num_of_items
                0x00003110       0x28
 i.OS_queue_get_num_of_items
                0x00003110       0x28 C:\Program Files (x86)\Cypress\PSoC Creator\3.3\PSoC Creator\psoc\content\cycomponentlibrary\CyComponentLibrary.cylib\BLE_v2_30\Library\gccCyBLEStack_BLE_SOC_PERIPHERAL.a(mint_os_queue.o)
                0x00003110                OS_queue_get_num_of_items

i.OS_queue_mgmt_init
                0x00003138       0x40
 i.OS_queue_mgmt_init
                0x00003138       0x40 C:\Program Files (x86)\Cypress\PSoC Creator\3.3\PSoC Creator\psoc\content\cycomponentlibrary\CyComponentLibrary.cylib\BLE_v2_30\Library\gccCyBLEStack_BLE_SOC_PERIPHERAL.a(mint_os_queue.o)
                0x00003138                OS_queue_mgmt_init

i.OS_remove_item
                0x00003178       0xa0
 i.OS_remove_item
                0x00003178       0xa0 C:\Program Files (x86)\Cypress\PSoC Creator\3.3\PSoC Creator\psoc\content\cycomponentlibrary\CyComponentLibrary.cylib\BLE_v2_30\Library\gccCyBLEStack_BLE_SOC_PERIPHERAL.a(mint_os_queue.o)
                0x00003178                OS_remove_item

i.OS_create_task
                0x00003218       0x88
 i.OS_create_task
                0x00003218       0x88 C:\Program Files (x86)\Cypress\PSoC Creator\3.3\PSoC Creator\psoc\content\cycomponentlibrary\CyComponentLibrary.cylib\BLE_v2_30\Library\gccCyBLEStack_BLE_SOC_PERIPHERAL.a(mint_os_task.o)
                0x00003218                OS_create_task

i.OS_isr_send_signal_to_task
                0x000032a0        0xc
 i.OS_isr_send_signal_to_task
                0x000032a0        0xc C:\Program Files (x86)\Cypress\PSoC Creator\3.3\PSoC Creator\psoc\content\cycomponentlibrary\CyComponentLibrary.cylib\BLE_v2_30\Library\gccCyBLEStack_BLE_SOC_PERIPHERAL.a(mint_os_task.o)
                0x000032a0                OS_isr_send_signal_to_task

i.OS_scheduler  0x000032ac       0x64
 i.OS_scheduler
                0x000032ac       0x64 C:\Program Files (x86)\Cypress\PSoC Creator\3.3\PSoC Creator\psoc\content\cycomponentlibrary\CyComponentLibrary.cylib\BLE_v2_30\Library\gccCyBLEStack_BLE_SOC_PERIPHERAL.a(mint_os_task.o)
                0x000032ac                OS_scheduler

i.OS_send_signal_to_task
                0x00003310        0xc
 i.OS_send_signal_to_task
                0x00003310        0xc C:\Program Files (x86)\Cypress\PSoC Creator\3.3\PSoC Creator\psoc\content\cycomponentlibrary\CyComponentLibrary.cylib\BLE_v2_30\Library\gccCyBLEStack_BLE_SOC_PERIPHERAL.a(mint_os_task.o)
                0x00003310                OS_send_signal_to_task

i.OS_send_signal_to_task_context
                0x0000331c       0x3c
 i.OS_send_signal_to_task_context
                0x0000331c       0x3c C:\Program Files (x86)\Cypress\PSoC Creator\3.3\PSoC Creator\psoc\content\cycomponentlibrary\CyComponentLibrary.cylib\BLE_v2_30\Library\gccCyBLEStack_BLE_SOC_PERIPHERAL.a(mint_os_task.o)

i.OS_task_mgmt_init
                0x00003358       0x50
 i.OS_task_mgmt_init
                0x00003358       0x50 C:\Program Files (x86)\Cypress\PSoC Creator\3.3\PSoC Creator\psoc\content\cycomponentlibrary\CyComponentLibrary.cylib\BLE_v2_30\Library\gccCyBLEStack_BLE_SOC_PERIPHERAL.a(mint_os_task.o)
                0x00003358                OS_task_mgmt_init

i.mint_buf_mgmt_allocate_buffer
                0x000033a8       0x4c
 i.mint_buf_mgmt_allocate_buffer
                0x000033a8       0x4c C:\Program Files (x86)\Cypress\PSoC Creator\3.3\PSoC Creator\psoc\content\cycomponentlibrary\CyComponentLibrary.cylib\BLE_v2_30\Library\gccCyBLEStack_BLE_SOC_PERIPHERAL.a(mint_buf_mgmt.o)
                0x000033a8                mint_buf_mgmt_allocate_buffer

i.mint_buf_mgmt_create_pool
                0x000033f4       0xd0
 i.mint_buf_mgmt_create_pool
                0x000033f4       0xd0 C:\Program Files (x86)\Cypress\PSoC Creator\3.3\PSoC Creator\psoc\content\cycomponentlibrary\CyComponentLibrary.cylib\BLE_v2_30\Library\gccCyBLEStack_BLE_SOC_PERIPHERAL.a(mint_buf_mgmt.o)
                0x000033f4                mint_buf_mgmt_create_pool

i.mint_buf_mgmt_free_buffer
                0x000034c4       0xa4
 i.mint_buf_mgmt_free_buffer
                0x000034c4       0xa4 C:\Program Files (x86)\Cypress\PSoC Creator\3.3\PSoC Creator\psoc\content\cycomponentlibrary\CyComponentLibrary.cylib\BLE_v2_30\Library\gccCyBLEStack_BLE_SOC_PERIPHERAL.a(mint_buf_mgmt.o)
                0x000034c4                mint_buf_mgmt_free_buffer

i.mint_buf_mgmt_init
                0x00003568       0x44
 i.mint_buf_mgmt_init
                0x00003568       0x44 C:\Program Files (x86)\Cypress\PSoC Creator\3.3\PSoC Creator\psoc\content\cycomponentlibrary\CyComponentLibrary.cylib\BLE_v2_30\Library\gccCyBLEStack_BLE_SOC_PERIPHERAL.a(mint_buf_mgmt.o)
                0x00003568                mint_buf_mgmt_init

i.mint_buf_mgmt_malloc
                0x000035ac       0x2c
 i.mint_buf_mgmt_malloc
                0x000035ac       0x2c C:\Program Files (x86)\Cypress\PSoC Creator\3.3\PSoC Creator\psoc\content\cycomponentlibrary\CyComponentLibrary.cylib\BLE_v2_30\Library\gccCyBLEStack_BLE_SOC_PERIPHERAL.a(mint_buf_mgmt.o)
                0x000035ac                mint_buf_mgmt_malloc

i.mint_buf_mgmt_pl_init
                0x000035d8       0x48
 i.mint_buf_mgmt_pl_init
                0x000035d8       0x48 C:\Program Files (x86)\Cypress\PSoC Creator\3.3\PSoC Creator\psoc\content\cycomponentlibrary\CyComponentLibrary.cylib\BLE_v2_30\Library\gccCyBLEStack_BLE_SOC_PERIPHERAL.a(mint_buf_mgmt.o)
                0x000035d8                mint_buf_mgmt_pl_init

i.mint_buf_mgmt_reset_pool
                0x00003620       0x70
 i.mint_buf_mgmt_reset_pool
                0x00003620       0x70 C:\Program Files (x86)\Cypress\PSoC Creator\3.3\PSoC Creator\psoc\content\cycomponentlibrary\CyComponentLibrary.cylib\BLE_v2_30\Library\gccCyBLEStack_BLE_SOC_PERIPHERAL.a(mint_buf_mgmt.o)
                0x00003620                mint_buf_mgmt_reset_pool

i.mint_buf_mgmt_stack_init
                0x00003690       0x24
 i.mint_buf_mgmt_stack_init
                0x00003690       0x24 C:\Program Files (x86)\Cypress\PSoC Creator\3.3\PSoC Creator\psoc\content\cycomponentlibrary\CyComponentLibrary.cylib\BLE_v2_30\Library\gccCyBLEStack_BLE_SOC_PERIPHERAL.a(mint_buf_mgmt.o)
                0x00003690                mint_buf_mgmt_stack_init

i.mint_buf_mgmt_stack_pop
                0x000036b4       0x36
 i.mint_buf_mgmt_stack_pop
                0x000036b4       0x36 C:\Program Files (x86)\Cypress\PSoC Creator\3.3\PSoC Creator\psoc\content\cycomponentlibrary\CyComponentLibrary.cylib\BLE_v2_30\Library\gccCyBLEStack_BLE_SOC_PERIPHERAL.a(mint_buf_mgmt.o)
                0x000036b4                mint_buf_mgmt_stack_pop

i.mint_buf_mgmt_stack_push
                0x000036ea       0x36
 i.mint_buf_mgmt_stack_push
                0x000036ea       0x36 C:\Program Files (x86)\Cypress\PSoC Creator\3.3\PSoC Creator\psoc\content\cycomponentlibrary\CyComponentLibrary.cylib\BLE_v2_30\Library\gccCyBLEStack_BLE_SOC_PERIPHERAL.a(mint_buf_mgmt.o)
                0x000036ea                mint_buf_mgmt_stack_push

i.mint_buf_mgmt_stack_reset
                0x00003720       0x1e
 i.mint_buf_mgmt_stack_reset
                0x00003720       0x1e C:\Program Files (x86)\Cypress\PSoC Creator\3.3\PSoC Creator\psoc\content\cycomponentlibrary\CyComponentLibrary.cylib\BLE_v2_30\Library\gccCyBLEStack_BLE_SOC_PERIPHERAL.a(mint_buf_mgmt.o)
                0x00003720                mint_buf_mgmt_stack_reset

i.mint_buf_mgmt_stack_search_item
                0x0000373e       0x30
 i.mint_buf_mgmt_stack_search_item
                0x0000373e       0x30 C:\Program Files (x86)\Cypress\PSoC Creator\3.3\PSoC Creator\psoc\content\cycomponentlibrary\CyComponentLibrary.cylib\BLE_v2_30\Library\gccCyBLEStack_BLE_SOC_PERIPHERAL.a(mint_buf_mgmt.o)
                0x0000373e                mint_buf_mgmt_stack_search_item

i.CyBleControllerIP_GetPingState
                0x00003770        0xc
 i.CyBleControllerIP_GetPingState
                0x00003770        0xc C:\Program Files (x86)\Cypress\PSoC Creator\3.3\PSoC Creator\psoc\content\cycomponentlibrary\CyComponentLibrary.cylib\BLE_v2_30\Library\gccCyBLEStack_BLE_SOC_PERIPHERAL.a(CyBleControllerIP_Interface.o)
                0x00003770                CyBleControllerIP_GetPingState

i.CyBleController_AddDeviceToWhiteList
                0x0000377c       0x40
 i.CyBleController_AddDeviceToWhiteList
                0x0000377c       0x40 C:\Program Files (x86)\Cypress\PSoC Creator\3.3\PSoC Creator\psoc\content\cycomponentlibrary\CyComponentLibrary.cylib\BLE_v2_30\Library\gccCyBLEStack_BLE_SOC_PERIPHERAL.a(CyBleControllerIP_Interface.o)
                0x0000377c                CyBleController_AddDeviceToWhiteList

i.CyBleController_ExitLowPowerMode
                0x000037bc       0x10
 i.CyBleController_ExitLowPowerMode
                0x000037bc       0x10 C:\Program Files (x86)\Cypress\PSoC Creator\3.3\PSoC Creator\psoc\content\cycomponentlibrary\CyComponentLibrary.cylib\BLE_v2_30\Library\gccCyBLEStack_BLE_SOC_PERIPHERAL.a(CyBleControllerIP_Interface.o)
                0x000037bc                CyBleController_ExitLowPowerMode

i.CyBleController_Init
                0x000037cc       0x32
 i.CyBleController_Init
                0x000037cc       0x32 C:\Program Files (x86)\Cypress\PSoC Creator\3.3\PSoC Creator\psoc\content\cycomponentlibrary\CyComponentLibrary.cylib\BLE_v2_30\Library\gccCyBLEStack_BLE_SOC_PERIPHERAL.a(CyBleControllerIP_Interface.o)
                0x000037cc                CyBleController_Init

i.CyBleController_SetDeviceAddress
                0x000037fe       0x2e
 i.CyBleController_SetDeviceAddress
                0x000037fe       0x2e C:\Program Files (x86)\Cypress\PSoC Creator\3.3\PSoC Creator\psoc\content\cycomponentlibrary\CyComponentLibrary.cylib\BLE_v2_30\Library\gccCyBLEStack_BLE_SOC_PERIPHERAL.a(CyBleControllerIP_Interface.o)
                0x000037fe                CyBleController_SetDeviceAddress

i.CyBle_GetTxPowerLevel
                0x0000382c       0x4e
 i.CyBle_GetTxPowerLevel
                0x0000382c       0x4e C:\Program Files (x86)\Cypress\PSoC Creator\3.3\PSoC Creator\psoc\content\cycomponentlibrary\CyComponentLibrary.cylib\BLE_v2_30\Library\gccCyBLEStack_BLE_SOC_PERIPHERAL.a(CyBleControllerIP_Interface.o)
                0x0000382c                CyBle_GetTxPowerLevel

i.CyBle_SetTxPowerLevel
                0x0000387a       0x56
 i.CyBle_SetTxPowerLevel
                0x0000387a       0x56 C:\Program Files (x86)\Cypress\PSoC Creator\3.3\PSoC Creator\psoc\content\cycomponentlibrary\CyComponentLibrary.cylib\BLE_v2_30\Library\gccCyBLEStack_BLE_SOC_PERIPHERAL.a(CyBleControllerIP_Interface.o)
                0x0000387a                CyBle_SetTxPowerLevel

i.ll_check_and_mark_packet_ready_for_transmission
                0x000038d0       0x28
 i.ll_check_and_mark_packet_ready_for_transmission
                0x000038d0       0x28 C:\Program Files (x86)\Cypress\PSoC Creator\3.3\PSoC Creator\psoc\content\cycomponentlibrary\CyComponentLibrary.cylib\BLE_v2_30\Library\gccCyBLEStack_BLE_SOC_PERIPHERAL.a(ll.o)
                0x000038d0                ll_check_and_mark_packet_ready_for_transmission

i.ll_cleanup_pending_data_pdu
                0x000038f8       0x38
 i.ll_cleanup_pending_data_pdu
                0x000038f8       0x38 C:\Program Files (x86)\Cypress\PSoC Creator\3.3\PSoC Creator\psoc\content\cycomponentlibrary\CyComponentLibrary.cylib\BLE_v2_30\Library\gccCyBLEStack_BLE_SOC_PERIPHERAL.a(ll.o)
                0x000038f8                ll_cleanup_pending_data_pdu

i.ll_exit_low_power_mode
                0x00003930       0xac
 i.ll_exit_low_power_mode
                0x00003930       0xac C:\Program Files (x86)\Cypress\PSoC Creator\3.3\PSoC Creator\psoc\content\cycomponentlibrary\CyComponentLibrary.cylib\BLE_v2_30\Library\gccCyBLEStack_BLE_SOC_PERIPHERAL.a(ll.o)
                0x00003930                ll_exit_low_power_mode

i.ll_get_ack_status
                0x000039dc       0x3c
 i.ll_get_ack_status
                0x000039dc       0x3c C:\Program Files (x86)\Cypress\PSoC Creator\3.3\PSoC Creator\psoc\content\cycomponentlibrary\CyComponentLibrary.cylib\BLE_v2_30\Library\gccCyBLEStack_BLE_SOC_PERIPHERAL.a(ll.o)
                0x000039dc                ll_get_ack_status

i.ll_get_adv_ch_tx_power
                0x00003a18       0x20
 i.ll_get_adv_ch_tx_power
                0x00003a18       0x20 C:\Program Files (x86)\Cypress\PSoC Creator\3.3\PSoC Creator\psoc\content\cycomponentlibrary\CyComponentLibrary.cylib\BLE_v2_30\Library\gccCyBLEStack_BLE_SOC_PERIPHERAL.a(ll.o)
                0x00003a18                ll_get_adv_ch_tx_power

i.ll_get_data_channel_map
                0x00003a38       0x24
 i.ll_get_data_channel_map
                0x00003a38       0x24 C:\Program Files (x86)\Cypress\PSoC Creator\3.3\PSoC Creator\psoc\content\cycomponentlibrary\CyComponentLibrary.cylib\BLE_v2_30\Library\gccCyBLEStack_BLE_SOC_PERIPHERAL.a(ll.o)
                0x00003a38                ll_get_data_channel_map

i.ll_get_max_white_list_size
                0x00003a5c        0xc
 i.ll_get_max_white_list_size
                0x00003a5c        0xc C:\Program Files (x86)\Cypress\PSoC Creator\3.3\PSoC Creator\psoc\content\cycomponentlibrary\CyComponentLibrary.cylib\BLE_v2_30\Library\gccCyBLEStack_BLE_SOC_PERIPHERAL.a(ll.o)
                0x00003a5c                ll_get_max_white_list_size

i.ll_get_my_role
                0x00003a68        0xc
 i.ll_get_my_role
                0x00003a68        0xc C:\Program Files (x86)\Cypress\PSoC Creator\3.3\PSoC Creator\psoc\content\cycomponentlibrary\CyComponentLibrary.cylib\BLE_v2_30\Library\gccCyBLEStack_BLE_SOC_PERIPHERAL.a(ll.o)
                0x00003a68                ll_get_my_role

i.ll_get_next_available_fifo_for_data_pdu
                0x00003a74        0x8
 i.ll_get_next_available_fifo_for_data_pdu
                0x00003a74        0x8 C:\Program Files (x86)\Cypress\PSoC Creator\3.3\PSoC Creator\psoc\content\cycomponentlibrary\CyComponentLibrary.cylib\BLE_v2_30\Library\gccCyBLEStack_BLE_SOC_PERIPHERAL.a(ll.o)
                0x00003a74                ll_get_next_available_fifo_for_data_pdu

i.ll_get_next_available_fifo_for_ll_pdu
                0x00003a7c       0x24
 i.ll_get_next_available_fifo_for_ll_pdu
                0x00003a7c       0x24 C:\Program Files (x86)\Cypress\PSoC Creator\3.3\PSoC Creator\psoc\content\cycomponentlibrary\CyComponentLibrary.cylib\BLE_v2_30\Library\gccCyBLEStack_BLE_SOC_PERIPHERAL.a(ll.o)
                0x00003a7c                ll_get_next_available_fifo_for_ll_pdu

i.ll_get_rssi_value
                0x00003aa0       0x26
 i.ll_get_rssi_value
                0x00003aa0       0x26 C:\Program Files (x86)\Cypress\PSoC Creator\3.3\PSoC Creator\psoc\content\cycomponentlibrary\CyComponentLibrary.cylib\BLE_v2_30\Library\gccCyBLEStack_BLE_SOC_PERIPHERAL.a(ll.o)
                0x00003aa0                ll_get_rssi_value

i.ll_get_transmit_power_level
                0x00003ac8       0x2c
 i.ll_get_transmit_power_level
                0x00003ac8       0x2c C:\Program Files (x86)\Cypress\PSoC Creator\3.3\PSoC Creator\psoc\content\cycomponentlibrary\CyComponentLibrary.cylib\BLE_v2_30\Library\gccCyBLEStack_BLE_SOC_PERIPHERAL.a(ll.o)
                0x00003ac8                ll_get_transmit_power_level

i.ll_handle_ack_received
                0x00003af4       0x74
 i.ll_handle_ack_received
                0x00003af4       0x74 C:\Program Files (x86)\Cypress\PSoC Creator\3.3\PSoC Creator\psoc\content\cycomponentlibrary\CyComponentLibrary.cylib\BLE_v2_30\Library\gccCyBLEStack_BLE_SOC_PERIPHERAL.a(ll.o)
                0x00003af4                ll_handle_ack_received

i.ll_handle_add_device_in_whitelist
                0x00003b68       0x3a
 i.ll_handle_add_device_in_whitelist
                0x00003b68       0x3a C:\Program Files (x86)\Cypress\PSoC Creator\3.3\PSoC Creator\psoc\content\cycomponentlibrary\CyComponentLibrary.cylib\BLE_v2_30\Library\gccCyBLEStack_BLE_SOC_PERIPHERAL.a(ll.o)
                0x00003b68                ll_handle_add_device_in_whitelist

i.ll_handle_clear_whitelist
                0x00003ba2       0x16
 i.ll_handle_clear_whitelist
                0x00003ba2       0x16 C:\Program Files (x86)\Cypress\PSoC Creator\3.3\PSoC Creator\psoc\content\cycomponentlibrary\CyComponentLibrary.cylib\BLE_v2_30\Library\gccCyBLEStack_BLE_SOC_PERIPHERAL.a(ll.o)
                0x00003ba2                ll_handle_clear_whitelist

i.ll_handle_encrypt_host_data
                0x00003bb8       0x36
 i.ll_handle_encrypt_host_data
                0x00003bb8       0x36 C:\Program Files (x86)\Cypress\PSoC Creator\3.3\PSoC Creator\psoc\content\cycomponentlibrary\CyComponentLibrary.cylib\BLE_v2_30\Library\gccCyBLEStack_BLE_SOC_PERIPHERAL.a(ll.o)
                0x00003bb8                ll_handle_encrypt_host_data

i.ll_handle_host_data_packet
                0x00003bee       0x54
 i.ll_handle_host_data_packet
                0x00003bee       0x54 C:\Program Files (x86)\Cypress\PSoC Creator\3.3\PSoC Creator\psoc\content\cycomponentlibrary\CyComponentLibrary.cylib\BLE_v2_30\Library\gccCyBLEStack_BLE_SOC_PERIPHERAL.a(ll.o)
                0x00003bee                ll_handle_host_data_packet

i.ll_handle_read_host_channel_map
                0x00003c42        0x4
 i.ll_handle_read_host_channel_map
                0x00003c42        0x4 C:\Program Files (x86)\Cypress\PSoC Creator\3.3\PSoC Creator\psoc\content\cycomponentlibrary\CyComponentLibrary.cylib\BLE_v2_30\Library\gccCyBLEStack_BLE_SOC_PERIPHERAL.a(ll.o)
                0x00003c42                ll_handle_read_host_channel_map

i.ll_handle_remove_device_in_whitelist
                0x00003c46       0x2a
 i.ll_handle_remove_device_in_whitelist
                0x00003c46       0x2a C:\Program Files (x86)\Cypress\PSoC Creator\3.3\PSoC Creator\psoc\content\cycomponentlibrary\CyComponentLibrary.cylib\BLE_v2_30\Library\gccCyBLEStack_BLE_SOC_PERIPHERAL.a(ll.o)
                0x00003c46                ll_handle_remove_device_in_whitelist

i.ll_handle_reset
                0x00003c70        0xe
 i.ll_handle_reset
                0x00003c70        0xe C:\Program Files (x86)\Cypress\PSoC Creator\3.3\PSoC Creator\psoc\content\cycomponentlibrary\CyComponentLibrary.cylib\BLE_v2_30\Library\gccCyBLEStack_BLE_SOC_PERIPHERAL.a(ll.o)
                0x00003c70                ll_handle_reset

i.ll_handle_set_random_address
                0x00003c7e       0x36
 i.ll_handle_set_random_address
                0x00003c7e       0x36 C:\Program Files (x86)\Cypress\PSoC Creator\3.3\PSoC Creator\psoc\content\cycomponentlibrary\CyComponentLibrary.cylib\BLE_v2_30\Library\gccCyBLEStack_BLE_SOC_PERIPHERAL.a(ll.o)
                0x00003c7e                ll_handle_set_random_address

i.ll_init       0x00003cb4       0x18
 i.ll_init      0x00003cb4       0x18 C:\Program Files (x86)\Cypress\PSoC Creator\3.3\PSoC Creator\psoc\content\cycomponentlibrary\CyComponentLibrary.cylib\BLE_v2_30\Library\gccCyBLEStack_BLE_SOC_PERIPHERAL.a(ll.o)
                0x00003cb4                ll_init

i.ll_initialize_device_attributes
                0x00003ccc       0x4c
 i.ll_initialize_device_attributes
                0x00003ccc       0x4c C:\Program Files (x86)\Cypress\PSoC Creator\3.3\PSoC Creator\psoc\content\cycomponentlibrary\CyComponentLibrary.cylib\BLE_v2_30\Library\gccCyBLEStack_BLE_SOC_PERIPHERAL.a(ll.o)
                0x00003ccc                ll_initialize_device_attributes

i.ll_is_pkt_pending
                0x00003d18       0x2a
 i.ll_is_pkt_pending
                0x00003d18       0x2a C:\Program Files (x86)\Cypress\PSoC Creator\3.3\PSoC Creator\psoc\content\cycomponentlibrary\CyComponentLibrary.cylib\BLE_v2_30\Library\gccCyBLEStack_BLE_SOC_PERIPHERAL.a(ll.o)
                0x00003d18                ll_is_pkt_pending

i.ll_is_sent_pkt_pending
                0x00003d42       0x1a
 i.ll_is_sent_pkt_pending
                0x00003d42       0x1a C:\Program Files (x86)\Cypress\PSoC Creator\3.3\PSoC Creator\psoc\content\cycomponentlibrary\CyComponentLibrary.cylib\BLE_v2_30\Library\gccCyBLEStack_BLE_SOC_PERIPHERAL.a(ll.o)
                0x00003d42                ll_is_sent_pkt_pending

i.ll_isr_exit_low_power_mode
                0x00003d5c       0x16
 i.ll_isr_exit_low_power_mode
                0x00003d5c       0x16 C:\Program Files (x86)\Cypress\PSoC Creator\3.3\PSoC Creator\psoc\content\cycomponentlibrary\CyComponentLibrary.cylib\BLE_v2_30\Library\gccCyBLEStack_BLE_SOC_PERIPHERAL.a(ll.o)
                0x00003d5c                ll_isr_exit_low_power_mode

i.ll_load_host_data_packet
                0x00003d72       0x4a
 i.ll_load_host_data_packet
                0x00003d72       0x4a C:\Program Files (x86)\Cypress\PSoC Creator\3.3\PSoC Creator\psoc\content\cycomponentlibrary\CyComponentLibrary.cylib\BLE_v2_30\Library\gccCyBLEStack_BLE_SOC_PERIPHERAL.a(ll.o)
                0x00003d72                ll_load_host_data_packet

i.ll_load_packet_to_fifo
                0x00003dbc       0x6e
 i.ll_load_packet_to_fifo
                0x00003dbc       0x6e C:\Program Files (x86)\Cypress\PSoC Creator\3.3\PSoC Creator\psoc\content\cycomponentlibrary\CyComponentLibrary.cylib\BLE_v2_30\Library\gccCyBLEStack_BLE_SOC_PERIPHERAL.a(ll.o)
                0x00003dbc                ll_load_packet_to_fifo

i.ll_process_acks
                0x00003e2a       0x3c
 i.ll_process_acks
                0x00003e2a       0x3c C:\Program Files (x86)\Cypress\PSoC Creator\3.3\PSoC Creator\psoc\content\cycomponentlibrary\CyComponentLibrary.cylib\BLE_v2_30\Library\gccCyBLEStack_BLE_SOC_PERIPHERAL.a(ll.o)
                0x00003e2a                ll_process_acks

i.ll_reset      0x00003e66       0x12
 i.ll_reset     0x00003e66       0x12 C:\Program Files (x86)\Cypress\PSoC Creator\3.3\PSoC Creator\psoc\content\cycomponentlibrary\CyComponentLibrary.cylib\BLE_v2_30\Library\gccCyBLEStack_BLE_SOC_PERIPHERAL.a(ll.o)
                0x00003e66                ll_reset

i.ll_update_active_features
                0x00003e78       0x58
 i.ll_update_active_features
                0x00003e78       0x58 C:\Program Files (x86)\Cypress\PSoC Creator\3.3\PSoC Creator\psoc\content\cycomponentlibrary\CyComponentLibrary.cylib\BLE_v2_30\Library\gccCyBLEStack_BLE_SOC_PERIPHERAL.a(ll.o)
                0x00003e78                ll_update_active_features

i.ll_update_device_fsm
                0x00003ed0        0x8
 i.ll_update_device_fsm
                0x00003ed0        0x8 C:\Program Files (x86)\Cypress\PSoC Creator\3.3\PSoC Creator\psoc\content\cycomponentlibrary\CyComponentLibrary.cylib\BLE_v2_30\Library\gccCyBLEStack_BLE_SOC_PERIPHERAL.a(ll.o)
                0x00003ed0                ll_update_device_fsm

i.pf_le_start_timer
                0x00003ed8       0x16
 i.pf_le_start_timer
                0x00003ed8       0x16 C:\Program Files (x86)\Cypress\PSoC Creator\3.3\PSoC Creator\psoc\content\cycomponentlibrary\CyComponentLibrary.cylib\BLE_v2_30\Library\gccCyBLEStack_BLE_SOC_PERIPHERAL.a(ll.o)
                0x00003ed8                pf_le_start_timer

i.pf_le_stop_timer
                0x00003eee       0x12
 i.pf_le_stop_timer
                0x00003eee       0x12 C:\Program Files (x86)\Cypress\PSoC Creator\3.3\PSoC Creator\psoc\content\cycomponentlibrary\CyComponentLibrary.cylib\BLE_v2_30\Library\gccCyBLEStack_BLE_SOC_PERIPHERAL.a(ll.o)
                0x00003eee                pf_le_stop_timer

i.CyBleControllerIP_TuneAdvEventInterPktSlots
                0x00003f00       0x44
 i.CyBleControllerIP_TuneAdvEventInterPktSlots
                0x00003f00       0x44 C:\Program Files (x86)\Cypress\PSoC Creator\3.3\PSoC Creator\psoc\content\cycomponentlibrary\CyComponentLibrary.cylib\BLE_v2_30\Library\gccCyBLEStack_BLE_SOC_PERIPHERAL.a(ll_advertiser.o)
                0x00003f00                CyBleControllerIP_TuneAdvEventInterPktSlots

i.ll_adv_is_configured_connection_adv
                0x00003f44       0x1e
 i.ll_adv_is_configured_connection_adv
                0x00003f44       0x1e C:\Program Files (x86)\Cypress\PSoC Creator\3.3\PSoC Creator\psoc\content\cycomponentlibrary\CyComponentLibrary.cylib\BLE_v2_30\Library\gccCyBLEStack_BLE_SOC_PERIPHERAL.a(ll_advertiser.o)
                0x00003f44                ll_adv_is_configured_connection_adv

i.ll_check_random_address_in_use_by_advertiser
                0x00003f62       0x10
 i.ll_check_random_address_in_use_by_advertiser
                0x00003f62       0x10 C:\Program Files (x86)\Cypress\PSoC Creator\3.3\PSoC Creator\psoc\content\cycomponentlibrary\CyComponentLibrary.cylib\BLE_v2_30\Library\gccCyBLEStack_BLE_SOC_PERIPHERAL.a(ll_advertiser.o)
                0x00003f62                ll_check_random_address_in_use_by_advertiser

i.ll_check_whitelist_in_use_by_advertiser
                0x00003f72       0x10
 i.ll_check_whitelist_in_use_by_advertiser
                0x00003f72       0x10 C:\Program Files (x86)\Cypress\PSoC Creator\3.3\PSoC Creator\psoc\content\cycomponentlibrary\CyComponentLibrary.cylib\BLE_v2_30\Library\gccCyBLEStack_BLE_SOC_PERIPHERAL.a(ll_advertiser.o)
                0x00003f72                ll_check_whitelist_in_use_by_advertiser

i.ll_get_adv_status
                0x00003f82        0xc
 i.ll_get_adv_status
                0x00003f82        0xc C:\Program Files (x86)\Cypress\PSoC Creator\3.3\PSoC Creator\psoc\content\cycomponentlibrary\CyComponentLibrary.cylib\BLE_v2_30\Library\gccCyBLEStack_BLE_SOC_PERIPHERAL.a(ll_advertiser.o)
                0x00003f82                ll_get_adv_status

i.ll_get_adv_type
                0x00003f8e       0x16
 i.ll_get_adv_type
                0x00003f8e       0x16 C:\Program Files (x86)\Cypress\PSoC Creator\3.3\PSoC Creator\psoc\content\cycomponentlibrary\CyComponentLibrary.cylib\BLE_v2_30\Library\gccCyBLEStack_BLE_SOC_PERIPHERAL.a(ll_advertiser.o)
                0x00003f8e                ll_get_adv_type

i.ll_handle_adv_intr
                0x00003fa4       0x50
 i.ll_handle_adv_intr
                0x00003fa4       0x50 C:\Program Files (x86)\Cypress\PSoC Creator\3.3\PSoC Creator\psoc\content\cycomponentlibrary\CyComponentLibrary.cylib\BLE_v2_30\Library\gccCyBLEStack_BLE_SOC_PERIPHERAL.a(ll_advertiser.o)
                0x00003fa4                ll_handle_adv_intr

i.ll_handle_set_adv_data
                0x00003ff4       0x14
 i.ll_handle_set_adv_data
                0x00003ff4       0x14 C:\Program Files (x86)\Cypress\PSoC Creator\3.3\PSoC Creator\psoc\content\cycomponentlibrary\CyComponentLibrary.cylib\BLE_v2_30\Library\gccCyBLEStack_BLE_SOC_PERIPHERAL.a(ll_advertiser.o)
                0x00003ff4                ll_handle_set_adv_data

i.ll_handle_set_adv_parameters
                0x00004008       0x84
 i.ll_handle_set_adv_parameters
                0x00004008       0x84 C:\Program Files (x86)\Cypress\PSoC Creator\3.3\PSoC Creator\psoc\content\cycomponentlibrary\CyComponentLibrary.cylib\BLE_v2_30\Library\gccCyBLEStack_BLE_SOC_PERIPHERAL.a(ll_advertiser.o)
                0x00004008                ll_handle_set_adv_parameters

i.ll_handle_set_advertise_enable
                0x0000408c       0x78
 i.ll_handle_set_advertise_enable
                0x0000408c       0x78 C:\Program Files (x86)\Cypress\PSoC Creator\3.3\PSoC Creator\psoc\content\cycomponentlibrary\CyComponentLibrary.cylib\BLE_v2_30\Library\gccCyBLEStack_BLE_SOC_PERIPHERAL.a(ll_advertiser.o)
                0x0000408c                ll_handle_set_advertise_enable

i.ll_handle_set_scan_resp_data
                0x00004104       0x14
 i.ll_handle_set_scan_resp_data
                0x00004104       0x14 C:\Program Files (x86)\Cypress\PSoC Creator\3.3\PSoC Creator\psoc\content\cycomponentlibrary\CyComponentLibrary.cylib\BLE_v2_30\Library\gccCyBLEStack_BLE_SOC_PERIPHERAL.a(ll_advertiser.o)
                0x00004104                ll_handle_set_scan_resp_data

i.ll_init_advertiser
                0x00004118       0x68
 i.ll_init_advertiser
                0x00004118       0x68 C:\Program Files (x86)\Cypress\PSoC Creator\3.3\PSoC Creator\psoc\content\cycomponentlibrary\CyComponentLibrary.cylib\BLE_v2_30\Library\gccCyBLEStack_BLE_SOC_PERIPHERAL.a(ll_advertiser.o)
                0x00004118                ll_init_advertiser

i.is_le_connection_handle
                0x00004180       0x28
 i.is_le_connection_handle
                0x00004180       0x28 C:\Program Files (x86)\Cypress\PSoC Creator\3.3\PSoC Creator\psoc\content\cycomponentlibrary\CyComponentLibrary.cylib\BLE_v2_30\Library\gccCyBLEStack_BLE_SOC_PERIPHERAL.a(ll_connection.o)
                0x00004180                is_le_connection_handle

i.le_assign_connection_handle
                0x000041a8       0x28
 i.le_assign_connection_handle
                0x000041a8       0x28 C:\Program Files (x86)\Cypress\PSoC Creator\3.3\PSoC Creator\psoc\content\cycomponentlibrary\CyComponentLibrary.cylib\BLE_v2_30\Library\gccCyBLEStack_BLE_SOC_PERIPHERAL.a(ll_connection.o)
                0x000041a8                le_assign_connection_handle

i.le_get_connection_index
                0x000041d0        0x6
 i.le_get_connection_index
                0x000041d0        0x6 C:\Program Files (x86)\Cypress\PSoC Creator\3.3\PSoC Creator\psoc\content\cycomponentlibrary\CyComponentLibrary.cylib\BLE_v2_30\Library\gccCyBLEStack_BLE_SOC_PERIPHERAL.a(ll_connection.o)
                0x000041d0                le_get_connection_index

i.ll_allocate_connection
                0x000041d8       0x44
 i.ll_allocate_connection
                0x000041d8       0x44 C:\Program Files (x86)\Cypress\PSoC Creator\3.3\PSoC Creator\psoc\content\cycomponentlibrary\CyComponentLibrary.cylib\BLE_v2_30\Library\gccCyBLEStack_BLE_SOC_PERIPHERAL.a(ll_connection.o)
                0x000041d8                ll_allocate_connection

i.ll_calculate_and_program_def_win_widen_drift
                0x0000421c       0x14
 i.ll_calculate_and_program_def_win_widen_drift
                0x0000421c       0x14 C:\Program Files (x86)\Cypress\PSoC Creator\3.3\PSoC Creator\psoc\content\cycomponentlibrary\CyComponentLibrary.cylib\BLE_v2_30\Library\gccCyBLEStack_BLE_SOC_PERIPHERAL.a(ll_connection.o)
                0x0000421c                ll_calculate_and_program_def_win_widen_drift

i.ll_calculate_drift
                0x00004230       0x2c
 i.ll_calculate_drift
                0x00004230       0x2c C:\Program Files (x86)\Cypress\PSoC Creator\3.3\PSoC Creator\psoc\content\cycomponentlibrary\CyComponentLibrary.cylib\BLE_v2_30\Library\gccCyBLEStack_BLE_SOC_PERIPHERAL.a(ll_connection.o)
                0x00004230                ll_calculate_drift

i.ll_check_and_decrypt_ll_pdu
                0x0000425c       0x68
 i.ll_check_and_decrypt_ll_pdu
                0x0000425c       0x68 C:\Program Files (x86)\Cypress\PSoC Creator\3.3\PSoC Creator\psoc\content\cycomponentlibrary\CyComponentLibrary.cylib\BLE_v2_30\Library\gccCyBLEStack_BLE_SOC_PERIPHERAL.a(ll_connection.o)
                0x0000425c                ll_check_and_decrypt_ll_pdu

i.ll_check_and_decrypt_packet
                0x000042c4       0x6a
 i.ll_check_and_decrypt_packet
                0x000042c4       0x6a C:\Program Files (x86)\Cypress\PSoC Creator\3.3\PSoC Creator\psoc\content\cycomponentlibrary\CyComponentLibrary.cylib\BLE_v2_30\Library\gccCyBLEStack_BLE_SOC_PERIPHERAL.a(ll_connection.o)
                0x000042c4                ll_check_and_decrypt_packet

i.ll_check_and_encrypt_ll_pdu
                0x0000432e       0x72
 i.ll_check_and_encrypt_ll_pdu
                0x0000432e       0x72 C:\Program Files (x86)\Cypress\PSoC Creator\3.3\PSoC Creator\psoc\content\cycomponentlibrary\CyComponentLibrary.cylib\BLE_v2_30\Library\gccCyBLEStack_BLE_SOC_PERIPHERAL.a(ll_connection.o)
                0x0000432e                ll_check_and_encrypt_ll_pdu

i.ll_check_and_encrypt_packet
                0x000043a0       0x8a
 i.ll_check_and_encrypt_packet
                0x000043a0       0x8a C:\Program Files (x86)\Cypress\PSoC Creator\3.3\PSoC Creator\psoc\content\cycomponentlibrary\CyComponentLibrary.cylib\BLE_v2_30\Library\gccCyBLEStack_BLE_SOC_PERIPHERAL.a(ll_connection.o)
                0x000043a0                ll_check_and_encrypt_packet

i.ll_check_for_allowing_incoming_connection_update
                0x0000442a       0x42
 i.ll_check_for_allowing_incoming_connection_update
                0x0000442a       0x42 C:\Program Files (x86)\Cypress\PSoC Creator\3.3\PSoC Creator\psoc\content\cycomponentlibrary\CyComponentLibrary.cylib\BLE_v2_30\Library\gccCyBLEStack_BLE_SOC_PERIPHERAL.a(ll_connection.o)
                0x0000442a                ll_check_for_allowing_incoming_connection_update

i.ll_check_if_pdu_is_loaded_to_hardware
                0x0000446c       0x1c
 i.ll_check_if_pdu_is_loaded_to_hardware
                0x0000446c       0x1c C:\Program Files (x86)\Cypress\PSoC Creator\3.3\PSoC Creator\psoc\content\cycomponentlibrary\CyComponentLibrary.cylib\BLE_v2_30\Library\gccCyBLEStack_BLE_SOC_PERIPHERAL.a(ll_connection.o)
                0x0000446c                ll_check_if_pdu_is_loaded_to_hardware

i.ll_check_random_address_in_use_by_initiator
                0x00004488       0x30
 i.ll_check_random_address_in_use_by_initiator
                0x00004488       0x30 C:\Program Files (x86)\Cypress\PSoC Creator\3.3\PSoC Creator\psoc\content\cycomponentlibrary\CyComponentLibrary.cylib\BLE_v2_30\Library\gccCyBLEStack_BLE_SOC_PERIPHERAL.a(ll_connection.o)
                0x00004488                ll_check_random_address_in_use_by_initiator

i.ll_check_white_list_in_use_by_initiator
                0x000044b8       0x30
 i.ll_check_white_list_in_use_by_initiator
                0x000044b8       0x30 C:\Program Files (x86)\Cypress\PSoC Creator\3.3\PSoC Creator\psoc\content\cycomponentlibrary\CyComponentLibrary.cylib\BLE_v2_30\Library\gccCyBLEStack_BLE_SOC_PERIPHERAL.a(ll_connection.o)
                0x000044b8                ll_check_white_list_in_use_by_initiator

i.ll_conn_free_enc_txn_buffer
                0x000044e8       0x16
 i.ll_conn_free_enc_txn_buffer
                0x000044e8       0x16 C:\Program Files (x86)\Cypress\PSoC Creator\3.3\PSoC Creator\psoc\content\cycomponentlibrary\CyComponentLibrary.cylib\BLE_v2_30\Library\gccCyBLEStack_BLE_SOC_PERIPHERAL.a(ll_connection.o)
                0x000044e8                ll_conn_free_enc_txn_buffer

i.ll_conn_fsm_update_channel_state
                0x000044fe        0x6
 i.ll_conn_fsm_update_channel_state
                0x000044fe        0x6 C:\Program Files (x86)\Cypress\PSoC Creator\3.3\PSoC Creator\psoc\content\cycomponentlibrary\CyComponentLibrary.cylib\BLE_v2_30\Library\gccCyBLEStack_BLE_SOC_PERIPHERAL.a(ll_connection.o)
                0x000044fe                ll_conn_fsm_update_channel_state

i.ll_conn_fsm_update_conn_update_state
                0x00004504        0x6
 i.ll_conn_fsm_update_conn_update_state
                0x00004504        0x6 C:\Program Files (x86)\Cypress\PSoC Creator\3.3\PSoC Creator\psoc\content\cycomponentlibrary\CyComponentLibrary.cylib\BLE_v2_30\Library\gccCyBLEStack_BLE_SOC_PERIPHERAL.a(ll_connection.o)
                0x00004504                ll_conn_fsm_update_conn_update_state

i.ll_conn_fsm_update_enc_state
                0x0000450a        0x6
 i.ll_conn_fsm_update_enc_state
                0x0000450a        0x6 C:\Program Files (x86)\Cypress\PSoC Creator\3.3\PSoC Creator\psoc\content\cycomponentlibrary\CyComponentLibrary.cylib\BLE_v2_30\Library\gccCyBLEStack_BLE_SOC_PERIPHERAL.a(ll_connection.o)
                0x0000450a                ll_conn_fsm_update_enc_state

i.ll_conn_fsm_update_state
                0x00004510        0x4
 i.ll_conn_fsm_update_state
                0x00004510        0x4 C:\Program Files (x86)\Cypress\PSoC Creator\3.3\PSoC Creator\psoc\content\cycomponentlibrary\CyComponentLibrary.cylib\BLE_v2_30\Library\gccCyBLEStack_BLE_SOC_PERIPHERAL.a(ll_connection.o)
                0x00004510                ll_conn_fsm_update_state

i.ll_conn_handle_data_pdu_from_host_when_data_paused
                0x00004514        0x8
 i.ll_conn_handle_data_pdu_from_host_when_data_paused
                0x00004514        0x8 C:\Program Files (x86)\Cypress\PSoC Creator\3.3\PSoC Creator\psoc\content\cycomponentlibrary\CyComponentLibrary.cylib\BLE_v2_30\Library\gccCyBLEStack_BLE_SOC_PERIPHERAL.a(ll_connection.o)
                0x00004514                ll_conn_handle_data_pdu_from_host_when_data_paused

i.ll_conn_handle_direct_adv_timeout
                0x0000451c       0x2a
 i.ll_conn_handle_direct_adv_timeout
                0x0000451c       0x2a C:\Program Files (x86)\Cypress\PSoC Creator\3.3\PSoC Creator\psoc\content\cycomponentlibrary\CyComponentLibrary.cylib\BLE_v2_30\Library\gccCyBLEStack_BLE_SOC_PERIPHERAL.a(ll_connection.o)
                0x0000451c                ll_conn_handle_direct_adv_timeout

i.ll_conn_handle_ping_timer_expired_interrupt
                0x00004548       0x1c
 i.ll_conn_handle_ping_timer_expired_interrupt
                0x00004548       0x1c C:\Program Files (x86)\Cypress\PSoC Creator\3.3\PSoC Creator\psoc\content\cycomponentlibrary\CyComponentLibrary.cylib\BLE_v2_30\Library\gccCyBLEStack_BLE_SOC_PERIPHERAL.a(ll_connection.o)
                0x00004548                ll_conn_handle_ping_timer_expired_interrupt

i.ll_conn_handle_ping_timer_nearly_expired_interrupt
                0x00004564       0x20
 i.ll_conn_handle_ping_timer_nearly_expired_interrupt
                0x00004564       0x20 C:\Program Files (x86)\Cypress\PSoC Creator\3.3\PSoC Creator\psoc\content\cycomponentlibrary\CyComponentLibrary.cylib\BLE_v2_30\Library\gccCyBLEStack_BLE_SOC_PERIPHERAL.a(ll_connection.o)
                0x00004564                ll_conn_handle_ping_timer_nearly_expired_interrupt

i.ll_conn_handle_stop_connectable_adv
                0x00004584       0x12
 i.ll_conn_handle_stop_connectable_adv
                0x00004584       0x12 C:\Program Files (x86)\Cypress\PSoC Creator\3.3\PSoC Creator\psoc\content\cycomponentlibrary\CyComponentLibrary.cylib\BLE_v2_30\Library\gccCyBLEStack_BLE_SOC_PERIPHERAL.a(ll_connection.o)
                0x00004584                ll_conn_handle_stop_connectable_adv

i.ll_conn_process_pending_transactions
                0x00004596        0x4
 i.ll_conn_process_pending_transactions
                0x00004596        0x4 C:\Program Files (x86)\Cypress\PSoC Creator\3.3\PSoC Creator\psoc\content\cycomponentlibrary\CyComponentLibrary.cylib\BLE_v2_30\Library\gccCyBLEStack_BLE_SOC_PERIPHERAL.a(ll_connection.o)
                0x00004596                ll_conn_process_pending_transactions

i.ll_conn_program_authenticated_payload_timer
                0x0000459c       0x50
 i.ll_conn_program_authenticated_payload_timer
                0x0000459c       0x50 C:\Program Files (x86)\Cypress\PSoC Creator\3.3\PSoC Creator\psoc\content\cycomponentlibrary\CyComponentLibrary.cylib\BLE_v2_30\Library\gccCyBLEStack_BLE_SOC_PERIPHERAL.a(ll_connection.o)
                0x0000459c                ll_conn_program_authenticated_payload_timer

i.ll_conn_read_data_pdu_from_hardware
                0x000045ec       0x14
 i.ll_conn_read_data_pdu_from_hardware
                0x000045ec       0x14 C:\Program Files (x86)\Cypress\PSoC Creator\3.3\PSoC Creator\psoc\content\cycomponentlibrary\CyComponentLibrary.cylib\BLE_v2_30\Library\gccCyBLEStack_BLE_SOC_PERIPHERAL.a(ll_connection.o)
                0x000045ec                ll_conn_read_data_pdu_from_hardware

i.ll_conn_send_ping_req_pdu
                0x00004600       0x40
 i.ll_conn_send_ping_req_pdu
                0x00004600       0x40 C:\Program Files (x86)\Cypress\PSoC Creator\3.3\PSoC Creator\psoc\content\cycomponentlibrary\CyComponentLibrary.cylib\BLE_v2_30\Library\gccCyBLEStack_BLE_SOC_PERIPHERAL.a(ll_connection.o)
                0x00004600                ll_conn_send_ping_req_pdu

i.ll_conn_store_pending_tx_pdu
                0x00004640       0x1a
 i.ll_conn_store_pending_tx_pdu
                0x00004640       0x1a C:\Program Files (x86)\Cypress\PSoC Creator\3.3\PSoC Creator\psoc\content\cycomponentlibrary\CyComponentLibrary.cylib\BLE_v2_30\Library\gccCyBLEStack_BLE_SOC_PERIPHERAL.a(ll_connection.o)
                0x00004640                ll_conn_store_pending_tx_pdu

i.ll_conn_update_rssi
                0x0000465a       0x16
 i.ll_conn_update_rssi
                0x0000465a       0x16 C:\Program Files (x86)\Cypress\PSoC Creator\3.3\PSoC Creator\psoc\content\cycomponentlibrary\CyComponentLibrary.cylib\BLE_v2_30\Library\gccCyBLEStack_BLE_SOC_PERIPHERAL.a(ll_connection.o)
                0x0000465a                ll_conn_update_rssi

i.ll_convert_hci_llid_to_ll_llid_host_to_controller
                0x00004670        0x8
 i.ll_convert_hci_llid_to_ll_llid_host_to_controller
                0x00004670        0x8 C:\Program Files (x86)\Cypress\PSoC Creator\3.3\PSoC Creator\psoc\content\cycomponentlibrary\CyComponentLibrary.cylib\BLE_v2_30\Library\gccCyBLEStack_BLE_SOC_PERIPHERAL.a(ll_connection.o)
                0x00004670                ll_convert_hci_llid_to_ll_llid_host_to_controller

i.ll_convert_ll_llid_to_hci_llid_controller_to_host
                0x00004678        0x2
 i.ll_convert_ll_llid_to_hci_llid_controller_to_host
                0x00004678        0x2 C:\Program Files (x86)\Cypress\PSoC Creator\3.3\PSoC Creator\psoc\content\cycomponentlibrary\CyComponentLibrary.cylib\BLE_v2_30\Library\gccCyBLEStack_BLE_SOC_PERIPHERAL.a(ll_connection.o)
                0x00004678                ll_convert_ll_llid_to_hci_llid_controller_to_host

i.ll_decode_and_program_connect_req
                0x0000467c       0xec
 i.ll_decode_and_program_connect_req
                0x0000467c       0xec C:\Program Files (x86)\Cypress\PSoC Creator\3.3\PSoC Creator\psoc\content\cycomponentlibrary\CyComponentLibrary.cylib\BLE_v2_30\Library\gccCyBLEStack_BLE_SOC_PERIPHERAL.a(ll_connection.o)
                0x0000467c                ll_decode_and_program_connect_req

i.ll_enc_fsm_derive_session_key
                0x00004768       0x46
 i.ll_enc_fsm_derive_session_key
                0x00004768       0x46 C:\Program Files (x86)\Cypress\PSoC Creator\3.3\PSoC Creator\psoc\content\cycomponentlibrary\CyComponentLibrary.cylib\BLE_v2_30\Library\gccCyBLEStack_BLE_SOC_PERIPHERAL.a(ll_connection.o)
                0x00004768                ll_enc_fsm_derive_session_key

i.ll_enc_handle_enc_complete
                0x000047ae       0x68
 i.ll_enc_handle_enc_complete
                0x000047ae       0x68 C:\Program Files (x86)\Cypress\PSoC Creator\3.3\PSoC Creator\psoc\content\cycomponentlibrary\CyComponentLibrary.cylib\BLE_v2_30\Library\gccCyBLEStack_BLE_SOC_PERIPHERAL.a(ll_connection.o)
                0x000047ae                ll_enc_handle_enc_complete

i.ll_enc_handle_enc_failure
                0x00004818       0xa4
 i.ll_enc_handle_enc_failure
                0x00004818       0xa4 C:\Program Files (x86)\Cypress\PSoC Creator\3.3\PSoC Creator\psoc\content\cycomponentlibrary\CyComponentLibrary.cylib\BLE_v2_30\Library\gccCyBLEStack_BLE_SOC_PERIPHERAL.a(ll_connection.o)